Component: ARM Compiler 5.06 update 3 (build 300) Tool: armlink [4d35c9]

==============================================================================

Section Cross References

    main.o(i.area_0x7f) refers to control.o(i.Control_Cal_Gray) for Control_Cal_Gray
    main.o(i.area_0x7f) refers to control.o(.data) for CON_grayrequest
    main.o(i.area_0x7f) refers to main.o(.data) for iscross
    main.o(i.area_21_circle_status0_beta) refers to control.o(i.Control_Stop) for Control_Stop
    main.o(i.area_21_circle_status0_beta) refers to main.o(i.o_to_b_beta) for o_to_b_beta
    main.o(i.area_21_circle_status0_beta) refers to main.o(i.b_to_low_beta) for b_to_low_beta
    main.o(i.area_21_circle_status0_beta) refers to main.o(i.o_to_low_beta) for o_to_low_beta
    main.o(i.area_21_circle_status0_beta) refers to main.o(i.low_beta) for low_beta
    main.o(i.area_21_circle_status0_beta) refers to main.o(i.send_first) for send_first
    main.o(i.area_21_circle_status0_beta) refers to main.o(i.low_to_b_beta) for low_to_b_beta
    main.o(i.area_21_circle_status0_beta) refers to main.o(i.b_to_o_beta) for b_to_o_beta
    main.o(i.area_21_circle_status0_beta) refers to main.o(i.low_to_o_beta) for low_to_o_beta
    main.o(i.area_21_circle_status0_beta) refers to control.o(i.Control_Set_PID) for Control_Set_PID
    main.o(i.area_21_circle_status0_beta) refers to control.o(i.Control_PID_Begin) for Control_PID_Begin
    main.o(i.area_21_circle_status0_beta) refers to delay.o(i.delay_ms) for delay_ms
    main.o(i.area_21_circle_status0_beta) refers to control.o(i.Control_Cal_Gray) for Control_Cal_Gray
    main.o(i.area_21_circle_status0_beta) refers to main.o(.data) for area
    main.o(i.area_21_circle_status0_beta) refers to control.o(.data) for CON_grayrequest
    main.o(i.area_21_circle_status1_beta) refers to control.o(i.Control_Stop) for Control_Stop
    main.o(i.area_21_circle_status1_beta) refers to main.o(i.o_to_c_beta) for o_to_c_beta
    main.o(i.area_atpoint_status0) refers to control.o(i.Control_Stop) for Control_Stop
    main.o(i.area_atpoint_status0) refers to control.o(i.Control_Straight_only) for Control_Straight_only
    main.o(i.area_atpoint_status0) refers to delay.o(i.delay_ms) for delay_ms
    main.o(i.area_atpoint_status0) refers to control.o(i.Control_PID_Begin) for Control_PID_Begin
    main.o(i.area_atpoint_status0) refers to control.o(i.Control_Cal_Gray) for Control_Cal_Gray
    main.o(i.area_atpoint_status0) refers to main.o(.data) for area
    main.o(i.area_atpoint_status0) refers to control.o(.data) for CON_grayrequest
    main.o(i.area_atpoint_status1) refers to control.o(i.Control_Stop) for Control_Stop
    main.o(i.area_atpoint_status1) refers to control.o(i.Control_Straight_only) for Control_Straight_only
    main.o(i.area_atpoint_status1) refers to delay.o(i.delay_ms) for delay_ms
    main.o(i.area_atpoint_status1) refers to control.o(i.Control_PID_Begin) for Control_PID_Begin
    main.o(i.area_atpoint_status1) refers to control.o(i.Control_Cal_Gray) for Control_Cal_Gray
    main.o(i.area_atpoint_status1) refers to main.o(.data) for area
    main.o(i.area_atpoint_status1) refers to control.o(.data) for CON_grayrequest
    main.o(i.area_betweenpoint_status0) refers to control.o(i.Control_Cal_Gray) for Control_Cal_Gray
    main.o(i.area_betweenpoint_status0) refers to control.o(.data) for CON_grayrequest
    main.o(i.area_betweenpoint_status0) refers to main.o(.data) for left
    main.o(i.area_betweenpoint_status1) refers to control.o(i.Control_Cal_Gray) for Control_Cal_Gray
    main.o(i.area_betweenpoint_status1) refers to main.o(.data) for fetch_flag
    main.o(i.area_betweenpoint_status1) refers to control.o(.data) for CON_grayrequest
    main.o(i.area_fetchline) refers to control.o(i.Control_Reset_PID) for Control_Reset_PID
    main.o(i.area_fetchline) refers to control.o(i.Control_Set_PID) for Control_Set_PID
    main.o(i.area_fetchline) refers to control.o(i.Control_PID_Begin) for Control_PID_Begin
    main.o(i.area_fetchline) refers to main.o(i.detect_distance) for detect_distance
    main.o(i.area_fetchline) refers to control.o(i.Control_Stop) for Control_Stop
    main.o(i.area_fetchline) refers to h_stm.o(i.send_instruction) for send_instruction
    main.o(i.area_fetchline) refers to control.o(i.Control_Cal_Gray) for Control_Cal_Gray
    main.o(i.area_fetchline) refers to main.o(.data) for area
    main.o(i.area_fetchline) refers to control.o(.data) for CON_grayrequest
    main.o(i.b_to_low_beta) refers to control.o(i.Control_Set_PID) for Control_Set_PID
    main.o(i.b_to_low_beta) refers to control.o(i.Control_PID_Begin) for Control_PID_Begin
    main.o(i.b_to_low_beta) refers to control.o(i.Control_Cal_Gray) for Control_Cal_Gray
    main.o(i.b_to_low_beta) refers to control.o(i.Control_Stop) for Control_Stop
    main.o(i.b_to_low_beta) refers to control.o(i.Control_Rotate) for Control_Rotate
[...]
    .ARM.Collect$$libshutdown$$00000002      0x080001b4   Section        0  libshutdown2.o(.ARM.Collect$$libshutdown$$00000002)
    .ARM.Collect$$libshutdown$$00000004      0x080001b4   Section        0  libshutdown2.o(.ARM.Collect$$libshutdown$$00000004)
    .ARM.Collect$$libshutdown$$00000007      0x080001b4   Section        0  libshutdown2.o(.ARM.Collect$$libshutdown$$00000007)
    .ARM.Collect$$libshutdown$$0000000A      0x080001b4   Section        0  libshutdown2.o(.ARM.Collect$$libshutdown$$0000000A)
    .ARM.Collect$$libshutdown$$0000000C      0x080001b4   Section        0  libshutdown2.o(.ARM.Collect$$libshutdown$$0000000C)
    .ARM.Collect$$libshutdown$$0000000F      0x080001b4   Section        0  libshutdown2.o(.ARM.Collect$$libshutdown$$0000000F)
    .ARM.Collect$$libshutdown$$00000010      0x080001b4   Section        2  libshutdown2.o(.ARM.Collect$$libshutdown$$00000010)
    .ARM.Collect$$rtentry$$00000000          0x080001b6   Section        0  __rtentry.o(.ARM.Collect$$rtentry$$00000000)
    .ARM.Collect$$rtentry$$00000002          0x080001b6   Section        0  __rtentry2.o(.ARM.Collect$$rtentry$$00000002)
    .ARM.Collect$$rtentry$$00000004          0x080001b6   Section        6  __rtentry4.o(.ARM.Collect$$rtentry$$00000004)
    .ARM.Collect$$rtentry$$00000009          0x080001bc   Section        0  __rtentry2.o(.ARM.Collect$$rtentry$$00000009)
    .ARM.Collect$$rtentry$$0000000A          0x080001bc   Section        4  __rtentry2.o(.ARM.Collect$$rtentry$$0000000A)
    .ARM.Collect$$rtentry$$0000000C          0x080001c0   Section        0  __rtentry2.o(.ARM.Collect$$rtentry$$0000000C)
    .ARM.Collect$$rtentry$$0000000D          0x080001c0   Section        8  __rtentry2.o(.ARM.Collect$$rtentry$$0000000D)
    .ARM.Collect$$rtexit$$00000000           0x080001c8   Section        2  rtexit.o(.ARM.Collect$$rtexit$$00000000)
    .ARM.Collect$$rtexit$$00000002           0x080001ca   Section        0  rtexit2.o(.ARM.Collect$$rtexit$$00000002)
    .ARM.Collect$$rtexit$$00000003           0x080001ca   Section        4  rtexit2.o(.ARM.Collect$$rtexit$$00000003)
    .ARM.Collect$$rtexit$$00000004           0x080001ce   Section        6  rtexit2.o(.ARM.Collect$$rtexit$$00000004)
    .text                                    0x080001d4   Section       64  startup_stm32f10x_hd.o(.text)
    .text                                    0x08000214   Section        2  use_no_semi_2.o(.text)
    .text                                    0x08000218   Section        0  noretval__2sprintf.o(.text)
    .text                                    0x08000240   Section        0  __printf.o(.text)
    .text                                    0x080002a8   Section        0  _printf_dec.o(.text)
    .text                                    0x08000320   Section        0  heapauxi.o(.text)
    .text                                    0x08000326   Section        2  use_no_semi.o(.text)
    .text                                    0x08000328   Section        0  _printf_intcommon.o(.text)
    .text                                    0x080003dc   Section        0  _printf_char_common.o(.text)
    _printf_input_char                       0x080003dd   Thumb Code    10  _printf_char_common.o(.text)
    .text                                    0x0800040c   Section        0  _sputc.o(.text)
    .text                                    0x08000416   Section       74  sys_stackheap_outer.o(.text)
    .text                                    0x08000460   Section        0  exit.o(.text)
    .text                                    0x08000474   Section        8  libspace.o(.text)
    i.BusFault_Handler                       0x0800047c   Section        0  stm32f10x_it.o(i.BusFault_Handler)
    i.CalculFromGray                         0x08000480   Section        0  gray.o(i.CalculFromGray)
    i.Control_Begin_Only                     0x080006d4   Section        0  control.o(i.Control_Begin_Only)
    i.Control_Cal_Gray                       0x080006e4   Section        0  control.o(i.Control_Cal_Gray)
    i.Control_PID_Begin                      0x08000760   Section        0  control.o(i.Control_PID_Begin)
    i.Control_PID_Stop                       0x08000774   Section        0  control.o(i.Control_PID_Stop)
    i.Control_Reset_PID                      0x08000784   Section        0  control.o(i.Control_Reset_PID)
    i.Control_Rotate                         0x080007bc   Section        0  control.o(i.Control_Rotate)
    i.Control_Set_PID                        0x080007e4   Section        0  control.o(i.Control_Set_PID)
    i.Control_Stop                           0x0800082c   Section        0  control.o(i.Control_Stop)
    i.Control_Stop_only                      0x08000838   Section        0  control.o(i.Control_Stop_only)
    i.Control_Straight                       0x08000844   Section        0  control.o(i.Control_Straight)
    i.Control_Straight_only                  0x08000dc8   Section        0  control.o(i.Control_Straight_only)
    i.Control_grayInit                       0x08000de0   Section        0  control.o(i.Control_grayInit)
    i.Control_pidInit                        0x08000de8   Section        0  control.o(i.Control_pidInit)
    i.Control_pwmInit                        0x08000e7c   Section        0  control.o(i.Control_pwmInit)
    i.Control_rotate_beta                    0x08000ec4   Section        0  control.o(i.Control_rotate_beta)
    i.DebugMon_Handler                       0x08000f1c   Section        0  stm32f10x_it.o(i.DebugMon_Handler)
    i.EXTI4_IRQHandler                       0x08000f20   Section        0  ultrasonic.o(i.EXTI4_IRQHandler)
    i.EXTI_ClearITPendingBit                 0x08000fbc   Section        0  stm32f10x_exti.o(i.EXTI_ClearITPendingBit)
    i.EXTI_GetITStatus                       0x08000fc8   Section        0  stm32f10x_exti.o(i.EXTI_GetITStatus)
    i.End                                    0x08000ff0   Section        0  h_stm.o(i.End)
    i.Fly                                    0x0800107c   Section        0  h_stm.o(i.Fly)
    i.GPIO_Init                              0x080010f4   Section        0  stm32f10x_gpio.o(i.GPIO_Init)
    i.GPIO_PinRemapConfig                    0x0800120c   Section        0  stm32f10x_gpio.o(i.GPIO_PinRemapConfig)
    i.GPIO_ResetBits                         0x0800129c   Section        0  stm32f10x_gpio.o(i.GPIO_ResetBits)
    i.GPIO_SetBits                           0x080012a0   Section        0  stm32f10x_gpio.o(i.GPIO_SetBits)
    i.Gray_Init                              0x080012a4   Section        0  gray.o(i.Gray_Init)
    i.HardFault_Handler                      0x080012f0   Section        0  stm32f10x_it.o(i.HardFault_Handler)
    i.Left_catch                             0x080012f4   Section        0  h_stm.o(i.Left_catch)
    i.Left_put                               0x08001374   Section        0  h_stm.o(i.Left_put)
    i.MemManage_Handler                      0x080013e8   Section        0  stm32f10x_it.o(i.MemManage_Handler)
    i.NMI_Handler                            0x080013ec   Section        0  stm32f10x_it.o(i.NMI_Handler)
    i.NVIC_Init                              0x080013f0   Section        0  misc.o(i.NVIC_Init)
    i.NVIC_PriorityGroupConfig               0x08001460   Section        0  misc.o(i.NVIC_PriorityGroupConfig)
    i.PWMrotateInit                          0x08001474   Section        0  pwm.o(i.PWMrotateInit)
    i.PWMstraightInit                        0x08001488   Section        0  pwm.o(i.PWMstraightInit)
    i.PendSV_Handler                         0x0800149c   Section        0  stm32f10x_it.o(i.PendSV_Handler)
    i.Put_falg                               0x080014a0   Section        0  h_stm.o(i.Put_falg)
    i.RCC_APB1PeriphClockCmd                 0x08001518   Section        0  stm32f10x_rcc.o(i.RCC_APB1PeriphClockCmd)
    i.RCC_APB2PeriphClockCmd                 0x08001538   Section        0  stm32f10x_rcc.o(i.RCC_APB2PeriphClockCmd)
    i.RCC_GetClocksFreq                      0x08001558   Section        0  stm32f10x_rcc.o(i.RCC_GetClocksFreq)
    i.Read_Gray                              0x0800162c   Section        0  gray.o(i.Read_Gray)
    i.Read_Gray0                             0x080016a4   Section        0  gray.o(i.Read_Gray0)
    i.Read_Gray1                             0x080016d8   Section        0  gray.o(i.Read_Gray1)
    i.Read_Gray2                             0x0800170c   Section        0  gray.o(i.Read_Gray2)
    i.Read_Gray3                             0x08001730   Section        0  gray.o(i.Read_Gray3)
    i.Right_catch                            0x08001754   Section        0  h_stm.o(i.Right_catch)
    i.Right_put                              0x080017d4   Section        0  h_stm.o(i.Right_put)
    i.SVC_Handler                            0x08001848   Section        0  stm32f10x_it.o(i.SVC_Handler)
    i.SetSysClock                            0x0800184a   Section        0  system_stm32f10x.o(i.SetSysClock)
    SetSysClock                              0x0800184b   Thumb Code     8  system_stm32f10x.o(i.SetSysClock)
    i.SetSysClockTo72                        0x08001854   Section        0  system_stm32f10x.o(i.SetSysClockTo72)
    SetSysClockTo72                          0x08001855   Thumb Code   214  system_stm32f10x.o(i.SetSysClockTo72)
    i.SysTick_CLKSourceConfig                0x08001934   Section        0  misc.o(i.SysTick_CLKSourceConfig)
    i.SysTick_Handler                        0x0800195c   Section        0  stm32f10x_it.o(i.SysTick_Handler)
    i.SystemInit                             0x08001960   Section        0  system_stm32f10x.o(i.SystemInit)
    i.TIM2_IRQHandler                        0x080019c0   Section        0  raspi.o(i.TIM2_IRQHandler)
    i.TIM2_Int_Init                          0x080019d6   Section        0  raspi.o(i.TIM2_Int_Init)
    i.TIM3_IRQHandler                        0x08001a34   Section        0  pwm.o(i.TIM3_IRQHandler)
    i.TIM3_PWM_Init                          0x08001a64   Section        0  pwm.o(i.TIM3_PWM_Init)
    i.TIM4_IRQHandler                        0x08001ba4   Section        0  control.o(i.TIM4_IRQHandler)
    i.TIM4_Int_Init                          0x08001bf4   Section        0  control.o(i.TIM4_Int_Init)
    i.TIM5_Configuration                     0x08001c50   Section        0  ultrasonic.o(i.TIM5_Configuration)
    i.TIM5_IRQHandler                        0x08001c90   Section        0  ultrasonic.o(i.TIM5_IRQHandler)
    i.TIM5_TEST_GPIO_init                    0x08001d1c   Section        0  ultrasonic.o(i.TIM5_TEST_GPIO_init)
    i.TIM_ARRPreloadConfig                   0x08001d48   Section        0  stm32f10x_tim.o(i.TIM_ARRPreloadConfig)
    i.TIM_ClearITPendingBit                  0x08001d60   Section        0  stm32f10x_tim.o(i.TIM_ClearITPendingBit)
    i.TIM_Cmd                                0x08001d66   Section        0  stm32f10x_tim.o(i.TIM_Cmd)
    i.TIM_GetCounter                         0x08001d7e   Section        0  stm32f10x_tim.o(i.TIM_GetCounter)
    i.TIM_GetITStatus                        0x08001d84   Section        0  stm32f10x_tim.o(i.TIM_GetITStatus)
    i.TIM_ITConfig                           0x08001da6   Section        0  stm32f10x_tim.o(i.TIM_ITConfig)
    i.TIM_OC1Init                            0x08001db8   Section        0  stm32f10x_tim.o(i.TIM_OC1Init)
    i.TIM_OC1PreloadConfig                   0x08001e50   Section        0  stm32f10x_tim.o(i.TIM_OC1PreloadConfig)
    i.TIM_OC2Init                            0x08001e64   Section        0  stm32f10x_tim.o(i.TIM_OC2Init)
    i.TIM_OC2PreloadConfig                   0x08001f08   Section        0  stm32f10x_tim.o(i.TIM_OC2PreloadConfig)
    i.TIM_OC3Init                            0x08001f24   Section        0  stm32f10x_tim.o(i.TIM_OC3Init)
    i.TIM_OC3PreloadConfig                   0x08001fc4   Section        0  stm32f10x_tim.o(i.TIM_OC3PreloadConfig)
    i.TIM_OC4Init                            0x08001fd8   Section        0  stm32f10x_tim.o(i.TIM_OC4Init)
    i.TIM_OC4PreloadConfig                   0x08002054   Section        0  stm32f10x_tim.o(i.TIM_OC4PreloadConfig)
    i.TIM_SetCompare1                        0x0800206e   Section        0  stm32f10x_tim.o(i.TIM_SetCompare1)
    i.TIM_SetCompare2                        0x08002072   Section        0  stm32f10x_tim.o(i.TIM_SetCompare2)
    i.TIM_SetCompare3                        0x08002076   Section        0  stm32f10x_tim.o(i.TIM_SetCompare3)
    i.TIM_SetCompare4                        0x0800207a   Section        0  stm32f10x_tim.o(i.TIM_SetCompare4)
    i.TIM_TimeBaseInit                       0x08002080   Section        0  stm32f10x_tim.o(i.TIM_TimeBaseInit)
    i.USART1_IRQHandler                      0x08002124   Section        0  usart.o(i.USART1_IRQHandler)
    i.USART2_IRQHandler                      0x080021bc   Section        0  usart.o(i.USART2_IRQHandler)
    i.USART_Cmd                              0x08002250   Section        0  stm32f10x_usart.o(i.USART_Cmd)
    i.USART_GetFlagStatus                    0x08002268   Section        0  stm32f10x_usart.o(i.USART_GetFlagStatus)
    i.USART_GetITStatus                      0x08002282   Section        0  stm32f10x_usart.o(i.USART_GetITStatus)
    i.USART_ITConfig                         0x080022d6   Section        0  stm32f10x_usart.o(i.USART_ITConfig)
    i.USART_Init                             0x08002320   Section        0  stm32f10x_usart.o(i.USART_Init)
    i.USART_ReceiveData                      0x080023f8   Section        0  stm32f10x_usart.o(i.USART_ReceiveData)
    i.USART_SendData                         0x08002402   Section        0  stm32f10x_usart.o(i.USART_SendData)
    i.UsageFault_Handler                     0x0800240a   Section        0  stm32f10x_it.o(i.UsageFault_Handler)
    i.Usart_SendString                       0x0800240e   Section        0  usart.o(i.Usart_SendString)
    i._sys_exit                              0x08002444   Section        0  usart.o(i._sys_exit)
    i.adjust                                 0x0800244c   Section        0  pwm.o(i.adjust)
    i.area_0x7f                              0x080024f4   Section        0  main.o(i.area_0x7f)
    i.area_21_circle_status0_beta            0x080025d0   Section        0  main.o(i.area_21_circle_status0_beta)
    i.area_21_circle_status1_beta            0x08002724   Section        0  main.o(i.area_21_circle_status1_beta)
    i.area_atpoint_status0                   0x0800272c   Section        0  main.o(i.area_atpoint_status0)
    i.area_atpoint_status1                   0x08002868   Section        0  main.o(i.area_atpoint_status1)
    i.area_betweenpoint_status0              0x080029e8   Section        0  main.o(i.area_betweenpoint_status0)
    i.area_betweenpoint_status1              0x08002a58   Section        0  main.o(i.area_betweenpoint_status1)
    i.area_fetchline                         0x08002b24   Section        0  main.o(i.area_fetchline)
    i.b_to_low_beta                          0x08002e0c   Section        0  main.o(i.b_to_low_beta)
    i.b_to_o_beta                            0x08002f20   Section        0  main.o(i.b_to_o_beta)
    i.connect_raspi                          0x0800302c   Section        0  raspi.o(i.connect_raspi)
    i.delay_init                             0x080030b0   Section        0  delay.o(i.delay_init)
    i.delay_ms                               0x080030f4   Section        0  delay.o(i.delay_ms)
    i.delay_us                               0x08003140   Section        0  delay.o(i.delay_us)
    i.detect_distance                        0x0800318c   Section        0  main.o(i.detect_distance)
    i.get_motor                              0x080031a8   Section        0  usart.o(i.get_motor)
    i.increpid                               0x08003704   Section        0  pid.o(i.increpid)
    i.low_beta                               0x08003780   Section        0  main.o(i.low_beta)
    i.low_to_b_beta                          0x0800383c   Section        0  main.o(i.low_to_b_beta)
    i.low_to_o_beta                          0x080039cc   Section        0  main.o(i.low_to_o_beta)
    i.main                                   0x08003a94   Section        0  main.o(i.main)
    i.move_stop                              0x08003c20   Section        0  pwm.o(i.move_stop)
    i.o_to_b_beta                            0x08003cc8   Section        0  main.o(i.o_to_b_beta)
    i.o_to_c_beta                            0x08003e40   Section        0  main.o(i.o_to_c_beta)
    i.o_to_low_beta                          0x08004090   Section        0  main.o(i.o_to_low_beta)
    i.pidInit                                0x08004164   Section        0  pid.o(i.pidInit)
    i.pidSetPoint                            0x08004176   Section        0  pid.o(i.pidSetPoint)
    i.pidSetpara                             0x0800417a   Section        0  pid.o(i.pidSetpara)
    i.resetPID                               0x08004182   Section        0  pid.o(i.resetPID)
    i.rotate                                 0x0800418c   Section        0  pwm.o(i.rotate)
    i.rotate_beta                            0x080042bc   Section        0  pwm.o(i.rotate_beta)
    i.send_first                             0x080043b8   Section        0  main.o(i.send_first)
    i.send_instruction                       0x080044d4   Section        0  h_stm.o(i.send_instruction)
    i.straight                               0x08004524   Section        0  pwm.o(i.straight)
    i.straight_only                          0x08004894   Section        0  pwm.o(i.straight_only)
    i.uart1_init                             0x08004a98   Section        0  usart.o(i.uart1_init)
    i.uart2_init                             0x08004b38   Section        0  usart.o(i.uart2_init)
    i.waite_F                                0x08004bdc   Section        0  h_stm.o(i.waite_F)
    i.waite_L                                0x08004bf4   Section        0  h_stm.o(i.waite_L)
    i.waite_P                                0x08004c0c   Section        0  h_stm.o(i.waite_P)
    i.waite_R                                0x08004c24   Section        0  h_stm.o(i.waite_R)
    x$fpl$d2f                                0x08004c3c   Section       98  d2f.o(x$fpl$d2f)
    x$fpl$dadd                               0x08004ca0   Section      336  daddsub_clz.o(x$fpl$dadd)
    _dadd1                                   0x08004cb1   Thumb Code     0  daddsub_clz.o(x$fpl$dadd)
    x$fpl$dcmpinf                            0x08004df0   Section       24  dcmpi.o(x$fpl$dcmpinf)
    x$fpl$ddiv                               0x08004e08   Section      688  ddiv.o(x$fpl$ddiv)
    ddiv_entry                               0x08004e0f   Thumb Code     0  ddiv.o(x$fpl$ddiv)
    x$fpl$dleqf                              0x080050b8   Section      120  dleqf.o(x$fpl$dleqf)
    x$fpl$dnaninf                            0x08005130   Section      156  dnaninf.o(x$fpl$dnaninf)
    x$fpl$dretinf                            0x080051cc   Section       12  dretinf.o(x$fpl$dretinf)
    x$fpl$drleqf                             0x080051d8   Section      108  drleqf.o(x$fpl$drleqf)
    x$fpl$dsub                               0x08005244   Section      468  daddsub_clz.o(x$fpl$dsub)
    _dsub1                                   0x08005255   Thumb Code     0  daddsub_clz.o(x$fpl$dsub)
    x$fpl$f2d                                0x08005418   Section       86  f2d.o(x$fpl$f2d)
    x$fpl$fadd                               0x08005470   Section      196  faddsub_clz.o(x$fpl$fadd)
    _fadd1                                   0x0800547f   Thumb Code     0  faddsub_clz.o(x$fpl$fadd)
    x$fpl$ffix                               0x08005534   Section       54  ffix.o(x$fpl$ffix)
    x$fpl$fflt                               0x0800556c   Section       48  fflt_clz.o(x$fpl$fflt)
    x$fpl$ffltu                              0x0800559c   Section       38  fflt_clz.o(x$fpl$ffltu)
    x$fpl$fmul                               0x080055c4   Section      258  fmul.o(x$fpl$fmul)
    x$fpl$fnaninf                            0x080056c6   Section      140  fnaninf.o(x$fpl$fnaninf)
    x$fpl$fretinf                            0x08005752   Section       10  fretinf.o(x$fpl$fretinf)
    x$fpl$frsb                               0x0800575c   Section       20  faddsub_clz.o(x$fpl$frsb)
    x$fpl$fsub                               0x08005770   Section      234  faddsub_clz.o(x$fpl$fsub)
    _fsub1                                   0x0800577f   Thumb Code     0  faddsub_clz.o(x$fpl$fsub)
    x$fpl$usenofp                            0x0800585a   Section        0  usenofp.o(x$fpl$usenofp)
    .constdata                               0x0800585c   Section       16  main.o(.constdata)
    .data                                    0x20000000   Section       72  main.o(.data)
    .data                                    0x20000048   Section       20  system_stm32f10x.o(.data)
    .data                                    0x2000005c   Section       25  control.o(.data)
    .data                                    0x20000075   Section        2  raspi.o(.data)
    .data                                    0x20000078   Section       21  ultrasonic.o(.data)
    .data                                    0x2000008e   Section        4  delay.o(.data)
    fac_us                                   0x2000008e   Data           1  delay.o(.data)
    fac_ms                                   0x20000090   Data           2  delay.o(.data)
    .data                                    0x20000094   Section       32  usart.o(.data)
    .data                                    0x200000b4   Section       20  stm32f10x_rcc.o(.data)
    APBAHBPrescTable                         0x200000b4   Data          16  stm32f10x_rcc.o(.data)
    ADCPrescTable                            0x200000c4   Data           4  stm32f10x_rcc.o(.data)
    .bss                                     0x200000c8   Section       80  gray.o(.bss)
    .bss                                     0x20000118   Section      112  control.o(.bss)
    .bss                                     0x20000188   Section       32  pwm.o(.bss)
    .bss                                     0x200001a8   Section        9  raspi.o(.bss)
    .bss                                     0x200001b1   Section      450  usart.o(.bss)
    .bss                                     0x20000374   Section       96  libspace.o(.bss)
    HEAP                                     0x200003d8   Section      512  startup_stm32f10x_hd.o(HEAP)
    Heap_Mem                                 0x200003d8   Data         512  startup_stm32f10x_hd.o(HEAP)
    STACK                                    0x200005d8   Section     1024  startup_stm32f10x_hd.o(STACK)
    Stack_Mem                                0x200005d8   Data        1024  startup_stm32f10x_hd.o(STACK)
    __initial_sp                             0x200009d8   Data           0  startup_stm32f10x_hd.o(STACK)

    Global Symbols

    Symbol Name                              Value     Ov Type        Size  Object(Section)

    BuildAttributes$$THM_ISAv4$P$D$K$B$S$PE$A:L22UL41UL21$X:L11$S22US41US21$IEEE1$IW$USESV6$~STKCKD$USESV7$~SHL$OSPACE$ROPI$EBA8$UX$STANDARDLIB$REQ8$PRES8$EABIv2 0x00000000   Number         0  anon$$obj.o ABSOLUTE
    __ARM_use_no_argv                        0x00000000   Number         0  main.o ABSOLUTE
    __ARM_exceptions_init                     - Undefined Weak Reference
    __alloca_initialize                       - Undefined Weak Reference
    __arm_preinit_                            - Undefined Weak Reference
    __cpp_initialize__aeabi_                  - Undefined Weak Reference
    __cxa_finalize                            - Undefined Weak Reference
    __rt_locale                               - Undefined Weak Reference
    __sigvec_lookup                           - Undefined Weak Reference
    _atexit_init                              - Undefined Weak Reference
    _call_atexit_fns                          - Undefined Weak Reference
    _clock_init                               - Undefined Weak Reference
    _fp_trap_init                             - Undefined Weak Reference
    _fp_trap_shutdown                         - Undefined Weak Reference
    _get_lc_collate                           - Undefined Weak Reference
    _get_lc_ctype                             - Undefined Weak Reference
    _get_lc_monetary                          - Undefined Weak Reference
    _get_lc_numeric                           - Undefined Weak Reference
    _get_lc_time                              - Undefined Weak Reference
    _getenv_init                              - Undefined Weak Reference
    _handle_redirection                       - Undefined Weak Reference
    _init_alloc                               - Undefined Weak Reference
    _init_user_alloc                          - Undefined Weak Reference
    _initio                                   - Undefined Weak Reference
    _printf_post_padding                      - Undefined Weak Reference
    _printf_pre_padding                       - Undefined Weak Reference
    _printf_truncate_signed                   - Undefined Weak Reference
    _printf_truncate_unsigned                 - Undefined Weak Reference
    _rand_init                                - Undefined Weak Reference
    _signal_finish                            - Undefined Weak Reference
    _signal_init                              - Undefined Weak Reference
    _terminate_alloc                          - Undefined Weak Reference
    _terminate_user_alloc                     - Undefined Weak Reference
    _terminateio                              - Undefined Weak Reference
    __Vectors_Size                           0x00000130   Number         0  startup_stm32f10x_hd.o ABSOLUTE
    __Vectors                                0x08000000   Data           4  startup_stm32f10x_hd.o(RESET)
    __Vectors_End                            0x08000130   Data           0  startup_stm32f10x_hd.o(RESET)
    __main                                   0x08000131   Thumb Code     8  __main.o(!!!main)
    __scatterload                            0x08000139   Thumb Code     0  __scatter.o(!!!scatter)
    __scatterload_rt2                        0x08000139   Thumb Code    44  __scatter.o(!!!scatter)
    __scatterload_rt2_thumb_only             0x08000139   Thumb Code     0  __scatter.o(!!!scatter)
    __scatterload_null                       0x08000147   Thumb Code     0  __scatter.o(!!!scatter)
    __scatterload_copy                       0x0800016d   Thumb Code    26  __scatter_copy.o(!!handler_copy)
    __scatterload_zeroinit                   0x08000189   Thumb Code    28  __scatter_zi.o(!!handler_zi)
    _printf_d                                0x080001a5   Thumb Code     0  _printf_d.o(.ARM.Collect$$_printf_percent$$00000009)
    _printf_percent                          0x080001a5   Thumb Code     0  _printf_percent.o(.ARM.Collect$$_printf_percent$$00000000)
    _printf_percent_end                      0x080001ab   Thumb Code     0  _printf_percent_end.o(.ARM.Collect$$_printf_percent$$00000017)
    __rt_lib_init                            0x080001af   Thumb Code     0  libinit.o(.ARM.Collect$$libinit$$00000000)
    __rt_lib_init_alloca_1                   0x080001b1   Thumb Code     0  libinit2.o(.ARM.Collect$$libinit$$0000002E)
    __rt_lib_init_argv_1                     0x080001b1   Thumb Code     0  libinit2.o(.ARM.Collect$$libinit$$0000002C)
    __rt_lib_init_atexit_1                   0x080001b1   Thumb Code     0  libinit2.o(.ARM.Collect$$libinit$$0000001B)
    __rt_lib_init_clock_1                    0x080001b1   Thumb Code     0  libinit2.o(.ARM.Collect$$libinit$$00000021)
    __rt_lib_init_cpp_1                      0x080001b1   Thumb Code     0  libinit2.o(.ARM.Collect$$libinit$$00000032)
    __rt_lib_init_exceptions_1               0x080001b1   Thumb Code     0  libinit2.o(.ARM.Collect$$libinit$$00000030)
    __rt_lib_init_fp_1                       0x080001b1   Thumb Code     0  libinit2.o(.ARM.Collect$$libinit$$00000002)
    __rt_lib_init_fp_trap_1                  0x080001b1   Thumb Code     0  libinit2.o(.ARM.Collect$$libinit$$0000001F)
    __rt_lib_init_getenv_1                   0x080001b1   Thumb Code     0  libinit2.o(.ARM.Collect$$libinit$$00000023)
    __rt_lib_init_heap_1                     0x080001b1   Thumb Code     0  libinit2.o(.ARM.Collect$$libinit$$0000000A)
    __rt_lib_init_lc_collate_1               0x080001b1   Thumb Code     0  libinit2.o(.ARM.Collect$$libinit$$00000011)
    __rt_lib_init_lc_ctype_1                 0x080001b1   Thumb Code     0  libinit2.o(.ARM.Collect$$libinit$$00000013)
    __rt_lib_init_lc_monetary_1              0x080001b1   Thumb Code     0  libinit2.o(.ARM.Collect$$libinit$$00000015)
    __rt_lib_init_lc_numeric_1               0x080001b1   Thumb Code     0  libinit2.o(.ARM.Collect$$libinit$$00000017)
    __rt_lib_init_lc_time_1                  0x080001b1   Thumb Code     0  libinit2.o(.ARM.Collect$$libinit$$00000019)
    __rt_lib_init_preinit_1                  0x080001b1   Thumb Code     0  libinit2.o(.ARM.Collect$$libinit$$00000004)
    __rt_lib_init_rand_1                     0x080001b1   Thumb Code     0  libinit2.o(.ARM.Collect$$libinit$$0000000E)
    __rt_lib_init_return                     0x080001b1   Thumb Code     0  libinit2.o(.ARM.Collect$$libinit$$00000033)
    __rt_lib_init_signal_1                   0x080001b1   Thumb Code     0  libinit2.o(.ARM.Collect$$libinit$$0000001D)
    __rt_lib_init_stdio_1                    0x080001b1   Thumb Code     0  libinit2.o(.ARM.Collect$$libinit$$00000025)
    __rt_lib_init_user_alloc_1               0x080001b1   Thumb Code     0  libinit2.o(.ARM.Collect$$libinit$$0000000C)
    __rt_lib_shutdown                        0x080001b3   Thumb Code     0  libshutdown.o(.ARM.Collect$$libshutdown$$00000000)
    __rt_lib_shutdown_cpp_1                  0x080001b5   Thumb Code     0  libshutdown2.o(.ARM.Collect$$libshutdown$$00000002)
    __rt_lib_shutdown_fp_trap_1              0x080001b5   Thumb Code     0  libshutdown2.o(.ARM.Collect$$libshutdown$$00000007)
    __rt_lib_shutdown_heap_1                 0x080001b5   Thumb Code     0  libshutdown2.o(.ARM.Collect$$libshutdown$$0000000F)
    __rt_lib_shutdown_return                 0x080001b5   Thumb Code     0  libshutdown2.o(.ARM.Collect$$libshutdown$$00000010)
    __rt_lib_shutdown_signal_1               0x080001b5   Thumb Code     0  libshutdown2.o(.ARM.Collect$$libshutdown$$0000000A)
    __rt_lib_shutdown_stdio_1                0x080001b5   Thumb Code     0  libshutdown2.o(.ARM.Collect$$libshutdown$$00000004)
    __rt_lib_shutdown_user_alloc_1           0x080001b5   Thumb Code     0  libshutdown2.o(.ARM.Collect$$libshutdown$$0000000C)
    __rt_entry                               0x080001b7   Thumb Code     0  __rtentry.o(.ARM.Collect$$rtentry$$00000000)
    __rt_entry_presh_1                       0x080001b7   Thumb Code     0  __rtentry2.o(.ARM.Collect$$rtentry$$00000002)
    __rt_entry_sh                            0x080001b7   Thumb Code     0  __rtentry4.o(.ARM.Collect$$rtentry$$00000004)
    __rt_entry_li                            0x080001bd   Thumb Code     0  __rtentry2.o(.ARM.Collect$$rtentry$$0000000A)
    __rt_entry_postsh_1                      0x080001bd   Thumb Code     0  __rtentry2.o(.ARM.Collect$$rtentry$$00000009)
    __rt_entry_main                          0x080001c1   Thumb Code     0  __rtentry2.o(.ARM.Collect$$rtentry$$0000000D)
    __rt_entry_postli_1                      0x080001c1   Thumb Code     0  __rtentry2.o(.ARM.Collect$$rtentry$$0000000C)
    __rt_exit                                0x080001c9   Thumb Code     0  rtexit.o(.ARM.Collect$$rtexit$$00000000)
    __rt_exit_ls                             0x080001cb   Thumb Code     0  rtexit2.o(.ARM.Collect$$rtexit$$00000003)
    __rt_exit_prels_1                        0x080001cb   Thumb Code     0  rtexit2.o(.ARM.Collect$$rtexit$$00000002)
    __rt_exit_exit                           0x080001cf   Thumb Code     0  rtexit2.o(.ARM.Collect$$rtexit$$00000004)
    Reset_Handler                            0x080001d5   Thumb Code     8  startup_stm32f10x_hd.o(.text)
    ADC1_2_IRQHandler                        0x080001ef   Thumb Code     0  startup_stm32f10x_hd.o(.text)
    ADC3_IRQHandler                          0x080001ef   Thumb Code     0  startup_stm32f10x_hd.o(.text)
    CAN1_RX1_IRQHandler                      0x080001ef   Thumb Code     0  startup_stm32f10x_hd.o(.text)
    CAN1_SCE_IRQHandler                      0x080001ef   Thumb Code     0  startup_stm32f10x_hd.o(.text)
    DMA1_Channel1_IRQHandler                 0x080001ef   Thumb Code     0  startup_stm32f10x_hd.o(.text)
    DMA1_Channel2_IRQHandler                 0x080001ef   Thumb Code     0  startup_stm32f10x_hd.o(.text)
    DMA1_Channel3_IRQHandler                 0x080001ef   Thumb Code     0  startup_stm32f10x_hd.o(.text)
    DMA1_Channel4_IRQHandler                 0x080001ef   Thumb Code     0  startup_stm32f10x_hd.o(.text)
    DMA1_Channel5_IRQHandler                 0x080001ef   Thumb Code     0  startup_stm32f10x_hd.o(.text)
    DMA1_Channel6_IRQHandler                 0x080001ef   Thumb Code     0  startup_stm32f10x_hd.o(.text)
    DMA1_Channel7_IRQHandler                 0x080001ef   Thumb Code     0  startup_stm32f10x_hd.o(.text)
    DMA2_Channel1_IRQHandler                 0x080001ef   Thumb Code     0  startup_stm32f10x_hd.o(.text)
    DMA2_Channel2_IRQHandler                 0x080001ef   Thumb Code     0  startup_stm32f10x_hd.o(.text)
    DMA2_Channel3_IRQHandler                 0x080001ef   Thumb Code     0  startup_stm32f10x_hd.o(.text)
    DMA2_Channel4_5_IRQHandler               0x080001ef   Thumb Code     0  startup_stm32f10x_hd.o(.text)
    EXTI0_IRQHandler                         0x080001ef   Thumb Code     0  startup_stm32f10x_hd.o(.text)
    EXTI15_10_IRQHandler                     0x080001ef   Thumb Code     0  startup_stm32f10x_hd.o(.text)
    EXTI1_IRQHandler                         0x080001ef   Thumb Code     0  startup_stm32f10x_hd.o(.text)
    EXTI2_IRQHandler                         0x080001ef   Thumb Code     0  startup_stm32f10x_hd.o(.text)
    EXTI3_IRQHandler                         0x080001ef   Thumb Code     0  startup_stm32f10x_hd.o(.text)
    EXTI9_5_IRQHandler                       0x080001ef   Thumb Code     0  startup_stm32f10x_hd.o(.text)
    FLASH_IRQHandler                         0x080001ef   Thumb Code     0  startup_stm32f10x_hd.o(.text)
    FSMC_IRQHandler                          0x080001ef   Thumb Code     0  startup_stm32f10x_hd.o(.text)
    I2C1_ER_IRQHandler                       0x080001ef   Thumb Code     0  startup_stm32f10x_hd.o(.text)
    I2C1_EV_IRQHandler                       0x080001ef   Thumb Code     0  startup_stm32f10x_hd.o(.text)
    I2C2_ER_IRQHandler                       0x080001ef   Thumb Code     0  startup_stm32f10x_hd.o(.text)
    I2C2_EV_IRQHandler                       0x080001ef   Thumb Code     0  startup_stm32f10x_hd.o(.text)
    PVD_IRQHandler                           0x080001ef   Thumb Code     0  startup_stm32f10x_hd.o(.text)
    RCC_IRQHandler                           0x080001ef   Thumb Code     0  startup_stm32f10x_hd.o(.text)
    RTCAlarm_IRQHandler                      0x080001ef   Thumb Code     0  startup_stm32f10x_hd.o(.text)
    RTC_IRQHandler                           0x080001ef   Thumb Code     0  startup_stm32f10x_hd.o(.text)
    SDIO_IRQHandler                          0x080001ef   Thumb Code     0  startup_stm32f10x_hd.o(.text)
    SPI1_IRQHandler                          0x080001ef   Thumb Code     0  startup_stm32f10x_hd.o(.text)
    SPI2_IRQHandler                          0x080001ef   Thumb Code     0  startup_stm32f10x_hd.o(.text)
    SPI3_IRQHandler                          0x080001ef   Thumb Code     0  startup_stm32f10x_hd.o(.text)
    TAMPER_IRQHandler                        0x080001ef   Thumb Code     0  startup_stm32f10x_hd.o(.text)
    TIM1_BRK_IRQHandler                      0x080001ef   Thumb Code     0  startup_stm32f10x_hd.o(.text)
    TIM1_CC_IRQHandler                       0x080001ef   Thumb Code     0  startup_stm32f10x_hd.o(.text)
    TIM1_TRG_COM_IRQHandler                  0x080001ef   Thumb Code     0  startup_stm32f10x_hd.o(.text)
    TIM1_UP_IRQHandler                       0x080001ef   Thumb Code     0  startup_stm32f10x_hd.o(.text)
    TIM6_IRQHandler                          0x080001ef   Thumb Code     0  startup_stm32f10x_hd.o(.text)
    TIM7_IRQHandler                          0x080001ef   Thumb Code     0  startup_stm32f10x_hd.o(.text)
    TIM8_BRK_IRQHandler                      0x080001ef   Thumb Code     0  startup_stm32f10x_hd.o(.text)
    TIM8_CC_IRQHandler                       0x080001ef   Thumb Code     0  startup_stm32f10x_hd.o(.text)
    TIM8_TRG_COM_IRQHandler                  0x080001ef   Thumb Code     0  startup_stm32f10x_hd.o(.text)
    TIM8_UP_IRQHandler                       0x080001ef   Thumb Code     0  startup_stm32f10x_hd.o(.text)
    UART4_IRQHandler                         0x080001ef   Thumb Code     0  startup_stm32f10x_hd.o(.text)
    UART5_IRQHandler                         0x080001ef   Thumb Code     0  startup_stm32f10x_hd.o(.text)
    USART3_IRQHandler                        0x080001ef   Thumb Code     0  startup_stm32f10x_hd.o(.text)
    USBWakeUp_IRQHandler                     0x080001ef   Thumb Code     0  startup_stm32f10x_hd.o(.text)
    USB_HP_CAN1_TX_IRQHandler                0x080001ef   Thumb Code     0  startup_stm32f10x_hd.o(.text)
    USB_LP_CAN1_RX0_IRQHandler               0x080001ef   Thumb Code     0  startup_stm32f10x_hd.o(.text)
    WWDG_IRQHandler                          0x080001ef   Thumb Code     0  startup_stm32f10x_hd.o(.text)
    __user_initial_stackheap                 0x080001f1   Thumb Code     0  startup_stm32f10x_hd.o(.text)
    __use_no_semihosting                     0x08000215   Thumb Code     2  use_no_semi_2.o(.text)
    __2sprintf                               0x08000219   Thumb Code    34  noretval__2sprintf.o(.text)
    __printf                                 0x08000241   Thumb Code   104  __printf.o(.text)
    _printf_int_dec                          0x080002a9   Thumb Code   104  _printf_dec.o(.text)
    __use_two_region_memory                  0x08000321   Thumb Code     2  heapauxi.o(.text)
    __rt_heap_escrow$2region                 0x08000323   Thumb Code     2  heapauxi.o(.text)
    __rt_heap_expand$2region                 0x08000325   Thumb Code     2  heapauxi.o(.text)
    __I$use$semihosting                      0x08000327   Thumb Code     0  use_no_semi.o(.text)
    __use_no_semihosting_swi                 0x08000327   Thumb Code     2  use_no_semi.o(.text)
    _printf_int_common                       0x08000329   Thumb Code   178  _printf_intcommon.o(.text)
    _printf_char_common                      0x080003e7   Thumb Code    32  _printf_char_common.o(.text)
    _sputc                                   0x0800040d   Thumb Code    10  _sputc.o(.text)
    __user_setup_stackheap                   0x08000417   Thumb Code    74  sys_stackheap_outer.o(.text)
    exit                                     0x08000461   Thumb Code    18  exit.o(.text)
    __user_libspace                          0x08000475   Thumb Code     8  libspace.o(.text)
    __user_perproc_libspace                  0x08000475   Thumb Code     0  libspace.o(.text)
    __user_perthread_libspace                0x08000475   Thumb Code     0  libspace.o(.text)
    BusFault_Handler                         0x0800047d   Thumb Code     4  stm32f10x_it.o(i.BusFault_Handler)
    CalculFromGray                           0x08000481   Thumb Code   576  gray.o(i.CalculFromGray)
    Control_Begin_Only                       0x080006d5   Thumb Code    16  control.o(i.Control_Begin_Only)
    Control_Cal_Gray                         0x080006e5   Thumb Code   116  control.o(i.Control_Cal_Gray)
    Control_PID_Begin                        0x08000761   Thumb Code    16  control.o(i.Control_PID_Begin)
    Control_PID_Stop                         0x08000775   Thumb Code    12  control.o(i.Control_PID_Stop)
    Control_Reset_PID                        0x08000785   Thumb Code    34  control.o(i.Control_Reset_PID)
    Control_Rotate                           0x080007bd   Thumb Code    40  control.o(i.Control_Rotate)
    Control_Set_PID                          0x080007e5   Thumb Code    56  control.o(i.Control_Set_PID)
    Control_Stop                             0x0800082d   Thumb Code    12  control.o(i.Control_Stop)
    Control_Stop_only                        0x08000839   Thumb Code    12  control.o(i.Control_Stop_only)
    Control_Straight                         0x08000845   Thumb Code  1378  control.o(i.Control_Straight)
    Control_Straight_only                    0x08000dc9   Thumb Code    24  control.o(i.Control_Straight_only)
    Control_grayInit                         0x08000de1   Thumb Code     8  control.o(i.Control_grayInit)
    Control_pidInit                          0x08000de9   Thumb Code   116  control.o(i.Control_pidInit)
    Control_pwmInit                          0x08000e7d   Thumb Code    62  control.o(i.Control_pwmInit)
    Control_rotate_beta                      0x08000ec5   Thumb Code    84  control.o(i.Control_rotate_beta)
    DebugMon_Handler                         0x08000f1d   Thumb Code     2  stm32f10x_it.o(i.DebugMon_Handler)
    EXTI4_IRQHandler                         0x08000f21   Thumb Code   126  ultrasonic.o(i.EXTI4_IRQHandler)
    EXTI_ClearITPendingBit                   0x08000fbd   Thumb Code     6  stm32f10x_exti.o(i.EXTI_ClearITPendingBit)
    EXTI_GetITStatus                         0x08000fc9   Thumb Code    34  stm32f10x_exti.o(i.EXTI_GetITStatus)
    End                                      0x08000ff1   Thumb Code   130  h_stm.o(i.End)
    Fly                                      0x0800107d   Thumb Code   112  h_stm.o(i.Fly)
    GPIO_Init                                0x080010f5   Thumb Code   278  stm32f10x_gpio.o(i.GPIO_Init)
    GPIO_PinRemapConfig                      0x0800120d   Thumb Code   138  stm32f10x_gpio.o(i.GPIO_PinRemapConfig)
    GPIO_ResetBits                           0x0800129d   Thumb Code     4  stm32f10x_gpio.o(i.GPIO_ResetBits)
    GPIO_SetBits                             0x080012a1   Thumb Code     4  stm32f10x_gpio.o(i.GPIO_SetBits)
    Gray_Init                                0x080012a5   Thumb Code    68  gray.o(i.Gray_Init)
    HardFault_Handler                        0x080012f1   Thumb Code     4  stm32f10x_it.o(i.HardFault_Handler)
    Left_catch                               0x080012f5   Thumb Code   120  h_stm.o(i.Left_catch)
    Left_put                                 0x08001375   Thumb Code   108  h_stm.o(i.Left_put)
    MemManage_Handler                        0x080013e9   Thumb Code     4  stm32f10x_it.o(i.MemManage_Handler)
    NMI_Handler                              0x080013ed   Thumb Code     2  stm32f10x_it.o(i.NMI_Handler)
    NVIC_Init                                0x080013f1   Thumb Code   100  misc.o(i.NVIC_Init)
    NVIC_PriorityGroupConfig                 0x08001461   Thumb Code    10  misc.o(i.NVIC_PriorityGroupConfig)
    PWMrotateInit                            0x08001475   Thumb Code    14  pwm.o(i.PWMrotateInit)
    PWMstraightInit                          0x08001489   Thumb Code    14  pwm.o(i.PWMstraightInit)
    PendSV_Handler                           0x0800149d   Thumb Code     2  stm32f10x_it.o(i.PendSV_Handler)
    Put_falg                                 0x080014a1   Thumb Code   112  h_stm.o(i.Put_falg)
    RCC_APB1PeriphClockCmd                   0x08001519   Thumb Code    26  stm32f10x_rcc.o(i.RCC_APB1PeriphClockCmd)
    RCC_APB2PeriphClockCmd                   0x08001539   Thumb Code    26  stm32f10x_rcc.o(i.RCC_APB2PeriphClockCmd)
    RCC_GetClocksFreq                        0x08001559   Thumb Code   192  stm32f10x_rcc.o(i.RCC_GetClocksFreq)
    Read_Gray                                0x0800162d   Thumb Code   104  gray.o(i.Read_Gray)
    Read_Gray0                               0x080016a5   Thumb Code    48  gray.o(i.Read_Gray0)
    Read_Gray1                               0x080016d9   Thumb Code    44  gray.o(i.Read_Gray1)
    Read_Gray2                               0x0800170d   Thumb Code    32  gray.o(i.Read_Gray2)
    Read_Gray3                               0x08001731   Thumb Code    32  gray.o(i.Read_Gray3)
    Right_catch                              0x08001755   Thumb Code   120  h_stm.o(i.Right_catch)
    Right_put                                0x080017d5   Thumb Code   108  h_stm.o(i.Right_put)
    SVC_Handler                              0x08001849   Thumb Code     2  stm32f10x_it.o(i.SVC_Handler)
    SysTick_CLKSourceConfig                  0x08001935   Thumb Code    40  misc.o(i.SysTick_CLKSourceConfig)
    SysTick_Handler                          0x0800195d   Thumb Code     2  stm32f10x_it.o(i.SysTick_Handler)
    SystemInit                               0x08001961   Thumb Code    78  system_stm32f10x.o(i.SystemInit)
    TIM2_IRQHandler                          0x080019c1   Thumb Code    22  raspi.o(i.TIM2_IRQHandler)
    TIM2_Int_Init                            0x080019d7   Thumb Code    92  raspi.o(i.TIM2_Int_Init)
    TIM3_IRQHandler                          0x08001a35   Thumb Code    38  pwm.o(i.TIM3_IRQHandler)
    TIM3_PWM_Init                            0x08001a65   Thumb Code   292  pwm.o(i.TIM3_PWM_Init)
    TIM4_IRQHandler                          0x08001ba5   Thumb Code    56  control.o(i.TIM4_IRQHandler)
    TIM4_Int_Init                            0x08001bf5   Thumb Code    86  control.o(i.TIM4_Int_Init)
    TIM5_Configuration                       0x08001c51   Thumb Code    58  ultrasonic.o(i.TIM5_Configuration)
    TIM5_IRQHandler                          0x08001c91   Thumb Code   118  ultrasonic.o(i.TIM5_IRQHandler)
    TIM5_TEST_GPIO_init                      0x08001d1d   Thumb Code    40  ultrasonic.o(i.TIM5_TEST_GPIO_init)
    TIM_ARRPreloadConfig                     0x08001d49   Thumb Code    24  stm32f10x_tim.o(i.TIM_ARRPreloadConfig)
    TIM_ClearITPendingBit                    0x08001d61   Thumb Code     6  stm32f10x_tim.o(i.TIM_ClearITPendingBit)
    TIM_Cmd                                  0x08001d67   Thumb Code    24  stm32f10x_tim.o(i.TIM_Cmd)
    TIM_GetCounter                           0x08001d7f   Thumb Code     6  stm32f10x_tim.o(i.TIM_GetCounter)
    TIM_GetITStatus                          0x08001d85   Thumb Code    34  stm32f10x_tim.o(i.TIM_GetITStatus)
    TIM_ITConfig                             0x08001da7   Thumb Code    18  stm32f10x_tim.o(i.TIM_ITConfig)
    TIM_OC1Init                              0x08001db9   Thumb Code   132  stm32f10x_tim.o(i.TIM_OC1Init)
    TIM_OC1PreloadConfig                     0x08001e51   Thumb Code    18  stm32f10x_tim.o(i.TIM_OC1PreloadConfig)
    TIM_OC2Init                              0x08001e65   Thumb Code   154  stm32f10x_tim.o(i.TIM_OC2Init)
    TIM_OC2PreloadConfig                     0x08001f09   Thumb Code    26  stm32f10x_tim.o(i.TIM_OC2PreloadConfig)
    TIM_OC3Init                              0x08001f25   Thumb Code   150  stm32f10x_tim.o(i.TIM_OC3Init)
    TIM_OC3PreloadConfig                     0x08001fc5   Thumb Code    18  stm32f10x_tim.o(i.TIM_OC3PreloadConfig)
    TIM_OC4Init                              0x08001fd9   Thumb Code   114  stm32f10x_tim.o(i.TIM_OC4Init)
    TIM_OC4PreloadConfig                     0x08002055   Thumb Code    26  stm32f10x_tim.o(i.TIM_OC4PreloadConfig)
    TIM_SetCompare1                          0x0800206f   Thumb Code     4  stm32f10x_tim.o(i.TIM_SetCompare1)
    TIM_SetCompare2                          0x08002073   Thumb Code     4  stm32f10x_tim.o(i.TIM_SetCompare2)
    TIM_SetCompare3                          0x08002077   Thumb Code     4  stm32f10x_tim.o(i.TIM_SetCompare3)
    TIM_SetCompare4                          0x0800207b   Thumb Code     6  stm32f10x_tim.o(i.TIM_SetCompare4)
    TIM_TimeBaseInit                         0x08002081   Thumb Code   122  stm32f10x_tim.o(i.TIM_TimeBaseInit)
    USART1_IRQHandler                        0x08002125   Thumb Code   140  usart.o(i.USART1_IRQHandler)
    USART2_IRQHandler                        0x080021bd   Thumb Code   136  usart.o(i.USART2_IRQHandler)
    USART_Cmd                                0x08002251   Thumb Code    24  stm32f10x_usart.o(i.USART_Cmd)
    USART_GetFlagStatus                      0x08002269   Thumb Code    26  stm32f10x_usart.o(i.USART_GetFlagStatus)
    USART_GetITStatus                        0x08002283   Thumb Code    84  stm32f10x_usart.o(i.USART_GetITStatus)
    USART_ITConfig                           0x080022d7   Thumb Code    74  stm32f10x_usart.o(i.USART_ITConfig)
    USART_Init                               0x08002321   Thumb Code   210  stm32f10x_usart.o(i.USART_Init)
    USART_ReceiveData                        0x080023f9   Thumb Code    10  stm32f10x_usart.o(i.USART_ReceiveData)
    USART_SendData                           0x08002403   Thumb Code     8  stm32f10x_usart.o(i.USART_SendData)
    UsageFault_Handler                       0x0800240b   Thumb Code     4  stm32f10x_it.o(i.UsageFault_Handler)
    Usart_SendString                         0x0800240f   Thumb Code    54  usart.o(i.Usart_SendString)
    _sys_exit                                0x08002445   Thumb Code     6  usart.o(i._sys_exit)
    adjust                                   0x0800244d   Thumb Code   162  pwm.o(i.adjust)
    area_0x7f                                0x080024f5   Thumb Code   194  main.o(i.area_0x7f)
    area_21_circle_status0_beta              0x080025d1   Thumb Code   296  main.o(i.area_21_circle_status0_beta)
    area_21_circle_status1_beta              0x08002725   Thumb Code     8  main.o(i.area_21_circle_status1_beta)
    area_atpoint_status0                     0x0800272d   Thumb Code   284  main.o(i.area_atpoint_status0)
    area_atpoint_status1                     0x08002869   Thumb Code   352  main.o(i.area_atpoint_status1)
    area_betweenpoint_status0                0x080029e9   Thumb Code    86  main.o(i.area_betweenpoint_status0)
    area_betweenpoint_status1                0x08002a59   Thumb Code   176  main.o(i.area_betweenpoint_status1)
    area_fetchline                           0x08002b25   Thumb Code   706  main.o(i.area_fetchline)
    b_to_low_beta                            0x08002e0d   Thumb Code   246  main.o(i.b_to_low_beta)
    b_to_o_beta                              0x08002f21   Thumb Code   238  main.o(i.b_to_o_beta)
    connect_raspi                            0x0800302d   Thumb Code   112  raspi.o(i.connect_raspi)
    delay_init                               0x080030b1   Thumb Code    50  delay.o(i.delay_init)
    delay_ms                                 0x080030f5   Thumb Code    72  delay.o(i.delay_ms)
    delay_us                                 0x08003141   Thumb Code    72  delay.o(i.delay_us)
    detect_distance                          0x0800318d   Thumb Code    24  main.o(i.detect_distance)
    get_motor                                0x080031a9   Thumb Code  1326  usart.o(i.get_motor)
    increpid                                 0x08003705   Thumb Code   122  pid.o(i.increpid)
    low_beta                                 0x08003781   Thumb Code   166  main.o(i.low_beta)
    low_to_b_beta                            0x0800383d   Thumb Code   376  main.o(i.low_to_b_beta)
    low_to_o_beta                            0x080039cd   Thumb Code   174  main.o(i.low_to_o_beta)
    main                                     0x08003a95   Thumb Code   380  main.o(i.main)
    move_stop                                0x08003c21   Thumb Code   154  pwm.o(i.move_stop)
    o_to_b_beta                              0x08003cc9   Thumb Code   352  main.o(i.o_to_b_beta)
    o_to_c_beta                              0x08003e41   Thumb Code   560  main.o(i.o_to_c_beta)
    o_to_low_beta                            0x08004091   Thumb Code   188  main.o(i.o_to_low_beta)
    pidInit                                  0x08004165   Thumb Code    18  pid.o(i.pidInit)
    pidSetPoint                              0x08004177   Thumb Code     4  pid.o(i.pidSetPoint)
    pidSetpara                               0x0800417b   Thumb Code     8  pid.o(i.pidSetpara)
    resetPID                                 0x08004183   Thumb Code    10  pid.o(i.resetPID)
    rotate                                   0x0800418d   Thumb Code   284  pwm.o(i.rotate)
    rotate_beta                              0x080042bd   Thumb Code   236  pwm.o(i.rotate_beta)
    send_first                               0x080043b9   Thumb Code   274  main.o(i.send_first)
    send_instruction                         0x080044d5   Thumb Code    78  h_stm.o(i.send_instruction)
    straight                                 0x08004525   Thumb Code   858  pwm.o(i.straight)
    straight_only                            0x08004895   Thumb Code   496  pwm.o(i.straight_only)
    uart1_init                               0x08004a99   Thumb Code   152  usart.o(i.uart1_init)
    uart2_init                               0x08004b39   Thumb Code   156  usart.o(i.uart2_init)
    waite_F                                  0x08004bdd   Thumb Code    18  h_stm.o(i.waite_F)
    waite_L                                  0x08004bf5   Thumb Code    18  h_stm.o(i.waite_L)
    waite_P                                  0x08004c0d   Thumb Code    18  h_stm.o(i.waite_P)
    waite_R                                  0x08004c25   Thumb Code    18  h_stm.o(i.waite_R)
    __aeabi_d2f                              0x08004c3d   Thumb Code     0  d2f.o(x$fpl$d2f)
    _d2f                                     0x08004c3d   Thumb Code    98  d2f.o(x$fpl$d2f)
    __aeabi_dadd                             0x08004ca1   Thumb Code     0  daddsub_clz.o(x$fpl$dadd)
    _dadd                                    0x08004ca1   Thumb Code   332  daddsub_clz.o(x$fpl$dadd)
    __fpl_dcmp_Inf                           0x08004df1   Thumb Code    24  dcmpi.o(x$fpl$dcmpinf)
    __aeabi_ddiv                             0x08004e09   Thumb Code     0  ddiv.o(x$fpl$ddiv)
    _ddiv                                    0x08004e09   Thumb Code   552  ddiv.o(x$fpl$ddiv)
    __aeabi_cdcmple                          0x080050b9   Thumb Code     0  dleqf.o(x$fpl$dleqf)
    _dcmple                                  0x080050b9   Thumb Code   120  dleqf.o(x$fpl$dleqf)
    __fpl_dcmple_InfNaN                      0x0800511b   Thumb Code     0  dleqf.o(x$fpl$dleqf)
    __fpl_dnaninf                            0x08005131   Thumb Code   156  dnaninf.o(x$fpl$dnaninf)
    __fpl_dretinf                            0x080051cd   Thumb Code    12  dretinf.o(x$fpl$dretinf)
    __aeabi_cdrcmple                         0x080051d9   Thumb Code     0  drleqf.o(x$fpl$drleqf)
    _drcmple                                 0x080051d9   Thumb Code   108  drleqf.o(x$fpl$drleqf)
    __aeabi_dsub                             0x08005245   Thumb Code     0  daddsub_clz.o(x$fpl$dsub)
    _dsub                                    0x08005245   Thumb Code   464  daddsub_clz.o(x$fpl$dsub)
    __aeabi_f2d                              0x08005419   Thumb Code     0  f2d.o(x$fpl$f2d)
    _f2d                                     0x08005419   Thumb Code    86  f2d.o(x$fpl$f2d)
    __aeabi_fadd                             0x08005471   Thumb Code     0  faddsub_clz.o(x$fpl$fadd)
    _fadd                                    0x08005471   Thumb Code   196  faddsub_clz.o(x$fpl$fadd)
    __aeabi_f2iz                             0x08005535   Thumb Code     0  ffix.o(x$fpl$ffix)
    _ffix                                    0x08005535   Thumb Code    54  ffix.o(x$fpl$ffix)
    __aeabi_i2f                              0x0800556d   Thumb Code     0  fflt_clz.o(x$fpl$fflt)
    _fflt                                    0x0800556d   Thumb Code    48  fflt_clz.o(x$fpl$fflt)
    __aeabi_ui2f                             0x0800559d   Thumb Code     0  fflt_clz.o(x$fpl$ffltu)
    _ffltu                                   0x0800559d   Thumb Code    38  fflt_clz.o(x$fpl$ffltu)
    __aeabi_fmul                             0x080055c5   Thumb Code     0  fmul.o(x$fpl$fmul)
    _fmul                                    0x080055c5   Thumb Code   258  fmul.o(x$fpl$fmul)
    __fpl_fnaninf                            0x080056c7   Thumb Code   140  fnaninf.o(x$fpl$fnaninf)
    __fpl_fretinf                            0x08005753   Thumb Code    10  fretinf.o(x$fpl$fretinf)
    __aeabi_frsub                            0x0800575d   Thumb Code     0  faddsub_clz.o(x$fpl$frsb)
    _frsb                                    0x0800575d   Thumb Code    20  faddsub_clz.o(x$fpl$frsb)
    __aeabi_fsub                             0x08005771   Thumb Code     0  faddsub_clz.o(x$fpl$fsub)
    _fsub                                    0x08005771   Thumb Code   234  faddsub_clz.o(x$fpl$fsub)
    __I$use$fp                               0x0800585a   Number         0  usenofp.o(x$fpl$usenofp)
    Region$$Table$$Base                      0x0800586c   Number         0  anon$$obj.o(Region$$Table)
    Region$$Table$$Limit                     0x0800588c   Number         0  anon$$obj.o(Region$$Table)
    left                                     0x20000000   Data           1  main.o(.data)
    gray_request                             0x20000001   Data           1  main.o(.data)
    direction                                0x20000004   Data           4  main.o(.data)
    colorlist                                0x20000008   Data          36  main.o(.data)
    area                                     0x2000002c   Data           1  main.o(.data)
    circle_status                            0x20000030   Data           4  main.o(.data)
    cross_count                              0x20000034   Data           4  main.o(.data)
    iscross                                  0x20000038   Data           1  main.o(.data)
    leftCross_count                          0x2000003c   Data           4  main.o(.data)
    fetch_flag                               0x20000040   Data           1  main.o(.data)
    put_flag                                 0x20000041   Data           1  main.o(.data)
    ultra_count                              0x20000044   Data           4  main.o(.data)
    SystemCoreClock                          0x20000048   Data           4  system_stm32f10x.o(.data)
    AHBPrescTable                            0x2000004c   Data          16  system_stm32f10x.o(.data)
    last_trueincre                           0x2000005c   Data           4  control.o(.data)
    valid_increnum                           0x20000060   Data           4  control.o(.data)
    TIM4_mode                                0x20000064   Data           1  control.o(.data)
    TIM4mode1_count                          0x20000068   Data           4  control.o(.data)
    CON_grayrequest                          0x2000006c   Data           1  control.o(.data)
    CON_direction                            0x20000070   Data           4  control.o(.data)
    CON_cross                                0x20000074   Data           1  control.o(.data)
    raspi_status                             0x20000075   Data           1  raspi.o(.data)
    cam                                      0x20000076   Data           1  raspi.o(.data)
    ultrasonic1                              0x20000078   Data           4  ultrasonic.o(.data)
    temp1                                    0x2000007c   Data           4  ultrasonic.o(.data)
    valid                                    0x20000080   Data           1  ultrasonic.o(.data)
    TIM5_mode                                0x20000081   Data           1  ultrasonic.o(.data)
    TIM5_count                               0x20000082   Data           1  ultrasonic.o(.data)
    Exti_count                               0x20000083   Data           1  ultrasonic.o(.data)
    test                                     0x20000084   Data           1  ultrasonic.o(.data)
    testr                                    0x20000088   Data           4  ultrasonic.o(.data)
    ultra_flag                               0x2000008c   Data           1  ultrasonic.o(.data)
    num                                      0x20000094   Data           2  usart.o(.data)
    flag                                     0x20000096   Data           1  usart.o(.data)
    RFID                                     0x20000097   Data           1  usart.o(.data)
    L_flag                                   0x20000098   Data           1  usart.o(.data)
    R_flag                                   0x20000099   Data           1  usart.o(.data)
    P_flag                                   0x2000009a   Data           1  usart.o(.data)
    F_flag                                   0x2000009b   Data           1  usart.o(.data)
    G_flag                                   0x2000009c   Data           1  usart.o(.data)
    B_flag                                   0x2000009d   Data           1  usart.o(.data)
    Ld_flag                                  0x2000009e   Data           1  usart.o(.data)
    Rd_flag                                  0x2000009f   Data           1  usart.o(.data)
    Pd_flag                                  0x200000a0   Data           1  usart.o(.data)
    Fd_flag                                  0x200000a1   Data           1  usart.o(.data)
    end_flag                                 0x200000a2   Data           1  usart.o(.data)
    L_catch                                  0x200000a3   Data           1  usart.o(.data)
    R_catch                                  0x200000a4   Data           1  usart.o(.data)
    b_flag                                   0x200000a5   Data           1  usart.o(.data)
    s_flag                                   0x200000a6   Data           1  usart.o(.data)
    usart1_len                               0x200000a8   Data           2  usart.o(.data)
    usart2_len                               0x200000aa   Data           2  usart.o(.data)
    __stdout                                 0x200000ac   Data           4  usart.o(.data)
    USART1_RX_STA                            0x200000b0   Data           2  usart.o(.data)
    USART2_RX_STA                            0x200000b2   Data           2  usart.o(.data)
    graycal_0                                0x200000c8   Data          20  gray.o(.bss)
    graycal_1                                0x200000dc   Data          20  gray.o(.bss)
    graycal_2                                0x200000f0   Data          20  gray.o(.bss)
    graycal_3                                0x20000104   Data          20  gray.o(.bss)
    PIDf                                     0x20000118   Data          28  control.o(.bss)
    PIDb                                     0x20000134   Data          28  control.o(.bss)
    PIDr                                     0x20000150   Data          28  control.o(.bss)
    PIDl                                     0x2000016c   Data          28  control.o(.bss)
    rotate_basic                             0x20000188   Data          16  pwm.o(.bss)
    straight_basic                           0x20000198   Data          16  pwm.o(.bss)
    color_list                               0x200001a8   Data           9  raspi.o(.bss)
    information_all                          0x200001b1   Data          50  usart.o(.bss)
    USART1_RX_BUF                            0x200001e3   Data         200  usart.o(.bss)
    USART2_RX_BUF                            0x200002ab   Data         200  usart.o(.bss)
    __libspace_start                         0x20000374   Data          96  libspace.o(.bss)
    __temporary_stack_top$libspace           0x200003d4   Data           0  libspace.o(.bss)



==============================================================================

Memory Map of the image

  Image Entry point : 0x080001d5

  Load Region LR_1 (Base: 0x08000000, Size: 0x00005954, Max: 0xffffffff, ABSOLUTE)

    Execution Region ER_RO (Base: 0x08000000, Size: 0x0000588c, Max: 0xffffffff, ABSOLUTE)

    Base Addr    Size         Type   Attr      Idx    E Section Name        Object

    0x08000000   0x00000130   Data   RO         1074    RESET               startup_stm32f10x_hd.o
    0x08000130   0x00000008   Code   RO         2271  * !!!main             c_w.l(__main.o)
    0x08000138   0x00000034   Code   RO         2482    !!!scatter          c_w.l(__scatter.o)
    0x0800016c   0x0000001a   Code   RO         2484    !!handler_copy      c_w.l(__scatter_copy.o)
    0x08000186   0x00000002   PAD
    0x08000188   0x0000001c   Code   RO         2486    !!handler_zi        c_w.l(__scatter_zi.o)
    0x080001a4   0x00000000   Code   RO         2268    .ARM.Collect$$_printf_percent$$00000000  c_w.l(_printf_percent.o)
    0x080001a4   0x00000006   Code   RO         2267    .ARM.Collect$$_printf_percent$$00000009  c_w.l(_printf_d.o)
    0x080001aa   0x00000004   Code   RO         2318    .ARM.Collect$$_printf_percent$$00000017  c_w.l(_printf_percent_end.o)
    0x080001ae   0x00000002   Code   RO         2356    .ARM.Collect$$libinit$$00000000  c_w.l(libinit.o)
    0x080001b0   0x00000000   Code   RO         2363    .ARM.Collect$$libinit$$00000002  c_w.l(libinit2.o)
    0x080001b0   0x00000000   Code   RO         2365    .ARM.Collect$$libinit$$00000004  c_w.l(libinit2.o)
    0x080001b0   0x00000000   Code   RO         2368    .ARM.Collect$$libinit$$0000000A  c_w.l(libinit2.o)
    0x080001b0   0x00000000   Code   RO         2370    .ARM.Collect$$libinit$$0000000C  c_w.l(libinit2.o)
    0x080001b0   0x00000000   Code   RO         2372    .ARM.Collect$$libinit$$0000000E  c_w.l(libinit2.o)
    0x080001b0   0x00000000   Code   RO         2375    .ARM.Collect$$libinit$$00000011  c_w.l(libinit2.o)
    0x080001b0   0x00000000   Code   RO         2377    .ARM.Collect$$libinit$$00000013  c_w.l(libinit2.o)
    0x080001b0   0x00000000   Code   RO         2379    .ARM.Collect$$libinit$$00000015  c_w.l(libinit2.o)
    0x080001b0   0x00000000   Code   RO         2381    .ARM.Collect$$libinit$$00000017  c_w.l(libinit2.o)
    0x080001b0   0x00000000   Code   RO         2383    .ARM.Collect$$libinit$$00000019  c_w.l(libinit2.o)
    0x080001b0   0x00000000   Code   RO         2385    .ARM.Collect$$libinit$$0000001B  c_w.l(libinit2.o)
    0x080001b0   0x00000000   Code   RO         2387    .ARM.Collect$$libinit$$0000001D  c_w.l(libinit2.o)
    0x080001b0   0x00000000   Code   RO         2389    .ARM.Collect$$libinit$$0000001F  c_w.l(libinit2.o)
    0x080001b0   0x00000000   Code   RO         2391    .ARM.Collect$$libinit$$00000021  c_w.l(libinit2.o)
    0x080001b0   0x00000000   Code   RO         2393    .ARM.Collect$$libinit$$00000023  c_w.l(libinit2.o)
    0x080001b0   0x00000000   Code   RO         2395    .ARM.Collect$$libinit$$00000025  c_w.l(libinit2.o)
    0x080001b0   0x00000000   Code   RO         2399    .ARM.Collect$$libinit$$0000002C  c_w.l(libinit2.o)
    0x080001b0   0x00000000   Code   RO         2401    .ARM.Collect$$libinit$$0000002E  c_w.l(libinit2.o)
    0x080001b0   0x00000000   Code   RO         2403    .ARM.Collect$$libinit$$00000030  c_w.l(libinit2.o)
    0x080001b0   0x00000000   Code   RO         2405    .ARM.Collect$$libinit$$00000032  c_w.l(libinit2.o)
    0x080001b0   0x00000002   Code   RO         2406    .ARM.Collect$$libinit$$00000033  c_w.l(libinit2.o)
    0x080001b2   0x00000002   Code   RO         2424    .ARM.Collect$$libshutdown$$00000000  c_w.l(libshutdown.o)
    0x080001b4   0x00000000   Code   RO         2434    .ARM.Collect$$libshutdown$$00000002  c_w.l(libshutdown2.o)
    0x080001b4   0x00000000   Code   RO         2436    .ARM.Collect$$libshutdown$$00000004  c_w.l(libshutdown2.o)
    0x080001b4   0x00000000   Code   RO         2439    .ARM.Collect$$libshutdown$$00000007  c_w.l(libshutdown2.o)
    0x080001b4   0x00000000   Code   RO         2442    .ARM.Collect$$libshutdown$$0000000A  c_w.l(libshutdown2.o)
    0x080001b4   0x00000000   Code   RO         2444    .ARM.Collect$$libshutdown$$0000000C  c_w.l(libshutdown2.o)
    0x080001b4   0x00000000   Code   RO         2447    .ARM.Collect$$libshutdown$$0000000F  c_w.l(libshutdown2.o)
    0x080001b4   0x00000002   Code   RO         2448    .ARM.Collect$$libshutdown$$00000010  c_w.l(libshutdown2.o)
    0x080001b6   0x00000000   Code   RO         2311    .ARM.Collect$$rtentry$$00000000  c_w.l(__rtentry.o)
    0x080001b6   0x00000000   Code   RO         2331    .ARM.Collect$$rtentry$$00000002  c_w.l(__rtentry2.o)
    0x080001b6   0x00000006   Code   RO         2343    .ARM.Collect$$rtentry$$00000004  c_w.l(__rtentry4.o)
    0x080001bc   0x00000000   Code   RO         2333    .ARM.Collect$$rtentry$$00000009  c_w.l(__rtentry2.o)
    0x080001bc   0x00000004   Code   RO         2334    .ARM.Collect$$rtentry$$0000000A  c_w.l(__rtentry2.o)
    0x080001c0   0x00000000   Code   RO         2336    .ARM.Collect$$rtentry$$0000000C  c_w.l(__rtentry2.o)
    0x080001c0   0x00000008   Code   RO         2337    .ARM.Collect$$rtentry$$0000000D  c_w.l(__rtentry2.o)
    0x080001c8   0x00000002   Code   RO         2360    .ARM.Collect$$rtexit$$00000000  c_w.l(rtexit.o)
    0x080001ca   0x00000000   Code   RO         2408    .ARM.Collect$$rtexit$$00000002  c_w.l(rtexit2.o)
    0x080001ca   0x00000004   Code   RO         2409    .ARM.Collect$$rtexit$$00000003  c_w.l(rtexit2.o)
    0x080001ce   0x00000006   Code   RO         2410    .ARM.Collect$$rtexit$$00000004  c_w.l(rtexit2.o)
    0x080001d4   0x00000040   Code   RO         1075  * .text               startup_stm32f10x_hd.o
    0x08000214   0x00000002   Code   RO         2237    .text               c_w.l(use_no_semi_2.o)
    0x08000216   0x00000002   PAD
    0x08000218   0x00000028   Code   RO         2241    .text               c_w.l(noretval__2sprintf.o)
    0x08000240   0x00000068   Code   RO         2243    .text               c_w.l(__printf.o)
    0x080002a8   0x00000078   Code   RO         2245    .text               c_w.l(_printf_dec.o)
    0x08000320   0x00000006   Code   RO         2269    .text               c_w.l(heapauxi.o)
    0x08000326   0x00000002   Code   RO         2309    .text               c_w.l(use_no_semi.o)
    0x08000328   0x000000b2   Code   RO         2312    .text               c_w.l(_printf_intcommon.o)
    0x080003da   0x00000002   PAD
    0x080003dc   0x00000030   Code   RO         2314    .text               c_w.l(_printf_char_common.o)
    0x0800040c   0x0000000a   Code   RO         2316    .text               c_w.l(_sputc.o)
    0x08000416   0x0000004a   Code   RO         2347    .text               c_w.l(sys_stackheap_outer.o)
    0x08000460   0x00000012   Code   RO         2349    .text               c_w.l(exit.o)
    0x08000472   0x00000002   PAD
    0x08000474   0x00000008   Code   RO         2357    .text               c_w.l(libspace.o)
    0x0800047c   0x00000004   Code   RO          259    i.BusFault_Handler  stm32f10x_it.o
    0x08000480   0x00000254   Code   RO          382    i.CalculFromGray    gray.o
    0x080006d4   0x00000010   Code   RO          489    i.Control_Begin_Only  control.o
    0x080006e4   0x0000007c   Code   RO          490    i.Control_Cal_Gray  control.o
    0x08000760   0x00000014   Code   RO          491    i.Control_PID_Begin  control.o
    0x08000774   0x00000010   Code   RO          492    i.Control_PID_Stop  control.o
    0x08000784   0x00000038   Code   RO          493    i.Control_Reset_PID  control.o
    0x080007bc   0x00000028   Code   RO          494    i.Control_Rotate    control.o
    0x080007e4   0x00000048   Code   RO          495    i.Control_Set_PID   control.o
    0x0800082c   0x0000000c   Code   RO          497    i.Control_Stop      control.o
    0x08000838   0x0000000c   Code   RO          498    i.Control_Stop_only  control.o
    0x08000844   0x00000584   Code   RO          499    i.Control_Straight  control.o
    0x08000dc8   0x00000018   Code   RO          501    i.Control_Straight_only  control.o
    0x08000de0   0x00000008   Code   RO          502    i.Control_grayInit  control.o
    0x08000de8   0x00000094   Code   RO          503    i.Control_pidInit   control.o
    0x08000e7c   0x00000048   Code   RO          504    i.Control_pwmInit   control.o
    0x08000ec4   0x00000058   Code   RO          506    i.Control_rotate_beta  control.o
    0x08000f1c   0x00000002   Code   RO          260    i.DebugMon_Handler  stm32f10x_it.o
    0x08000f1e   0x00000002   PAD
    0x08000f20   0x0000009c   Code   RO          861    i.EXTI4_IRQHandler  ultrasonic.o
    0x08000fbc   0x0000000c   Code   RO         2182    i.EXTI_ClearITPendingBit  stm32f10x_exti.o
    0x08000fc8   0x00000028   Code   RO         2186    i.EXTI_GetITStatus  stm32f10x_exti.o
    0x08000ff0   0x0000008c   Code   RO          777    i.End               h_stm.o
    0x0800107c   0x00000078   Code   RO          778    i.Fly               h_stm.o
    0x080010f4   0x00000116   Code   RO         1121    i.GPIO_Init         stm32f10x_gpio.o
    0x0800120a   0x00000002   PAD
    0x0800120c   0x00000090   Code   RO         1123    i.GPIO_PinRemapConfig  stm32f10x_gpio.o
    0x0800129c   0x00000004   Code   RO         1128    i.GPIO_ResetBits    stm32f10x_gpio.o
    0x080012a0   0x00000004   Code   RO         1129    i.GPIO_SetBits      stm32f10x_gpio.o
    0x080012a4   0x0000004c   Code   RO          384    i.Gray_Init         gray.o
    0x080012f0   0x00000004   Code   RO          261    i.HardFault_Handler  stm32f10x_it.o
    0x080012f4   0x00000080   Code   RO          779    i.Left_catch        h_stm.o
    0x08001374   0x00000074   Code   RO          780    i.Left_put          h_stm.o
    0x080013e8   0x00000004   Code   RO          262    i.MemManage_Handler  stm32f10x_it.o
    0x080013ec   0x00000002   Code   RO          263    i.NMI_Handler       stm32f10x_it.o
    0x080013ee   0x00000002   PAD
    0x080013f0   0x00000070   Code   RO         1079    i.NVIC_Init         misc.o
    0x08001460   0x00000014   Code   RO         1080    i.NVIC_PriorityGroupConfig  misc.o
    0x08001474   0x00000014   Code   RO          640    i.PWMrotateInit     pwm.o
    0x08001488   0x00000014   Code   RO          642    i.PWMstraightInit   pwm.o
    0x0800149c   0x00000002   Code   RO          264    i.PendSV_Handler    stm32f10x_it.o
    0x0800149e   0x00000002   PAD
    0x080014a0   0x00000078   Code   RO          781    i.Put_falg          h_stm.o
    0x08001518   0x00000020   Code   RO         1255    i.RCC_APB1PeriphClockCmd  stm32f10x_rcc.o
    0x08001538   0x00000020   Code   RO         1257    i.RCC_APB2PeriphClockCmd  stm32f10x_rcc.o
    0x08001558   0x000000d4   Code   RO         1265    i.RCC_GetClocksFreq  stm32f10x_rcc.o
    0x0800162c   0x00000078   Code   RO          385    i.Read_Gray         gray.o
    0x080016a4   0x00000034   Code   RO          386    i.Read_Gray0        gray.o
    0x080016d8   0x00000034   Code   RO          387    i.Read_Gray1        gray.o
    0x0800170c   0x00000024   Code   RO          388    i.Read_Gray2        gray.o
    0x08001730   0x00000024   Code   RO          389    i.Read_Gray3        gray.o
    0x08001754   0x00000080   Code   RO          783    i.Right_catch       h_stm.o
    0x080017d4   0x00000074   Code   RO          784    i.Right_put         h_stm.o
    0x08001848   0x00000002   Code   RO          265    i.SVC_Handler       stm32f10x_it.o
    0x0800184a   0x00000008   Code   RO          348    i.SetSysClock       system_stm32f10x.o
    0x08001852   0x00000002   PAD
    0x08001854   0x000000e0   Code   RO          349    i.SetSysClockTo72   system_stm32f10x.o
    0x08001934   0x00000028   Code   RO         1083    i.SysTick_CLKSourceConfig  misc.o
    0x0800195c   0x00000002   Code   RO          266    i.SysTick_Handler   stm32f10x_it.o
    0x0800195e   0x00000002   PAD
    0x08001960   0x00000060   Code   RO          351    i.SystemInit        system_stm32f10x.o
    0x080019c0   0x00000016   Code   RO          742    i.TIM2_IRQHandler   raspi.o
    0x080019d6   0x0000005c   Code   RO          743    i.TIM2_Int_Init     raspi.o
    0x08001a32   0x00000002   PAD
    0x08001a34   0x00000030   Code   RO          644    i.TIM3_IRQHandler   pwm.o
    0x08001a64   0x00000140   Code   RO          646    i.TIM3_PWM_Init     pwm.o
    0x08001ba4   0x00000050   Code   RO          509    i.TIM4_IRQHandler   control.o
    0x08001bf4   0x0000005c   Code   RO          510    i.TIM4_Int_Init     control.o
    0x08001c50   0x00000040   Code   RO          862    i.TIM5_Configuration  ultrasonic.o
    0x08001c90   0x0000008c   Code   RO          863    i.TIM5_IRQHandler   ultrasonic.o
    0x08001d1c   0x0000002c   Code   RO          865    i.TIM5_TEST_GPIO_init  ultrasonic.o
    0x08001d48   0x00000018   Code   RO         1637    i.TIM_ARRPreloadConfig  stm32f10x_tim.o
    0x08001d60   0x00000006   Code   RO         1644    i.TIM_ClearITPendingBit  stm32f10x_tim.o
    0x08001d66   0x00000018   Code   RO         1649    i.TIM_Cmd           stm32f10x_tim.o
    0x08001d7e   0x00000006   Code   RO         1668    i.TIM_GetCounter    stm32f10x_tim.o
    0x08001d84   0x00000022   Code   RO         1670    i.TIM_GetITStatus   stm32f10x_tim.o
    0x08001da6   0x00000012   Code   RO         1674    i.TIM_ITConfig      stm32f10x_tim.o
    0x08001db8   0x00000098   Code   RO         1678    i.TIM_OC1Init       stm32f10x_tim.o
    0x08001e50   0x00000012   Code   RO         1681    i.TIM_OC1PreloadConfig  stm32f10x_tim.o
    0x08001e62   0x00000002   PAD
    0x08001e64   0x000000a4   Code   RO         1683    i.TIM_OC2Init       stm32f10x_tim.o
    0x08001f08   0x0000001a   Code   RO         1686    i.TIM_OC2PreloadConfig  stm32f10x_tim.o
    0x08001f22   0x00000002   PAD
    0x08001f24   0x000000a0   Code   RO         1688    i.TIM_OC3Init       stm32f10x_tim.o
    0x08001fc4   0x00000012   Code   RO         1691    i.TIM_OC3PreloadConfig  stm32f10x_tim.o
    0x08001fd6   0x00000002   PAD
    0x08001fd8   0x0000007c   Code   RO         1693    i.TIM_OC4Init       stm32f10x_tim.o
    0x08002054   0x0000001a   Code   RO         1695    i.TIM_OC4PreloadConfig  stm32f10x_tim.o
    0x0800206e   0x00000004   Code   RO         1710    i.TIM_SetCompare1   stm32f10x_tim.o
    0x08002072   0x00000004   Code   RO         1711    i.TIM_SetCompare2   stm32f10x_tim.o
    0x08002076   0x00000004   Code   RO         1712    i.TIM_SetCompare3   stm32f10x_tim.o
    0x0800207a   0x00000006   Code   RO         1713    i.TIM_SetCompare4   stm32f10x_tim.o
    0x08002080   0x000000a4   Code   RO         1720    i.TIM_TimeBaseInit  stm32f10x_tim.o
    0x08002124   0x00000098   Code   RO          985    i.USART1_IRQHandler  usart.o
    0x080021bc   0x00000094   Code   RO          986    i.USART2_IRQHandler  usart.o
    0x08002250   0x00000018   Code   RO         1457    i.USART_Cmd         stm32f10x_usart.o
    0x08002268   0x0000001a   Code   RO         1460    i.USART_GetFlagStatus  stm32f10x_usart.o
    0x08002282   0x00000054   Code   RO         1461    i.USART_GetITStatus  stm32f10x_usart.o
    0x080022d6   0x0000004a   Code   RO         1463    i.USART_ITConfig    stm32f10x_usart.o
    0x08002320   0x000000d8   Code   RO         1464    i.USART_Init        stm32f10x_usart.o
    0x080023f8   0x0000000a   Code   RO         1471    i.USART_ReceiveData  stm32f10x_usart.o
    0x08002402   0x00000008   Code   RO         1474    i.USART_SendData    stm32f10x_usart.o
    0x0800240a   0x00000004   Code   RO          267    i.UsageFault_Handler  stm32f10x_it.o
    0x0800240e   0x00000036   Code   RO          987    i.Usart_SendString  usart.o
    0x08002444   0x00000006   Code   RO          988    i._sys_exit         usart.o
    0x0800244a   0x00000002   PAD
    0x0800244c   0x000000a8   Code   RO          647    i.adjust            pwm.o
    0x080024f4   0x000000dc   Code   RO            1    i.area_0x7f         main.o
    0x080025d0   0x00000154   Code   RO            2    i.area_21_circle_status0_beta  main.o
    0x08002724   0x00000008   Code   RO            3    i.area_21_circle_status1_beta  main.o
    0x0800272c   0x0000013c   Code   RO            4    i.area_atpoint_status0  main.o
    0x08002868   0x00000180   Code   RO            5    i.area_atpoint_status1  main.o
    0x080029e8   0x00000070   Code   RO            6    i.area_betweenpoint_status0  main.o
    0x08002a58   0x000000cc   Code   RO            7    i.area_betweenpoint_status1  main.o
    0x08002b24   0x000002e8   Code   RO            8    i.area_fetchline    main.o
    0x08002e0c   0x00000114   Code   RO            9    i.b_to_low_beta     main.o
    0x08002f20   0x0000010c   Code   RO           10    i.b_to_o_beta       main.o
    0x0800302c   0x00000084   Code   RO          744    i.connect_raspi     raspi.o
    0x080030b0   0x00000044   Code   RO          930    i.delay_init        delay.o
    0x080030f4   0x0000004c   Code   RO          931    i.delay_ms          delay.o
    0x08003140   0x0000004c   Code   RO          932    i.delay_us          delay.o
    0x0800318c   0x0000001c   Code   RO           12    i.detect_distance   main.o
    0x080031a8   0x0000055c   Code   RO          990    i.get_motor         usart.o
    0x08003704   0x0000007a   Code   RO          449    i.increpid          pid.o
    0x0800377e   0x00000002   PAD
    0x08003780   0x000000bc   Code   RO           13    i.low_beta          main.o
    0x0800383c   0x00000190   Code   RO           14    i.low_to_b_beta     main.o
    0x080039cc   0x000000c8   Code   RO           15    i.low_to_o_beta     main.o
    0x08003a94   0x0000018c   Code   RO           16    i.main              main.o
    0x08003c20   0x000000a8   Code   RO          648    i.move_stop         pwm.o
    0x08003cc8   0x00000178   Code   RO           17    i.o_to_b_beta       main.o
    0x08003e40   0x00000250   Code   RO           18    i.o_to_c_beta       main.o
    0x08004090   0x000000d4   Code   RO           20    i.o_to_low_beta     main.o
    0x08004164   0x00000012   Code   RO          450    i.pidInit           pid.o
    0x08004176   0x00000004   Code   RO          451    i.pidSetPoint       pid.o
    0x0800417a   0x00000008   Code   RO          452    i.pidSetpara        pid.o
    0x08004182   0x0000000a   Code   RO          453    i.resetPID          pid.o
    0x0800418c   0x00000130   Code   RO          649    i.rotate            pwm.o
    0x080042bc   0x000000fc   Code   RO          650    i.rotate_beta       pwm.o
    0x080043b8   0x0000011c   Code   RO           21    i.send_first        main.o
    0x080044d4   0x0000004e   Code   RO          785    i.send_instruction  h_stm.o
    0x08004522   0x00000002   PAD
    0x08004524   0x00000370   Code   RO          651    i.straight          pwm.o
    0x08004894   0x00000204   Code   RO          652    i.straight_only     pwm.o
    0x08004a98   0x000000a0   Code   RO          991    i.uart1_init        usart.o
    0x08004b38   0x000000a4   Code   RO          992    i.uart2_init        usart.o
    0x08004bdc   0x00000018   Code   RO          786    i.waite_F           h_stm.o
    0x08004bf4   0x00000018   Code   RO          787    i.waite_L           h_stm.o
    0x08004c0c   0x00000018   Code   RO          788    i.waite_P           h_stm.o
    0x08004c24   0x00000018   Code   RO          789    i.waite_R           h_stm.o
    0x08004c3c   0x00000062   Code   RO         2273    x$fpl$d2f           fz_ws.l(d2f.o)
    0x08004c9e   0x00000002   PAD
    0x08004ca0   0x00000150   Code   RO         2275    x$fpl$dadd          fz_ws.l(daddsub_clz.o)
    0x08004df0   0x00000018   Code   RO         2319    x$fpl$dcmpinf       fz_ws.l(dcmpi.o)
    0x08004e08   0x000002b0   Code   RO         2282    x$fpl$ddiv          fz_ws.l(ddiv.o)
    0x080050b8   0x00000078   Code   RO         2285    x$fpl$dleqf         fz_ws.l(dleqf.o)
    0x08005130   0x0000009c   Code   RO         2321    x$fpl$dnaninf       fz_ws.l(dnaninf.o)
    0x080051cc   0x0000000c   Code   RO         2323    x$fpl$dretinf       fz_ws.l(dretinf.o)
    0x080051d8   0x0000006c   Code   RO         2287    x$fpl$drleqf        fz_ws.l(drleqf.o)
    0x08005244   0x000001d4   Code   RO         2277    x$fpl$dsub          fz_ws.l(daddsub_clz.o)
    0x08005418   0x00000056   Code   RO         2289    x$fpl$f2d           fz_ws.l(f2d.o)
    0x0800546e   0x00000002   PAD
    0x08005470   0x000000c4   Code   RO         2291    x$fpl$fadd          fz_ws.l(faddsub_clz.o)
    0x08005534   0x00000036   Code   RO         2297    x$fpl$ffix          fz_ws.l(ffix.o)
    0x0800556a   0x00000002   PAD
    0x0800556c   0x00000030   Code   RO         2302    x$fpl$fflt          fz_ws.l(fflt_clz.o)
    0x0800559c   0x00000026   Code   RO         2301    x$fpl$ffltu         fz_ws.l(fflt_clz.o)
    0x080055c2   0x00000002   PAD
    0x080055c4   0x00000102   Code   RO         2307    x$fpl$fmul          fz_ws.l(fmul.o)
    0x080056c6   0x0000008c   Code   RO         2325    x$fpl$fnaninf       fz_ws.l(fnaninf.o)
    0x08005752   0x0000000a   Code   RO         2327    x$fpl$fretinf       fz_ws.l(fretinf.o)
    0x0800575c   0x00000014   Code   RO         2292    x$fpl$frsb          fz_ws.l(faddsub_clz.o)
    0x08005770   0x000000ea   Code   RO         2293    x$fpl$fsub          fz_ws.l(faddsub_clz.o)
    0x0800585a   0x00000000   Code   RO         2329    x$fpl$usenofp       fz_ws.l(usenofp.o)
    0x0800585a   0x00000002   PAD
    0x0800585c   0x00000010   Data   RO           22    .constdata          main.o
    0x0800586c   0x00000020   Data   RO         2480    Region$$Table       anon$$obj.o


    Execution Region ER_RW (Base: 0x20000000, Size: 0x000000c8, Max: 0xffffffff, ABSOLUTE)

    Base Addr    Size         Type   Attr      Idx    E Section Name        Object

    0x20000000   0x00000048   Data   RW           23    .data               main.o
    0x20000048   0x00000014   Data   RW          352    .data               system_stm32f10x.o
    0x2000005c   0x00000019   Data   RW          512    .data               control.o
    0x20000075   0x00000002   Data   RW          747    .data               raspi.o
    0x20000077   0x00000001   PAD
    0x20000078   0x00000015   Data   RW          871    .data               ultrasonic.o
    0x2000008d   0x00000001   PAD
    0x2000008e   0x00000004   Data   RW          933    .data               delay.o
    0x20000092   0x00000002   PAD
    0x20000094   0x00000020   Data   RW          996    .data               usart.o
    0x200000b4   0x00000014   Data   RW         1285    .data               stm32f10x_rcc.o


    Execution Region ER_ZI (Base: 0x200000c8, Size: 0x00000910, Max: 0xffffffff, ABSOLUTE)

    Base Addr    Size         Type   Attr      Idx    E Section Name        Object

    0x200000c8   0x00000050   Zero   RW          391    .bss                gray.o
    0x20000118   0x00000070   Zero   RW          511    .bss                control.o
    0x20000188   0x00000020   Zero   RW          653    .bss                pwm.o
    0x200001a8   0x00000009   Zero   RW          746    .bss                raspi.o
    0x200001b1   0x000001c2   Zero   RW          995    .bss                usart.o
    0x20000373   0x00000001   PAD
    0x20000374   0x00000060   Zero   RW         2358    .bss                c_w.l(libspace.o)
    0x200003d4   0x00000004   PAD
    0x200003d8   0x00000200   Zero   RW         1073    HEAP                startup_stm32f10x_hd.o
    0x200005d8   0x00000400   Zero   RW         1072    STACK               startup_stm32f10x_hd.o


==============================================================================

Image component sizes


      Code (inc. data)   RO Data    RW Data    ZI Data      Debug   Object Name

      2292        222          0         25        112       9793   control.o
       220         26          0          4          0       1591   delay.o
       968         64          0          0         80       5451   gray.o
      1042         94          0          0          0       5624   h_stm.o
      5548        468         16         72          0     264701   main.o
       172         22          0          0          0       1921   misc.o
       162          0          0          0          0       2847   pid.o
      2696        148          0          0         32       6449   pwm.o
       246         20          0          2          9       2329   raspi.o
        64         26        304          0       1536        772   startup_stm32f10x_hd.o
        52         12          0          0          0       1064   stm32f10x_exti.o
       430          6          0          0          0       3702   stm32f10x_gpio.o
        26          0          0          0          0       3398   stm32f10x_it.o
       276         32          0         20          0       4270   stm32f10x_rcc.o
       982         92          0          0          0      11338   stm32f10x_tim.o
       442          6          0          0          0       5893   stm32f10x_usart.o
         0          0          0          0          0         32   sys.o
       328         28          0         20          0       1917   system_stm32f10x.o
       404         62          0         21          0       2708   ultrasonic.o
      2056        166          0         32        450       7392   usart.o

    ----------------------------------------------------------------------
     18432       1494        352        200       2220     343192   Object Totals
         0          0         32          0          0          0   (incl. Generated)
        26          0          0          4          1          0   (incl. Padding)

    ----------------------------------------------------------------------

      Code (inc. data)   RO Data    RW Data    ZI Data      Debug   Library Member Name

         8          0          0          0          0         68   __main.o
       104          0          0          0          0         84   __printf.o
         0          0          0          0          0          0   __rtentry.o
        12          0          0          0          0          0   __rtentry2.o
         6          0          0          0          0          0   __rtentry4.o
        52          8          0          0          0          0   __scatter.o
        26          0          0          0          0          0   __scatter_copy.o
        28          0          0          0          0          0   __scatter_zi.o
        48          6          0          0          0         96   _printf_char_common.o
         6          0          0          0          0          0   _printf_d.o
       120         16          0          0          0         92   _printf_dec.o
       178          0          0          0          0         88   _printf_intcommon.o
         0          0          0          0          0          0   _printf_percent.o
         4          0          0          0          0          0   _printf_percent_end.o
        10          0          0          0          0         68   _sputc.o
        18          0          0          0          0         80   exit.o
         6          0          0          0          0        152   heapauxi.o
         2          0          0          0          0          0   libinit.o
         2          0          0          0          0          0   libinit2.o
         2          0          0          0          0          0   libshutdown.o
         2          0          0          0          0          0   libshutdown2.o
         8          4          0          0         96         68   libspace.o
        40          6          0          0          0         84   noretval__2sprintf.o
         2          0          0          0          0          0   rtexit.o
        10          0          0          0          0          0   rtexit2.o
        74          0          0          0          0         80   sys_stackheap_outer.o
         2          0          0          0          0         68   use_no_semi.o
         2          0          0          0          0         68   use_no_semi_2.o
        98          4          0          0          0         92   d2f.o
       804         16          0          0          0        272   daddsub_clz.o
        24          0          0          0          0         68   dcmpi.o
       688        140          0          0          0        208   ddiv.o
       120          4          0          0          0         92   dleqf.o
       156          4          0          0          0         92   dnaninf.o
        12          0          0          0          0         68   dretinf.o
       108          0          0          0          0         80   drleqf.o
        86          4          0          0          0         84   f2d.o
       450          8          0          0          0        236   faddsub_clz.o
        54          4          0          0          0         84   ffix.o
        86          0          0          0          0        136   fflt_clz.o
       258          4          0          0          0         84   fmul.o
       140          4          0          0          0         84   fnaninf.o
        10          0          0          0          0         68   fretinf.o
         0          0          0          0          0          0   usenofp.o

    ----------------------------------------------------------------------
      3884        232          0          0        100       2844   Library Totals
        18          0          0          0          4          0   (incl. Padding)

    ----------------------------------------------------------------------

      Code (inc. data)   RO Data    RW Data    ZI Data      Debug   Library Name

       772         40          0          0         96       1096   c_w.l
      3094        192          0          0          0       1748   fz_ws.l

    ----------------------------------------------------------------------
      3884        232          0          0        100       2844   Library Totals

    ----------------------------------------------------------------------

==============================================================================


      Code (inc. data)   RO Data    RW Data    ZI Data      Debug   

     22316       1726        352        200       2320     337660   Grand Totals
     22316       1726        352        200       2320     337660   ELF Image Totals
     22316       1726        352        200          0          0   ROM Totals

==============================================================================

    Total RO  Size (Code + RO Data)                22668 (  22.14kB)
    Total RW  Size (RW Data + ZI Data)              2520 (   2.46kB)
    Total ROM Size (Code + RO Data + RW Data)      22868 (  22.33kB)

==============================================================================

