Component: ARM Compiler 5.06 update 3 (build 300) Tool: armlink [4d35c9]

==============================================================================

Section Cross References

    main.o(i.main) refers to delay.o(i.delay_init) for delay_init
    main.o(i.main) refers to control.o(i.Control_grayInit) for Control_grayInit
    main.o(i.main) refers to control.o(i.Control_pidInit) for Control_pidInit
    main.o(i.main) refers to control.o(i.Control_pwmInit) for Control_pwmInit
    main.o(i.main) refers to delay.o(i.delay_ms) for delay_ms
    main.o(i.main) refers to misc.o(i.NVIC_PriorityGroupConfig) for NVIC_PriorityGroupConfig
    main.o(i.main) refers to usart.o(i.uart1_init) for uart1_init
    main.o(i.main) refers to usart.o(i.uart2_init) for uart2_init
    main.o(i.main) refers to ultrasonic.o(i.ultrasonic_IRQ_init) for ultrasonic_IRQ_init
    main.o(i.main) refers to ultrasonic.o(i.ultrasonic_GPIO_init) for ultrasonic_GPIO_init
    main.o(i.main) refers to ultrasonic.o(i.TIM5_Configuration) for TIM5_Configuration
    main.o(i.main) refers to control.o(i.Control_Straight) for Control_Straight
    main.o(i.main) refers to raspi.o(i.request_colorList) for request_colorList
    main.o(i.main) refers to main.o(.data) for gray_request
    main.o(i.march_in_line) refers to timer.o(i.TIM4_Int_Init) for TIM4_Int_Init
    main.o(i.march_in_line) refers to stm32f10x_tim.o(i.TIM_Cmd) for TIM_Cmd
    main.o(i.march_in_line) refers to control.o(i.Control_changeSpeed) for Control_changeSpeed
    main.o(i.march_in_line) refers to control.o(i.Control_Straight) for Control_Straight
    main.o(i.march_in_line) refers to main.o(.data) for gray_request
    main.o(i.march_in_line) refers to timer.o(.data) for TIM4_mode
    system_stm32f10x.o(i.SetSysClock) refers to system_stm32f10x.o(i.SetSysClockTo72) for SetSysClockTo72
    system_stm32f10x.o(i.SystemCoreClockUpdate) refers to system_stm32f10x.o(.data) for SystemCoreClock
    system_stm32f10x.o(i.SystemInit) refers to system_stm32f10x.o(i.SetSysClock) for SetSysClock
    gray.o(i.CalculFromGray) refers to fflt_clz.o(x$fpl$ffltu) for __aeabi_ui2f
    gray.o(i.CalculFromGray) refers to f2d.o(x$fpl$f2d) for __aeabi_f2d
    gray.o(i.CalculFromGray) refers to ddiv.o(x$fpl$ddiv) for __aeabi_ddiv
    gray.o(i.CalculFromGray) refers to daddsub_clz.o(x$fpl$dsub) for __aeabi_dsub
    gray.o(i.CalculFromGray) refers to fflt_clz.o(x$fpl$fflt) for __aeabi_i2f
    gray.o(i.CalculFromGray) refers to d2f.o(x$fpl$d2f) for __aeabi_d2f
    gray.o(i.CalculFromGray) refers to drleqf.o(x$fpl$drleqf) for __aeabi_cdrcmple
    gray.o(i.CalculFromGray) refers to fleqf.o(x$fpl$fleqf) for __aeabi_cfcmple
    gray.o(i.Gray_Init) refers to stm32f10x_rcc.o(i.RCC_APB2PeriphClockCmd) for RCC_APB2PeriphClockCmd
    gray.o(i.Gray_Init) refers to stm32f10x_gpio.o(i.GPIO_Init) for GPIO_Init
    gray.o(i.Read_Gray) refers to gray.o(i.Read_Gray0) for Read_Gray0
    gray.o(i.Read_Gray) refers to gray.o(i.CalculFromGray) for CalculFromGray
    gray.o(i.Read_Gray) refers to gray.o(i.Read_Gray1) for Read_Gray1
    gray.o(i.Read_Gray) refers to gray.o(i.Read_Gray2) for Read_Gray2
    gray.o(i.Read_Gray) refers to gray.o(i.Read_Gray3) for Read_Gray3
    gray.o(i.Read_Gray) refers to gray.o(.bss) for graycal_0
    pid.o(i.increpid) refers to fmul.o(x$fpl$fmul) for __aeabi_fmul
    pid.o(i.increpid) refers to faddsub_clz.o(x$fpl$frsb) for __aeabi_frsub
    pid.o(i.increpid) refers to faddsub_clz.o(x$fpl$fadd) for __aeabi_fadd
    pid.o(i.increpid) refers to faddsub_clz.o(x$fpl$fsub) for __aeabi_fsub
    control.o(i.Control_Rotate) refers to pwm.o(i.rotate) for rotate
    control.o(i.Control_Rotate) refers to delay.o(i.delay_ms) for delay_ms
    control.o(i.Control_Straight) refers to gray.o(i.Read_Gray) for Read_Gray
    control.o(i.Control_Straight) refers to pid.o(i.increpid) for increpid
    control.o(i.Control_Straight) refers to fmul.o(x$fpl$fmul) for __aeabi_fmul
    control.o(i.Control_Straight) refers to ffix.o(x$fpl$ffix) for __aeabi_f2iz
    control.o(i.Control_Straight) refers to pwm.o(i.straight) for straight
    control.o(i.Control_Straight) refers to faddsub_clz.o(x$fpl$fadd) for __aeabi_fadd
    control.o(i.Control_Straight) refers to f2d.o(x$fpl$f2d) for __aeabi_f2d
    control.o(i.Control_Straight) refers to ddiv.o(x$fpl$ddiv) for __aeabi_ddiv
    control.o(i.Control_Straight) refers to d2f.o(x$fpl$d2f) for __aeabi_d2f
    control.o(i.Control_Straight) refers to gray.o(.bss) for graycal_0
    control.o(i.Control_Straight) refers to control.o(.data) for valid_increnum
    control.o(i.Control_Straight) refers to control.o(.bss) for PIDf
    control.o(i.Control_changeSpeed) refers to pwm.o(i.PWMstraightSet) for PWMstraightSet
    control.o(i.Control_grayInit) refers to gray.o(i.Gray_Init) for Gray_Init
    control.o(i.Control_pidInit) refers to pid.o(i.pidInit) for pidInit
    control.o(i.Control_pidInit) refers to pid.o(i.pidSetPoint) for pidSetPoint
[...]
    Removing stm32f10x_exti.o(i.EXTI_ClearFlag), (12 bytes).
    Removing stm32f10x_exti.o(i.EXTI_DeInit), (36 bytes).
    Removing stm32f10x_exti.o(i.EXTI_GenerateSWInterrupt), (16 bytes).
    Removing stm32f10x_exti.o(i.EXTI_GetFlagStatus), (24 bytes).
    Removing stm32f10x_exti.o(i.EXTI_StructInit), (16 bytes).

179 unused section(s) (total 6773 bytes) removed from the image.

==============================================================================

Image Symbol Table

    Local Symbols

    Symbol Name                              Value     Ov Type        Size  Object(Section)

    ../clib/angel/boardlib.s                 0x00000000   Number         0  boardshut.o ABSOLUTE
    ../clib/angel/boardlib.s                 0x00000000   Number         0  boardinit3.o ABSOLUTE
    ../clib/angel/boardlib.s                 0x00000000   Number         0  boardinit1.o ABSOLUTE
    ../clib/angel/boardlib.s                 0x00000000   Number         0  boardinit2.o ABSOLUTE
    ../clib/angel/handlers.s                 0x00000000   Number         0  __scatter_copy.o ABSOLUTE
    ../clib/angel/handlers.s                 0x00000000   Number         0  __scatter_zi.o ABSOLUTE
    ../clib/angel/kernel.s                   0x00000000   Number         0  rtexit.o ABSOLUTE
    ../clib/angel/kernel.s                   0x00000000   Number         0  rtexit2.o ABSOLUTE
    ../clib/angel/kernel.s                   0x00000000   Number         0  __rtentry.o ABSOLUTE
    ../clib/angel/kernel.s                   0x00000000   Number         0  __rtentry2.o ABSOLUTE
    ../clib/angel/kernel.s                   0x00000000   Number         0  __rtentry4.o ABSOLUTE
    ../clib/angel/rt.s                       0x00000000   Number         0  rt_raise.o ABSOLUTE
    ../clib/angel/scatter.s                  0x00000000   Number         0  __scatter.o ABSOLUTE
    ../clib/angel/startup.s                  0x00000000   Number         0  __main.o ABSOLUTE
    ../clib/angel/sys.s                      0x00000000   Number         0  use_no_semi.o ABSOLUTE
    ../clib/angel/sys.s                      0x00000000   Number         0  libspace.o ABSOLUTE
    ../clib/angel/sys.s                      0x00000000   Number         0  use_no_semi_2.o ABSOLUTE
    ../clib/angel/sys.s                      0x00000000   Number         0  sys_stackheap_outer.o ABSOLUTE
    ../clib/angel/sys.s                      0x00000000   Number         0  indicate_semi.o ABSOLUTE
    ../clib/angel/sysapp.c                   0x00000000   Number         0  sys_wrch.o ABSOLUTE
    ../clib/angel/sysapp.c                   0x00000000   Number         0  sys_command.o ABSOLUTE
    ../clib/armsys.c                         0x00000000   Number         0  argv_veneer.o ABSOLUTE
    ../clib/armsys.c                         0x00000000   Number         0  argv_veneer.o ABSOLUTE
    ../clib/armsys.c                         0x00000000   Number         0  _get_argv_nomalloc.o ABSOLUTE
    ../clib/armsys.c                         0x00000000   Number         0  no_argv.o ABSOLUTE
    ../clib/heapalloc.c                      0x00000000   Number         0  hrguard.o ABSOLUTE
    ../clib/heapaux.c                        0x00000000   Number         0  heapauxi.o ABSOLUTE
    ../clib/libinit.s                        0x00000000   Number         0  libinit.o ABSOLUTE
    ../clib/libinit.s                        0x00000000   Number         0  libinit2.o ABSOLUTE
    ../clib/libinit.s                        0x00000000   Number         0  libshutdown.o ABSOLUTE
    ../clib/libinit.s                        0x00000000   Number         0  libshutdown2.o ABSOLUTE
    ../clib/printf.c                         0x00000000   Number         0  __printf_wp.o ABSOLUTE
    ../clib/printf.c                         0x00000000   Number         0  _sputc.o ABSOLUTE
    ../clib/printf.c                         0x00000000   Number         0  _printf_char_common.o ABSOLUTE
    ../clib/printf.c                         0x00000000   Number         0  _printf_intcommon.o ABSOLUTE
    ../clib/printf.c                         0x00000000   Number         0  __2sprintf.o ABSOLUTE
    ../clib/printf.c                         0x00000000   Number         0  __printf_flags_wp.o ABSOLUTE
    ../clib/printf.c                         0x00000000   Number         0  noretval__2sprintf.o ABSOLUTE
    ../clib/printf.c                         0x00000000   Number         0  __printf_ss_wp.o ABSOLUTE
    ../clib/printf.c                         0x00000000   Number         0  __printf.o ABSOLUTE
    ../clib/printf.c                         0x00000000   Number         0  __printf_flags_ss_wp.o ABSOLUTE
    ../clib/printf.c                         0x00000000   Number         0  _printf_dec.o ABSOLUTE
    ../clib/printf.c                         0x00000000   Number         0  __printf_nopercent.o ABSOLUTE
    ../clib/printf.c                         0x00000000   Number         0  __printf_flags.o ABSOLUTE
    ../clib/printf.c                         0x00000000   Number         0  __printf_ss.o ABSOLUTE
    ../clib/printf.c                         0x00000000   Number         0  __printf_flags_ss.o ABSOLUTE
    ../clib/printf_percent.s                 0x00000000   Number         0  _printf_percent_end.o ABSOLUTE
    ../clib/printf_percent.s                 0x00000000   Number         0  _printf_d.o ABSOLUTE
    ../clib/printf_percent.s                 0x00000000   Number         0  _printf_percent.o ABSOLUTE
    ../clib/signal.c                         0x00000000   Number         0  defsig_rtred_inner.o ABSOLUTE
    ../clib/signal.c                         0x00000000   Number         0  defsig_abrt_inner.o ABSOLUTE
    ../clib/signal.c                         0x00000000   Number         0  defsig_fpe_inner.o ABSOLUTE
    ../clib/signal.c                         0x00000000   Number         0  defsig_stak_inner.o ABSOLUTE
    ../clib/signal.c                         0x00000000   Number         0  defsig_general.o ABSOLUTE
    ../clib/signal.c                         0x00000000   Number         0  defsig_segv_inner.o ABSOLUTE
    ../clib/signal.c                         0x00000000   Number         0  __raise.o ABSOLUTE
    ../clib/signal.c                         0x00000000   Number         0  defsig_other.o ABSOLUTE
    ../clib/signal.c                         0x00000000   Number         0  defsig_exit.o ABSOLUTE
    ../clib/signal.c                         0x00000000   Number         0  defsig_rtmem_inner.o ABSOLUTE
    ../clib/signal.c                         0x00000000   Number         0  defsig_rtmem_formal.o ABSOLUTE
    ../clib/signal.c                         0x00000000   Number         0  defsig_cppl_inner.o ABSOLUTE
    ../clib/signal.c                         0x00000000   Number         0  defsig_rtmem_outer.o ABSOLUTE
    ../clib/signal.c                         0x00000000   Number         0  defsig_pvfn_inner.o ABSOLUTE
    ../clib/signal.s                         0x00000000   Number         0  defsig.o ABSOLUTE
    ../clib/stdlib.c                         0x00000000   Number         0  exit.o ABSOLUTE
    ../fplib/d2f.s                           0x00000000   Number         0  d2f.o ABSOLUTE
    ../fplib/daddsub.s                       0x00000000   Number         0  daddsub_clz.o ABSOLUTE
    ../fplib/dcmpi.s                         0x00000000   Number         0  dcmpi.o ABSOLUTE
    ../fplib/ddiv.s                          0x00000000   Number         0  ddiv.o ABSOLUTE
    ../fplib/dleqf.s                         0x00000000   Number         0  dleqf.o ABSOLUTE
    ../fplib/dnaninf.s                       0x00000000   Number         0  dnaninf.o ABSOLUTE
    ../fplib/dretinf.s                       0x00000000   Number         0  dretinf.o ABSOLUTE
    ../fplib/drleqf.s                        0x00000000   Number         0  drleqf.o ABSOLUTE
    ../fplib/f2d.s                           0x00000000   Number         0  f2d.o ABSOLUTE
    ../fplib/faddsub.s                       0x00000000   Number         0  faddsub_clz.o ABSOLUTE
    ../fplib/fcmpi.s                         0x00000000   Number         0  fcmpi.o ABSOLUTE
    ../fplib/ffix.s                          0x00000000   Number         0  ffix.o ABSOLUTE
    ../fplib/fflt.s                          0x00000000   Number         0  fflt_clz.o ABSOLUTE
    ../fplib/fleqf.s                         0x00000000   Number         0  fleqf.o ABSOLUTE
    ../fplib/fmul.s                          0x00000000   Number         0  fmul.o ABSOLUTE
    ../fplib/fnaninf.s                       0x00000000   Number         0  fnaninf.o ABSOLUTE
    ../fplib/fpinit.s                        0x00000000   Number         0  fpinit.o ABSOLUTE
    ../fplib/fretinf.s                       0x00000000   Number         0  fretinf.o ABSOLUTE
    ../fplib/usenofp.s                       0x00000000   Number         0  usenofp.o ABSOLUTE
    ..\CORE\core_cm3.c                       0x00000000   Number         0  core_cm3.o ABSOLUTE
    ..\CORE\startup_stm32f10x_hd.s           0x00000000   Number         0  startup_stm32f10x_hd.o ABSOLUTE
    ..\HARDWARE\high-stm32\h_stm.c           0x00000000   Number         0  h_stm.o ABSOLUTE
    ..\HARDWARE\raspi\raspi.c                0x00000000   Number         0  raspi.o ABSOLUTE
    ..\HARDWARE\ultrasonic\ultrasonic.c      0x00000000   Number         0  ultrasonic.o ABSOLUTE
    ..\STM32F10x_FWLib\src\misc.c            0x00000000   Number         0  misc.o ABSOLUTE
    ..\STM32F10x_FWLib\src\stm32f10x_dbgmcu.c 0x00000000   Number         0  stm32f10x_dbgmcu.o ABSOLUTE
    ..\STM32F10x_FWLib\src\stm32f10x_exti.c  0x00000000   Number         0  stm32f10x_exti.o ABSOLUTE
    ..\STM32F10x_FWLib\src\stm32f10x_gpio.c  0x00000000   Number         0  stm32f10x_gpio.o ABSOLUTE
    ..\STM32F10x_FWLib\src\stm32f10x_rcc.c   0x00000000   Number         0  stm32f10x_rcc.o ABSOLUTE
    ..\STM32F10x_FWLib\src\stm32f10x_tim.c   0x00000000   Number         0  stm32f10x_tim.o ABSOLUTE
    ..\STM32F10x_FWLib\src\stm32f10x_usart.c 0x00000000   Number         0  stm32f10x_usart.o ABSOLUTE
    ..\SYSTEM\delay\delay.c                  0x00000000   Number         0  delay.o ABSOLUTE
    ..\SYSTEM\sys\sys.c                      0x00000000   Number         0  sys.o ABSOLUTE
    ..\SYSTEM\usart\usart.c                  0x00000000   Number         0  usart.o ABSOLUTE
    ..\\CORE\\core_cm3.c                     0x00000000   Number         0  core_cm3.o ABSOLUTE
    ..\\SYSTEM\\sys\\sys.c                   0x00000000   Number         0  sys.o ABSOLUTE
    control.c                                0x00000000   Number         0  control.o ABSOLUTE
    dc.s                                     0x00000000   Number         0  dc.o ABSOLUTE
    gray.c                                   0x00000000   Number         0  gray.o ABSOLUTE
    main.c                                   0x00000000   Number         0  main.o ABSOLUTE
    pid.c                                    0x00000000   Number         0  pid.o ABSOLUTE
    pwm.c                                    0x00000000   Number         0  pwm.o ABSOLUTE
    stm32f10x_it.c                           0x00000000   Number         0  stm32f10x_it.o ABSOLUTE
    system_stm32f10x.c                       0x00000000   Number         0  system_stm32f10x.o ABSOLUTE
    timer.c                                  0x00000000   Number         0  timer.o ABSOLUTE
    RESET                                    0x08000000   Section      304  startup_stm32f10x_hd.o(RESET)
    !!!main                                  0x08000130   Section        8  __main.o(!!!main)
    !!!scatter                               0x08000138   Section       52  __scatter.o(!!!scatter)
    !!handler_copy                           0x0800016c   Section       26  __scatter_copy.o(!!handler_copy)
    !!handler_zi                             0x08000188   Section       28  __scatter_zi.o(!!handler_zi)
    .ARM.Collect$$_printf_percent$$00000000  0x080001a4   Section        0  _printf_percent.o(.ARM.Collect$$_printf_percent$$00000000)
    .ARM.Collect$$_printf_percent$$00000009  0x080001a4   Section        6  _printf_d.o(.ARM.Collect$$_printf_percent$$00000009)
    .ARM.Collect$$_printf_percent$$00000017  0x080001aa   Section        4  _printf_percent_end.o(.ARM.Collect$$_printf_percent$$00000017)
    .ARM.Collect$$libinit$$00000000          0x080001ae   Section        2  libinit.o(.ARM.Collect$$libinit$$00000000)
    .ARM.Collect$$libinit$$00000002          0x080001b0   Section        0  libinit2.o(.ARM.Collect$$libinit$$00000002)
    .ARM.Collect$$libinit$$00000004          0x080001b0   Section        0  libinit2.o(.ARM.Collect$$libinit$$00000004)
    .ARM.Collect$$libinit$$0000000A          0x080001b0   Section        0  libinit2.o(.ARM.Collect$$libinit$$0000000A)
    .ARM.Collect$$libinit$$0000000C          0x080001b0   Section        0  libinit2.o(.ARM.Collect$$libinit$$0000000C)
    .ARM.Collect$$libinit$$0000000E          0x080001b0   Section        0  libinit2.o(.ARM.Collect$$libinit$$0000000E)
    .ARM.Collect$$libinit$$00000011          0x080001b0   Section        0  libinit2.o(.ARM.Collect$$libinit$$00000011)
    .ARM.Collect$$libinit$$00000013          0x080001b0   Section        0  libinit2.o(.ARM.Collect$$libinit$$00000013)
    .ARM.Collect$$libinit$$00000015          0x080001b0   Section        0  libinit2.o(.ARM.Collect$$libinit$$00000015)
    .ARM.Collect$$libinit$$00000017          0x080001b0   Section        0  libinit2.o(.ARM.Collect$$libinit$$00000017)
    .ARM.Collect$$libinit$$00000019          0x080001b0   Section        0  libinit2.o(.ARM.Collect$$libinit$$00000019)
    .ARM.Collect$$libinit$$0000001B          0x080001b0   Section        0  libinit2.o(.ARM.Collect$$libinit$$0000001B)
    .ARM.Collect$$libinit$$0000001D          0x080001b0   Section        0  libinit2.o(.ARM.Collect$$libinit$$0000001D)
    .ARM.Collect$$libinit$$0000001F          0x080001b0   Section        0  libinit2.o(.ARM.Collect$$libinit$$0000001F)
    .ARM.Collect$$libinit$$00000021          0x080001b0   Section        0  libinit2.o(.ARM.Collect$$libinit$$00000021)
    .ARM.Collect$$libinit$$00000023          0x080001b0   Section        0  libinit2.o(.ARM.Collect$$libinit$$00000023)
    .ARM.Collect$$libinit$$00000025          0x080001b0   Section        0  libinit2.o(.ARM.Collect$$libinit$$00000025)
    .ARM.Collect$$libinit$$0000002C          0x080001b0   Section        0  libinit2.o(.ARM.Collect$$libinit$$0000002C)
    .ARM.Collect$$libinit$$0000002E          0x080001b0   Section        0  libinit2.o(.ARM.Collect$$libinit$$0000002E)
    .ARM.Collect$$libinit$$00000030          0x080001b0   Section        0  libinit2.o(.ARM.Collect$$libinit$$00000030)
    .ARM.Collect$$libinit$$00000032          0x080001b0   Section        0  libinit2.o(.ARM.Collect$$libinit$$00000032)
    .ARM.Collect$$libinit$$00000033          0x080001b0   Section        2  libinit2.o(.ARM.Collect$$libinit$$00000033)
    .ARM.Collect$$libshutdown$$00000000      0x080001b2   Section        2  libshutdown.o(.ARM.Collect$$libshutdown$$00000000)
    .ARM.Collect$$libshutdown$$00000002      0x080001b4   Section        0  libshutdown2.o(.ARM.Collect$$libshutdown$$00000002)
    .ARM.Collect$$libshutdown$$00000004      0x080001b4   Section        0  libshutdown2.o(.ARM.Collect$$libshutdown$$00000004)
    .ARM.Collect$$libshutdown$$00000007      0x080001b4   Section        0  libshutdown2.o(.ARM.Collect$$libshutdown$$00000007)
    .ARM.Collect$$libshutdown$$0000000A      0x080001b4   Section        0  libshutdown2.o(.ARM.Collect$$libshutdown$$0000000A)
    .ARM.Collect$$libshutdown$$0000000C      0x080001b4   Section        0  libshutdown2.o(.ARM.Collect$$libshutdown$$0000000C)
    .ARM.Collect$$libshutdown$$0000000F      0x080001b4   Section        0  libshutdown2.o(.ARM.Collect$$libshutdown$$0000000F)
    .ARM.Collect$$libshutdown$$00000010      0x080001b4   Section        2  libshutdown2.o(.ARM.Collect$$libshutdown$$00000010)
    .ARM.Collect$$rtentry$$00000000          0x080001b6   Section        0  __rtentry.o(.ARM.Collect$$rtentry$$00000000)
    .ARM.Collect$$rtentry$$00000002          0x080001b6   Section        0  __rtentry2.o(.ARM.Collect$$rtentry$$00000002)
    .ARM.Collect$$rtentry$$00000004          0x080001b6   Section        6  __rtentry4.o(.ARM.Collect$$rtentry$$00000004)
    .ARM.Collect$$rtentry$$00000009          0x080001bc   Section        0  __rtentry2.o(.ARM.Collect$$rtentry$$00000009)
    .ARM.Collect$$rtentry$$0000000A          0x080001bc   Section        4  __rtentry2.o(.ARM.Collect$$rtentry$$0000000A)
    .ARM.Collect$$rtentry$$0000000C          0x080001c0   Section        0  __rtentry2.o(.ARM.Collect$$rtentry$$0000000C)
    .ARM.Collect$$rtentry$$0000000D          0x080001c0   Section        8  __rtentry2.o(.ARM.Collect$$rtentry$$0000000D)
    .ARM.Collect$$rtexit$$00000000           0x080001c8   Section        2  rtexit.o(.ARM.Collect$$rtexit$$00000000)
    .ARM.Collect$$rtexit$$00000002           0x080001ca   Section        0  rtexit2.o(.ARM.Collect$$rtexit$$00000002)
    .ARM.Collect$$rtexit$$00000003           0x080001ca   Section        4  rtexit2.o(.ARM.Collect$$rtexit$$00000003)
    .ARM.Collect$$rtexit$$00000004           0x080001ce   Section        6  rtexit2.o(.ARM.Collect$$rtexit$$00000004)
    .text                                    0x080001d4   Section       64  startup_stm32f10x_hd.o(.text)
    .text                                    0x08000214   Section        2  use_no_semi_2.o(.text)
    .text                                    0x08000218   Section        0  noretval__2sprintf.o(.text)
    .text                                    0x08000240   Section        0  __printf.o(.text)
    .text                                    0x080002a8   Section        0  _printf_dec.o(.text)
    .text                                    0x08000320   Section        0  heapauxi.o(.text)
    .text                                    0x08000326   Section        2  use_no_semi.o(.text)
    .text                                    0x08000328   Section        0  _printf_intcommon.o(.text)
    .text                                    0x080003dc   Section        0  _printf_char_common.o(.text)
    _printf_input_char                       0x080003dd   Thumb Code    10  _printf_char_common.o(.text)
    .text                                    0x0800040c   Section        0  _sputc.o(.text)
    .text                                    0x08000416   Section       74  sys_stackheap_outer.o(.text)
    .text                                    0x08000460   Section        0  exit.o(.text)
    .text                                    0x08000474   Section        8  libspace.o(.text)
    i.BusFault_Handler                       0x0800047c   Section        0  stm32f10x_it.o(i.BusFault_Handler)
    i.CalculFromGray                         0x08000480   Section        0  gray.o(i.CalculFromGray)
    i.Control_Straight                       0x080005a8   Section        0  control.o(i.Control_Straight)
    i.Control_grayInit                       0x080009c4   Section        0  control.o(i.Control_grayInit)
    i.Control_pidInit                        0x080009cc   Section        0  control.o(i.Control_pidInit)
    i.Control_pwmInit                        0x08000a50   Section        0  control.o(i.Control_pwmInit)
    i.DebugMon_Handler                       0x08000a7a   Section        0  stm32f10x_it.o(i.DebugMon_Handler)
    i.EXTI9_5_IRQHandler                     0x08000a7c   Section        0  ultrasonic.o(i.EXTI9_5_IRQHandler)
    i.EXTI_ClearITPendingBit                 0x08000af8   Section        0  stm32f10x_exti.o(i.EXTI_ClearITPendingBit)
    i.EXTI_GetITStatus                       0x08000b04   Section        0  stm32f10x_exti.o(i.EXTI_GetITStatus)
    i.EXTI_Init                              0x08000b2c   Section        0  stm32f10x_exti.o(i.EXTI_Init)
    i.GPIO_EXTILineConfig                    0x08000bc0   Section        0  stm32f10x_gpio.o(i.GPIO_EXTILineConfig)
    i.GPIO_Init                              0x08000c00   Section        0  stm32f10x_gpio.o(i.GPIO_Init)
    i.GPIO_PinRemapConfig                    0x08000d18   Section        0  stm32f10x_gpio.o(i.GPIO_PinRemapConfig)
    i.GPIO_ResetBits                         0x08000da8   Section        0  stm32f10x_gpio.o(i.GPIO_ResetBits)
    i.GPIO_SetBits                           0x08000dac   Section        0  stm32f10x_gpio.o(i.GPIO_SetBits)
    i.Gray_Init                              0x08000db0   Section        0  gray.o(i.Gray_Init)
    i.HardFault_Handler                      0x08000dfc   Section        0  stm32f10x_it.o(i.HardFault_Handler)
    i.MemManage_Handler                      0x08000e00   Section        0  stm32f10x_it.o(i.MemManage_Handler)
    i.NMI_Handler                            0x08000e04   Section        0  stm32f10x_it.o(i.NMI_Handler)
    i.NVIC_Init                              0x08000e08   Section        0  misc.o(i.NVIC_Init)
    i.NVIC_PriorityGroupConfig               0x08000e78   Section        0  misc.o(i.NVIC_PriorityGroupConfig)
    i.PWMrotateInit                          0x08000e8c   Section        0  pwm.o(i.PWMrotateInit)
    i.PWMstraightInit                        0x08000ea0   Section        0  pwm.o(i.PWMstraightInit)
    i.PendSV_Handler                         0x08000eb4   Section        0  stm32f10x_it.o(i.PendSV_Handler)
    i.RCC_APB1PeriphClockCmd                 0x08000eb8   Section        0  stm32f10x_rcc.o(i.RCC_APB1PeriphClockCmd)
    i.RCC_APB2PeriphClockCmd                 0x08000ed8   Section        0  stm32f10x_rcc.o(i.RCC_APB2PeriphClockCmd)
    i.RCC_GetClocksFreq                      0x08000ef8   Section        0  stm32f10x_rcc.o(i.RCC_GetClocksFreq)
    i.Read_Gray                              0x08000fcc   Section        0  gray.o(i.Read_Gray)
    i.Read_Gray0                             0x08001044   Section        0  gray.o(i.Read_Gray0)
    i.Read_Gray1                             0x08001068   Section        0  gray.o(i.Read_Gray1)
    i.Read_Gray2                             0x08001088   Section        0  gray.o(i.Read_Gray2)
    i.Read_Gray3                             0x080010ac   Section        0  gray.o(i.Read_Gray3)
    i.SVC_Handler                            0x080010d0   Section        0  stm32f10x_it.o(i.SVC_Handler)
    i.SetSysClock                            0x080010d2   Section        0  system_stm32f10x.o(i.SetSysClock)
    SetSysClock                              0x080010d3   Thumb Code     8  system_stm32f10x.o(i.SetSysClock)
    i.SetSysClockTo72                        0x080010dc   Section        0  system_stm32f10x.o(i.SetSysClockTo72)
    SetSysClockTo72                          0x080010dd   Thumb Code   214  system_stm32f10x.o(i.SetSysClockTo72)
    i.SysTick_CLKSourceConfig                0x080011bc   Section        0  misc.o(i.SysTick_CLKSourceConfig)
    i.SysTick_Handler                        0x080011e4   Section        0  stm32f10x_it.o(i.SysTick_Handler)
    i.SystemInit                             0x080011e8   Section        0  system_stm32f10x.o(i.SystemInit)
    i.TIM3_IRQHandler                        0x08001248   Section        0  pwm.o(i.TIM3_IRQHandler)
    i.TIM3_PWM_Init                          0x08001278   Section        0  pwm.o(i.TIM3_PWM_Init)
    i.TIM4_IRQHandler                        0x08001378   Section        0  timer.o(i.TIM4_IRQHandler)
    i.TIM5_Configuration                     0x080013c0   Section        0  ultrasonic.o(i.TIM5_Configuration)
    i.TIM_ClearITPendingBit                  0x080013f0   Section        0  stm32f10x_tim.o(i.TIM_ClearITPendingBit)
    i.TIM_Cmd                                0x080013f6   Section        0  stm32f10x_tim.o(i.TIM_Cmd)
    i.TIM_GetCounter                         0x0800140e   Section        0  stm32f10x_tim.o(i.TIM_GetCounter)
    i.TIM_GetITStatus                        0x08001414   Section        0  stm32f10x_tim.o(i.TIM_GetITStatus)
    i.TIM_OC1Init                            0x08001438   Section        0  stm32f10x_tim.o(i.TIM_OC1Init)
    i.TIM_OC1PreloadConfig                   0x080014d0   Section        0  stm32f10x_tim.o(i.TIM_OC1PreloadConfig)
    i.TIM_OC2Init                            0x080014e4   Section        0  stm32f10x_tim.o(i.TIM_OC2Init)
    i.TIM_OC2PreloadConfig                   0x08001588   Section        0  stm32f10x_tim.o(i.TIM_OC2PreloadConfig)
    i.TIM_OC3Init                            0x080015a4   Section        0  stm32f10x_tim.o(i.TIM_OC3Init)
    i.TIM_OC3PreloadConfig                   0x08001644   Section        0  stm32f10x_tim.o(i.TIM_OC3PreloadConfig)
    i.TIM_OC4Init                            0x08001658   Section        0  stm32f10x_tim.o(i.TIM_OC4Init)
    i.TIM_OC4PreloadConfig                   0x080016d4   Section        0  stm32f10x_tim.o(i.TIM_OC4PreloadConfig)
    i.TIM_SetCompare1                        0x080016ee   Section        0  stm32f10x_tim.o(i.TIM_SetCompare1)
    i.TIM_SetCompare2                        0x080016f2   Section        0  stm32f10x_tim.o(i.TIM_SetCompare2)
    i.TIM_SetCompare3                        0x080016f6   Section        0  stm32f10x_tim.o(i.TIM_SetCompare3)
    i.TIM_SetCompare4                        0x080016fa   Section        0  stm32f10x_tim.o(i.TIM_SetCompare4)
    i.TIM_TimeBaseInit                       0x08001700   Section        0  stm32f10x_tim.o(i.TIM_TimeBaseInit)
    i.USART1_IRQHandler                      0x080017a4   Section        0  usart.o(i.USART1_IRQHandler)
    i.USART2_IRQHandler                      0x0800183c   Section        0  usart.o(i.USART2_IRQHandler)
    i.USART_Cmd                              0x080018d0   Section        0  stm32f10x_usart.o(i.USART_Cmd)
    i.USART_GetFlagStatus                    0x080018e8   Section        0  stm32f10x_usart.o(i.USART_GetFlagStatus)
    i.USART_GetITStatus                      0x08001902   Section        0  stm32f10x_usart.o(i.USART_GetITStatus)
    i.USART_ITConfig                         0x08001956   Section        0  stm32f10x_usart.o(i.USART_ITConfig)
    i.USART_Init                             0x080019a0   Section        0  stm32f10x_usart.o(i.USART_Init)
    i.USART_ReceiveData                      0x08001a78   Section        0  stm32f10x_usart.o(i.USART_ReceiveData)
    i.USART_SendData                         0x08001a82   Section        0  stm32f10x_usart.o(i.USART_SendData)
    i.UsageFault_Handler                     0x08001a8a   Section        0  stm32f10x_it.o(i.UsageFault_Handler)
    i.Usart_SendString                       0x08001a8e   Section        0  usart.o(i.Usart_SendString)
    i._sys_exit                              0x08001ac4   Section        0  usart.o(i._sys_exit)
    i.connect_raspi                          0x08001acc   Section        0  raspi.o(i.connect_raspi)
    i.delay_init                             0x08001b50   Section        0  delay.o(i.delay_init)
    i.delay_ms                               0x08001b94   Section        0  delay.o(i.delay_ms)
    i.get_motor                              0x08001be0   Section        0  usart.o(i.get_motor)
    i.increpid                               0x08001ecc   Section        0  pid.o(i.increpid)
    i.main                                   0x08001f40   Section        0  main.o(i.main)
    i.pidInit                                0x08002408   Section        0  pid.o(i.pidInit)
    i.pidSetPoint                            0x0800241a   Section        0  pid.o(i.pidSetPoint)
    i.pidSetpara                             0x0800241e   Section        0  pid.o(i.pidSetpara)
    i.push_quest                             0x08002428   Section        0  raspi.o(i.push_quest)
    i.request_colorList                      0x0800260c   Section        0  raspi.o(i.request_colorList)
    i.straight                               0x0800262c   Section        0  pwm.o(i.straight)
    i.uart1_init                             0x08002788   Section        0  usart.o(i.uart1_init)
    i.uart2_init                             0x08002828   Section        0  usart.o(i.uart2_init)
    i.ultrasonic_GPIO_init                   0x080028cc   Section        0  ultrasonic.o(i.ultrasonic_GPIO_init)
    i.ultrasonic_IRQ_init                    0x08002944   Section        0  ultrasonic.o(i.ultrasonic_IRQ_init)
    x$fpl$d2f                                0x08002970   Section       98  d2f.o(x$fpl$d2f)
    x$fpl$dadd                               0x080029d4   Section      336  daddsub_clz.o(x$fpl$dadd)
    _dadd1                                   0x080029e5   Thumb Code     0  daddsub_clz.o(x$fpl$dadd)
    x$fpl$dcmpinf                            0x08002b24   Section       24  dcmpi.o(x$fpl$dcmpinf)
    x$fpl$ddiv                               0x08002b3c   Section      688  ddiv.o(x$fpl$ddiv)
    ddiv_entry                               0x08002b43   Thumb Code     0  ddiv.o(x$fpl$ddiv)
    x$fpl$dleqf                              0x08002dec   Section      120  dleqf.o(x$fpl$dleqf)
    x$fpl$dnaninf                            0x08002e64   Section      156  dnaninf.o(x$fpl$dnaninf)
    x$fpl$dretinf                            0x08002f00   Section       12  dretinf.o(x$fpl$dretinf)
    x$fpl$drleqf                             0x08002f0c   Section      108  drleqf.o(x$fpl$drleqf)
    x$fpl$dsub                               0x08002f78   Section      468  daddsub_clz.o(x$fpl$dsub)
    _dsub1                                   0x08002f89   Thumb Code     0  daddsub_clz.o(x$fpl$dsub)
    x$fpl$f2d                                0x0800314c   Section       86  f2d.o(x$fpl$f2d)
    x$fpl$fadd                               0x080031a4   Section      196  faddsub_clz.o(x$fpl$fadd)
    _fadd1                                   0x080031b3   Thumb Code     0  faddsub_clz.o(x$fpl$fadd)
    x$fpl$fcmpinf                            0x08003268   Section       24  fcmpi.o(x$fpl$fcmpinf)
    x$fpl$ffix                               0x08003280   Section       54  ffix.o(x$fpl$ffix)
    x$fpl$fflt                               0x080032b8   Section       48  fflt_clz.o(x$fpl$fflt)
    x$fpl$ffltu                              0x080032e8   Section       38  fflt_clz.o(x$fpl$ffltu)
    x$fpl$fleqf                              0x08003310   Section      104  fleqf.o(x$fpl$fleqf)
    x$fpl$fmul                               0x08003378   Section      258  fmul.o(x$fpl$fmul)
    x$fpl$fnaninf                            0x0800347a   Section      140  fnaninf.o(x$fpl$fnaninf)
    x$fpl$fretinf                            0x08003506   Section       10  fretinf.o(x$fpl$fretinf)
    x$fpl$frsb                               0x08003510   Section       20  faddsub_clz.o(x$fpl$frsb)
    x$fpl$fsub                               0x08003524   Section      234  faddsub_clz.o(x$fpl$fsub)
    _fsub1                                   0x08003533   Thumb Code     0  faddsub_clz.o(x$fpl$fsub)
    x$fpl$usenofp                            0x0800360e   Section        0  usenofp.o(x$fpl$usenofp)
    .data                                    0x20000000   Section       34  main.o(.data)
    .data                                    0x20000024   Section       20  system_stm32f10x.o(.data)
    .data                                    0x20000038   Section        8  control.o(.data)
    .data                                    0x20000040   Section       32  pwm.o(.data)
    .data                                    0x20000060   Section        2  timer.o(.data)
    .data                                    0x20000062   Section       10  raspi.o(.data)
    .data                                    0x2000006c   Section        3  ultrasonic.o(.data)
    .data                                    0x20000070   Section        4  delay.o(.data)
    fac_us                                   0x20000070   Data           1  delay.o(.data)
    fac_ms                                   0x20000072   Data           2  delay.o(.data)
    .data                                    0x20000074   Section       24  usart.o(.data)
    .data                                    0x2000008c   Section       20  stm32f10x_rcc.o(.data)
    APBAHBPrescTable                         0x2000008c   Data          16  stm32f10x_rcc.o(.data)
    ADCPrescTable                            0x2000009c   Data           4  stm32f10x_rcc.o(.data)
    .bss                                     0x200000a0   Section       96  gray.o(.bss)
    .bss                                     0x20000100   Section      112  control.o(.bss)
    .bss                                     0x20000170   Section      450  usart.o(.bss)
    .bss                                     0x20000334   Section       96  libspace.o(.bss)
    HEAP                                     0x20000398   Section      512  startup_stm32f10x_hd.o(HEAP)
    Heap_Mem                                 0x20000398   Data         512  startup_stm32f10x_hd.o(HEAP)
    STACK                                    0x20000598   Section     1024  startup_stm32f10x_hd.o(STACK)
    Stack_Mem                                0x20000598   Data        1024  startup_stm32f10x_hd.o(STACK)
    __initial_sp                             0x20000998   Data           0  startup_stm32f10x_hd.o(STACK)

    Global Symbols

    Symbol Name                              Value     Ov Type        Size  Object(Section)

    BuildAttributes$$THM_ISAv4$P$D$K$B$S$PE$A:L22UL41UL21$X:L11$S22US41US21$IEEE1$IW$USESV6$~STKCKD$USESV7$~SHL$OSPACE$ROPI$EBA8$UX$STANDARDLIB$REQ8$PRES8$EABIv2 0x00000000   Number         0  anon$$obj.o ABSOLUTE
    __ARM_use_no_argv                        0x00000000   Number         0  main.o ABSOLUTE
    __ARM_exceptions_init                     - Undefined Weak Reference
    __alloca_initialize                       - Undefined Weak Reference
    __arm_preinit_                            - Undefined Weak Reference
    __cpp_initialize__aeabi_                  - Undefined Weak Reference
    __cxa_finalize                            - Undefined Weak Reference
    __rt_locale                               - Undefined Weak Reference
    __sigvec_lookup                           - Undefined Weak Reference
    _atexit_init                              - Undefined Weak Reference
    _call_atexit_fns                          - Undefined Weak Reference
    _clock_init                               - Undefined Weak Reference
    _fp_trap_init                             - Undefined Weak Reference
    _fp_trap_shutdown                         - Undefined Weak Reference
    _get_lc_collate                           - Undefined Weak Reference
    _get_lc_ctype                             - Undefined Weak Reference
    _get_lc_monetary                          - Undefined Weak Reference
    _get_lc_numeric                           - Undefined Weak Reference
    _get_lc_time                              - Undefined Weak Reference
    _getenv_init                              - Undefined Weak Reference
    _handle_redirection                       - Undefined Weak Reference
    _init_alloc                               - Undefined Weak Reference
    _init_user_alloc                          - Undefined Weak Reference
    _initio                                   - Undefined Weak Reference
    _printf_post_padding                      - Undefined Weak Reference
    _printf_pre_padding                       - Undefined Weak Reference
    _printf_truncate_signed                   - Undefined Weak Reference
    _printf_truncate_unsigned                 - Undefined Weak Reference
    _rand_init                                - Undefined Weak Reference
    _signal_finish                            - Undefined Weak Reference
    _signal_init                              - Undefined Weak Reference
    _terminate_alloc                          - Undefined Weak Reference
    _terminate_user_alloc                     - Undefined Weak Reference
    _terminateio                              - Undefined Weak Reference
    __Vectors_Size                           0x00000130   Number         0  startup_stm32f10x_hd.o ABSOLUTE
    __Vectors                                0x08000000   Data           4  startup_stm32f10x_hd.o(RESET)
    __Vectors_End                            0x08000130   Data           0  startup_stm32f10x_hd.o(RESET)
    __main                                   0x08000131   Thumb Code     8  __main.o(!!!main)
    __scatterload                            0x08000139   Thumb Code     0  __scatter.o(!!!scatter)
    __scatterload_rt2                        0x08000139   Thumb Code    44  __scatter.o(!!!scatter)
    __scatterload_rt2_thumb_only             0x08000139   Thumb Code     0  __scatter.o(!!!scatter)
    __scatterload_null                       0x08000147   Thumb Code     0  __scatter.o(!!!scatter)
    __scatterload_copy                       0x0800016d   Thumb Code    26  __scatter_copy.o(!!handler_copy)
    __scatterload_zeroinit                   0x08000189   Thumb Code    28  __scatter_zi.o(!!handler_zi)
    _printf_d                                0x080001a5   Thumb Code     0  _printf_d.o(.ARM.Collect$$_printf_percent$$00000009)
    _printf_percent                          0x080001a5   Thumb Code     0  _printf_percent.o(.ARM.Collect$$_printf_percent$$00000000)
    _printf_percent_end                      0x080001ab   Thumb Code     0  _printf_percent_end.o(.ARM.Collect$$_printf_percent$$00000017)
    __rt_lib_init                            0x080001af   Thumb Code     0  libinit.o(.ARM.Collect$$libinit$$00000000)
    __rt_lib_init_alloca_1                   0x080001b1   Thumb Code     0  libinit2.o(.ARM.Collect$$libinit$$0000002E)
    __rt_lib_init_argv_1                     0x080001b1   Thumb Code     0  libinit2.o(.ARM.Collect$$libinit$$0000002C)
    __rt_lib_init_atexit_1                   0x080001b1   Thumb Code     0  libinit2.o(.ARM.Collect$$libinit$$0000001B)
    __rt_lib_init_clock_1                    0x080001b1   Thumb Code     0  libinit2.o(.ARM.Collect$$libinit$$00000021)
    __rt_lib_init_cpp_1                      0x080001b1   Thumb Code     0  libinit2.o(.ARM.Collect$$libinit$$00000032)
    __rt_lib_init_exceptions_1               0x080001b1   Thumb Code     0  libinit2.o(.ARM.Collect$$libinit$$00000030)
    __rt_lib_init_fp_1                       0x080001b1   Thumb Code     0  libinit2.o(.ARM.Collect$$libinit$$00000002)
    __rt_lib_init_fp_trap_1                  0x080001b1   Thumb Code     0  libinit2.o(.ARM.Collect$$libinit$$0000001F)
    __rt_lib_init_getenv_1                   0x080001b1   Thumb Code     0  libinit2.o(.ARM.Collect$$libinit$$00000023)
    __rt_lib_init_heap_1                     0x080001b1   Thumb Code     0  libinit2.o(.ARM.Collect$$libinit$$0000000A)
    __rt_lib_init_lc_collate_1               0x080001b1   Thumb Code     0  libinit2.o(.ARM.Collect$$libinit$$00000011)
    __rt_lib_init_lc_ctype_1                 0x080001b1   Thumb Code     0  libinit2.o(.ARM.Collect$$libinit$$00000013)
    __rt_lib_init_lc_monetary_1              0x080001b1   Thumb Code     0  libinit2.o(.ARM.Collect$$libinit$$00000015)
    __rt_lib_init_lc_numeric_1               0x080001b1   Thumb Code     0  libinit2.o(.ARM.Collect$$libinit$$00000017)
    __rt_lib_init_lc_time_1                  0x080001b1   Thumb Code     0  libinit2.o(.ARM.Collect$$libinit$$00000019)
    __rt_lib_init_preinit_1                  0x080001b1   Thumb Code     0  libinit2.o(.ARM.Collect$$libinit$$00000004)
    __rt_lib_init_rand_1                     0x080001b1   Thumb Code     0  libinit2.o(.ARM.Collect$$libinit$$0000000E)
    __rt_lib_init_return                     0x080001b1   Thumb Code     0  libinit2.o(.ARM.Collect$$libinit$$00000033)
    __rt_lib_init_signal_1                   0x080001b1   Thumb Code     0  libinit2.o(.ARM.Collect$$libinit$$0000001D)
    __rt_lib_init_stdio_1                    0x080001b1   Thumb Code     0  libinit2.o(.ARM.Collect$$libinit$$00000025)
    __rt_lib_init_user_alloc_1               0x080001b1   Thumb Code     0  libinit2.o(.ARM.Collect$$libinit$$0000000C)
    __rt_lib_shutdown                        0x080001b3   Thumb Code     0  libshutdown.o(.ARM.Collect$$libshutdown$$00000000)
    __rt_lib_shutdown_cpp_1                  0x080001b5   Thumb Code     0  libshutdown2.o(.ARM.Collect$$libshutdown$$00000002)
    __rt_lib_shutdown_fp_trap_1              0x080001b5   Thumb Code     0  libshutdown2.o(.ARM.Collect$$libshutdown$$00000007)
    __rt_lib_shutdown_heap_1                 0x080001b5   Thumb Code     0  libshutdown2.o(.ARM.Collect$$libshutdown$$0000000F)
    __rt_lib_shutdown_return                 0x080001b5   Thumb Code     0  libshutdown2.o(.ARM.Collect$$libshutdown$$00000010)
    __rt_lib_shutdown_signal_1               0x080001b5   Thumb Code     0  libshutdown2.o(.ARM.Collect$$libshutdown$$0000000A)
    __rt_lib_shutdown_stdio_1                0x080001b5   Thumb Code     0  libshutdown2.o(.ARM.Collect$$libshutdown$$00000004)
    __rt_lib_shutdown_user_alloc_1           0x080001b5   Thumb Code     0  libshutdown2.o(.ARM.Collect$$libshutdown$$0000000C)
    __rt_entry                               0x080001b7   Thumb Code     0  __rtentry.o(.ARM.Collect$$rtentry$$00000000)
    __rt_entry_presh_1                       0x080001b7   Thumb Code     0  __rtentry2.o(.ARM.Collect$$rtentry$$00000002)
    __rt_entry_sh                            0x080001b7   Thumb Code     0  __rtentry4.o(.ARM.Collect$$rtentry$$00000004)
    __rt_entry_li                            0x080001bd   Thumb Code     0  __rtentry2.o(.ARM.Collect$$rtentry$$0000000A)
    __rt_entry_postsh_1                      0x080001bd   Thumb Code     0  __rtentry2.o(.ARM.Collect$$rtentry$$00000009)
    __rt_entry_main                          0x080001c1   Thumb Code     0  __rtentry2.o(.ARM.Collect$$rtentry$$0000000D)
    __rt_entry_postli_1                      0x080001c1   Thumb Code     0  __rtentry2.o(.ARM.Collect$$rtentry$$0000000C)
    __rt_exit                                0x080001c9   Thumb Code     0  rtexit.o(.ARM.Collect$$rtexit$$00000000)
    __rt_exit_ls                             0x080001cb   Thumb Code     0  rtexit2.o(.ARM.Collect$$rtexit$$00000003)
    __rt_exit_prels_1                        0x080001cb   Thumb Code     0  rtexit2.o(.ARM.Collect$$rtexit$$00000002)
    __rt_exit_exit                           0x080001cf   Thumb Code     0  rtexit2.o(.ARM.Collect$$rtexit$$00000004)
    Reset_Handler                            0x080001d5   Thumb Code     8  startup_stm32f10x_hd.o(.text)
    ADC1_2_IRQHandler                        0x080001ef   Thumb Code     0  startup_stm32f10x_hd.o(.text)
    ADC3_IRQHandler                          0x080001ef   Thumb Code     0  startup_stm32f10x_hd.o(.text)
    CAN1_RX1_IRQHandler                      0x080001ef   Thumb Code     0  startup_stm32f10x_hd.o(.text)
    CAN1_SCE_IRQHandler                      0x080001ef   Thumb Code     0  startup_stm32f10x_hd.o(.text)
    DMA1_Channel1_IRQHandler                 0x080001ef   Thumb Code     0  startup_stm32f10x_hd.o(.text)
    DMA1_Channel2_IRQHandler                 0x080001ef   Thumb Code     0  startup_stm32f10x_hd.o(.text)
    DMA1_Channel3_IRQHandler                 0x080001ef   Thumb Code     0  startup_stm32f10x_hd.o(.text)
    DMA1_Channel4_IRQHandler                 0x080001ef   Thumb Code     0  startup_stm32f10x_hd.o(.text)
    DMA1_Channel5_IRQHandler                 0x080001ef   Thumb Code     0  startup_stm32f10x_hd.o(.text)
    DMA1_Channel6_IRQHandler                 0x080001ef   Thumb Code     0  startup_stm32f10x_hd.o(.text)
    DMA1_Channel7_IRQHandler                 0x080001ef   Thumb Code     0  startup_stm32f10x_hd.o(.text)
    DMA2_Channel1_IRQHandler                 0x080001ef   Thumb Code     0  startup_stm32f10x_hd.o(.text)
    DMA2_Channel2_IRQHandler                 0x080001ef   Thumb Code     0  startup_stm32f10x_hd.o(.text)
    DMA2_Channel3_IRQHandler                 0x080001ef   Thumb Code     0  startup_stm32f10x_hd.o(.text)
    DMA2_Channel4_5_IRQHandler               0x080001ef   Thumb Code     0  startup_stm32f10x_hd.o(.text)
    EXTI0_IRQHandler                         0x080001ef   Thumb Code     0  startup_stm32f10x_hd.o(.text)
    EXTI15_10_IRQHandler                     0x080001ef   Thumb Code     0  startup_stm32f10x_hd.o(.text)
    EXTI1_IRQHandler                         0x080001ef   Thumb Code     0  startup_stm32f10x_hd.o(.text)
    EXTI2_IRQHandler                         0x080001ef   Thumb Code     0  startup_stm32f10x_hd.o(.text)
    EXTI3_IRQHandler                         0x080001ef   Thumb Code     0  startup_stm32f10x_hd.o(.text)
    EXTI4_IRQHandler                         0x080001ef   Thumb Code     0  startup_stm32f10x_hd.o(.text)
    FLASH_IRQHandler                         0x080001ef   Thumb Code     0  startup_stm32f10x_hd.o(.text)
    FSMC_IRQHandler                          0x080001ef   Thumb Code     0  startup_stm32f10x_hd.o(.text)
    I2C1_ER_IRQHandler                       0x080001ef   Thumb Code     0  startup_stm32f10x_hd.o(.text)
    I2C1_EV_IRQHandler                       0x080001ef   Thumb Code     0  startup_stm32f10x_hd.o(.text)
    I2C2_ER_IRQHandler                       0x080001ef   Thumb Code     0  startup_stm32f10x_hd.o(.text)
    I2C2_EV_IRQHandler                       0x080001ef   Thumb Code     0  startup_stm32f10x_hd.o(.text)
    PVD_IRQHandler                           0x080001ef   Thumb Code     0  startup_stm32f10x_hd.o(.text)
    RCC_IRQHandler                           0x080001ef   Thumb Code     0  startup_stm32f10x_hd.o(.text)
    RTCAlarm_IRQHandler                      0x080001ef   Thumb Code     0  startup_stm32f10x_hd.o(.text)
    RTC_IRQHandler                           0x080001ef   Thumb Code     0  startup_stm32f10x_hd.o(.text)
    SDIO_IRQHandler                          0x080001ef   Thumb Code     0  startup_stm32f10x_hd.o(.text)
    SPI1_IRQHandler                          0x080001ef   Thumb Code     0  startup_stm32f10x_hd.o(.text)
    SPI2_IRQHandler                          0x080001ef   Thumb Code     0  startup_stm32f10x_hd.o(.text)
    SPI3_IRQHandler                          0x080001ef   Thumb Code     0  startup_stm32f10x_hd.o(.text)
    TAMPER_IRQHandler                        0x080001ef   Thumb Code     0  startup_stm32f10x_hd.o(.text)
    TIM1_BRK_IRQHandler                      0x080001ef   Thumb Code     0  startup_stm32f10x_hd.o(.text)
    TIM1_CC_IRQHandler                       0x080001ef   Thumb Code     0  startup_stm32f10x_hd.o(.text)
    TIM1_TRG_COM_IRQHandler                  0x080001ef   Thumb Code     0  startup_stm32f10x_hd.o(.text)
    TIM1_UP_IRQHandler                       0x080001ef   Thumb Code     0  startup_stm32f10x_hd.o(.text)
    TIM2_IRQHandler                          0x080001ef   Thumb Code     0  startup_stm32f10x_hd.o(.text)
    TIM5_IRQHandler                          0x080001ef   Thumb Code     0  startup_stm32f10x_hd.o(.text)
    TIM6_IRQHandler                          0x080001ef   Thumb Code     0  startup_stm32f10x_hd.o(.text)
    TIM7_IRQHandler                          0x080001ef   Thumb Code     0  startup_stm32f10x_hd.o(.text)
    TIM8_BRK_IRQHandler                      0x080001ef   Thumb Code     0  startup_stm32f10x_hd.o(.text)
    TIM8_CC_IRQHandler                       0x080001ef   Thumb Code     0  startup_stm32f10x_hd.o(.text)
    TIM8_TRG_COM_IRQHandler                  0x080001ef   Thumb Code     0  startup_stm32f10x_hd.o(.text)
    TIM8_UP_IRQHandler                       0x080001ef   Thumb Code     0  startup_stm32f10x_hd.o(.text)
    UART4_IRQHandler                         0x080001ef   Thumb Code     0  startup_stm32f10x_hd.o(.text)
    UART5_IRQHandler                         0x080001ef   Thumb Code     0  startup_stm32f10x_hd.o(.text)
    USART3_IRQHandler                        0x080001ef   Thumb Code     0  startup_stm32f10x_hd.o(.text)
    USBWakeUp_IRQHandler                     0x080001ef   Thumb Code     0  startup_stm32f10x_hd.o(.text)
    USB_HP_CAN1_TX_IRQHandler                0x080001ef   Thumb Code     0  startup_stm32f10x_hd.o(.text)
    USB_LP_CAN1_RX0_IRQHandler               0x080001ef   Thumb Code     0  startup_stm32f10x_hd.o(.text)
    WWDG_IRQHandler                          0x080001ef   Thumb Code     0  startup_stm32f10x_hd.o(.text)
    __user_initial_stackheap                 0x080001f1   Thumb Code     0  startup_stm32f10x_hd.o(.text)
    __use_no_semihosting                     0x08000215   Thumb Code     2  use_no_semi_2.o(.text)
    __2sprintf                               0x08000219   Thumb Code    34  noretval__2sprintf.o(.text)
    __printf                                 0x08000241   Thumb Code   104  __printf.o(.text)
    _printf_int_dec                          0x080002a9   Thumb Code   104  _printf_dec.o(.text)
    __use_two_region_memory                  0x08000321   Thumb Code     2  heapauxi.o(.text)
    __rt_heap_escrow$2region                 0x08000323   Thumb Code     2  heapauxi.o(.text)
    __rt_heap_expand$2region                 0x08000325   Thumb Code     2  heapauxi.o(.text)
    __I$use$semihosting                      0x08000327   Thumb Code     0  use_no_semi.o(.text)
    __use_no_semihosting_swi                 0x08000327   Thumb Code     2  use_no_semi.o(.text)
    _printf_int_common                       0x08000329   Thumb Code   178  _printf_intcommon.o(.text)
    _printf_char_common                      0x080003e7   Thumb Code    32  _printf_char_common.o(.text)
    _sputc                                   0x0800040d   Thumb Code    10  _sputc.o(.text)
    __user_setup_stackheap                   0x08000417   Thumb Code    74  sys_stackheap_outer.o(.text)
    exit                                     0x08000461   Thumb Code    18  exit.o(.text)
    __user_libspace                          0x08000475   Thumb Code     8  libspace.o(.text)
    __user_perproc_libspace                  0x08000475   Thumb Code     0  libspace.o(.text)
    __user_perthread_libspace                0x08000475   Thumb Code     0  libspace.o(.text)
    BusFault_Handler                         0x0800047d   Thumb Code     4  stm32f10x_it.o(i.BusFault_Handler)
    CalculFromGray                           0x08000481   Thumb Code   288  gray.o(i.CalculFromGray)
    Control_Straight                         0x080005a9   Thumb Code  1008  control.o(i.Control_Straight)
    Control_grayInit                         0x080009c5   Thumb Code     8  control.o(i.Control_grayInit)
    Control_pidInit                          0x080009cd   Thumb Code   116  control.o(i.Control_pidInit)
    Control_pwmInit                          0x08000a51   Thumb Code    42  control.o(i.Control_pwmInit)
    DebugMon_Handler                         0x08000a7b   Thumb Code     2  stm32f10x_it.o(i.DebugMon_Handler)
    EXTI9_5_IRQHandler                       0x08000a7d   Thumb Code   106  ultrasonic.o(i.EXTI9_5_IRQHandler)
    EXTI_ClearITPendingBit                   0x08000af9   Thumb Code     6  stm32f10x_exti.o(i.EXTI_ClearITPendingBit)
    EXTI_GetITStatus                         0x08000b05   Thumb Code    34  stm32f10x_exti.o(i.EXTI_GetITStatus)
    EXTI_Init                                0x08000b2d   Thumb Code   142  stm32f10x_exti.o(i.EXTI_Init)
    GPIO_EXTILineConfig                      0x08000bc1   Thumb Code    60  stm32f10x_gpio.o(i.GPIO_EXTILineConfig)
    GPIO_Init                                0x08000c01   Thumb Code   278  stm32f10x_gpio.o(i.GPIO_Init)
    GPIO_PinRemapConfig                      0x08000d19   Thumb Code   138  stm32f10x_gpio.o(i.GPIO_PinRemapConfig)
    GPIO_ResetBits                           0x08000da9   Thumb Code     4  stm32f10x_gpio.o(i.GPIO_ResetBits)
    GPIO_SetBits                             0x08000dad   Thumb Code     4  stm32f10x_gpio.o(i.GPIO_SetBits)
    Gray_Init                                0x08000db1   Thumb Code    68  gray.o(i.Gray_Init)
    HardFault_Handler                        0x08000dfd   Thumb Code     4  stm32f10x_it.o(i.HardFault_Handler)
    MemManage_Handler                        0x08000e01   Thumb Code     4  stm32f10x_it.o(i.MemManage_Handler)
    NMI_Handler                              0x08000e05   Thumb Code     2  stm32f10x_it.o(i.NMI_Handler)
    NVIC_Init                                0x08000e09   Thumb Code   100  misc.o(i.NVIC_Init)
    NVIC_PriorityGroupConfig                 0x08000e79   Thumb Code    10  misc.o(i.NVIC_PriorityGroupConfig)
    PWMrotateInit                            0x08000e8d   Thumb Code    14  pwm.o(i.PWMrotateInit)
    PWMstraightInit                          0x08000ea1   Thumb Code    14  pwm.o(i.PWMstraightInit)
    PendSV_Handler                           0x08000eb5   Thumb Code     2  stm32f10x_it.o(i.PendSV_Handler)
    RCC_APB1PeriphClockCmd                   0x08000eb9   Thumb Code    26  stm32f10x_rcc.o(i.RCC_APB1PeriphClockCmd)
    RCC_APB2PeriphClockCmd                   0x08000ed9   Thumb Code    26  stm32f10x_rcc.o(i.RCC_APB2PeriphClockCmd)
    RCC_GetClocksFreq                        0x08000ef9   Thumb Code   192  stm32f10x_rcc.o(i.RCC_GetClocksFreq)
    Read_Gray                                0x08000fcd   Thumb Code   104  gray.o(i.Read_Gray)
    Read_Gray0                               0x08001045   Thumb Code    30  gray.o(i.Read_Gray0)
    Read_Gray1                               0x08001069   Thumb Code    28  gray.o(i.Read_Gray1)
    Read_Gray2                               0x08001089   Thumb Code    32  gray.o(i.Read_Gray2)
    Read_Gray3                               0x080010ad   Thumb Code    32  gray.o(i.Read_Gray3)
    SVC_Handler                              0x080010d1   Thumb Code     2  stm32f10x_it.o(i.SVC_Handler)
    SysTick_CLKSourceConfig                  0x080011bd   Thumb Code    40  misc.o(i.SysTick_CLKSourceConfig)
    SysTick_Handler                          0x080011e5   Thumb Code     2  stm32f10x_it.o(i.SysTick_Handler)
    SystemInit                               0x080011e9   Thumb Code    78  system_stm32f10x.o(i.SystemInit)
    TIM3_IRQHandler                          0x08001249   Thumb Code    38  pwm.o(i.TIM3_IRQHandler)
    TIM3_PWM_Init                            0x08001279   Thumb Code   234  pwm.o(i.TIM3_PWM_Init)
    TIM4_IRQHandler                          0x08001379   Thumb Code    56  timer.o(i.TIM4_IRQHandler)
    TIM5_Configuration                       0x080013c1   Thumb Code    42  ultrasonic.o(i.TIM5_Configuration)
    TIM_ClearITPendingBit                    0x080013f1   Thumb Code     6  stm32f10x_tim.o(i.TIM_ClearITPendingBit)
    TIM_Cmd                                  0x080013f7   Thumb Code    24  stm32f10x_tim.o(i.TIM_Cmd)
    TIM_GetCounter                           0x0800140f   Thumb Code     6  stm32f10x_tim.o(i.TIM_GetCounter)
    TIM_GetITStatus                          0x08001415   Thumb Code    34  stm32f10x_tim.o(i.TIM_GetITStatus)
    TIM_OC1Init                              0x08001439   Thumb Code   132  stm32f10x_tim.o(i.TIM_OC1Init)
    TIM_OC1PreloadConfig                     0x080014d1   Thumb Code    18  stm32f10x_tim.o(i.TIM_OC1PreloadConfig)
    TIM_OC2Init                              0x080014e5   Thumb Code   154  stm32f10x_tim.o(i.TIM_OC2Init)
    TIM_OC2PreloadConfig                     0x08001589   Thumb Code    26  stm32f10x_tim.o(i.TIM_OC2PreloadConfig)
    TIM_OC3Init                              0x080015a5   Thumb Code   150  stm32f10x_tim.o(i.TIM_OC3Init)
    TIM_OC3PreloadConfig                     0x08001645   Thumb Code    18  stm32f10x_tim.o(i.TIM_OC3PreloadConfig)
    TIM_OC4Init                              0x08001659   Thumb Code   114  stm32f10x_tim.o(i.TIM_OC4Init)
    TIM_OC4PreloadConfig                     0x080016d5   Thumb Code    26  stm32f10x_tim.o(i.TIM_OC4PreloadConfig)
    TIM_SetCompare1                          0x080016ef   Thumb Code     4  stm32f10x_tim.o(i.TIM_SetCompare1)
    TIM_SetCompare2                          0x080016f3   Thumb Code     4  stm32f10x_tim.o(i.TIM_SetCompare2)
    TIM_SetCompare3                          0x080016f7   Thumb Code     4  stm32f10x_tim.o(i.TIM_SetCompare3)
    TIM_SetCompare4                          0x080016fb   Thumb Code     6  stm32f10x_tim.o(i.TIM_SetCompare4)
    TIM_TimeBaseInit                         0x08001701   Thumb Code   122  stm32f10x_tim.o(i.TIM_TimeBaseInit)
    USART1_IRQHandler                        0x080017a5   Thumb Code   140  usart.o(i.USART1_IRQHandler)
    USART2_IRQHandler                        0x0800183d   Thumb Code   136  usart.o(i.USART2_IRQHandler)
    USART_Cmd                                0x080018d1   Thumb Code    24  stm32f10x_usart.o(i.USART_Cmd)
    USART_GetFlagStatus                      0x080018e9   Thumb Code    26  stm32f10x_usart.o(i.USART_GetFlagStatus)
    USART_GetITStatus                        0x08001903   Thumb Code    84  stm32f10x_usart.o(i.USART_GetITStatus)
    USART_ITConfig                           0x08001957   Thumb Code    74  stm32f10x_usart.o(i.USART_ITConfig)
    USART_Init                               0x080019a1   Thumb Code   210  stm32f10x_usart.o(i.USART_Init)
    USART_ReceiveData                        0x08001a79   Thumb Code    10  stm32f10x_usart.o(i.USART_ReceiveData)
    USART_SendData                           0x08001a83   Thumb Code     8  stm32f10x_usart.o(i.USART_SendData)
    UsageFault_Handler                       0x08001a8b   Thumb Code     4  stm32f10x_it.o(i.UsageFault_Handler)
    Usart_SendString                         0x08001a8f   Thumb Code    54  usart.o(i.Usart_SendString)
    _sys_exit                                0x08001ac5   Thumb Code     6  usart.o(i._sys_exit)
    connect_raspi                            0x08001acd   Thumb Code   110  raspi.o(i.connect_raspi)
    delay_init                               0x08001b51   Thumb Code    50  delay.o(i.delay_init)
    delay_ms                                 0x08001b95   Thumb Code    72  delay.o(i.delay_ms)
    get_motor                                0x08001be1   Thumb Code   686  usart.o(i.get_motor)
    increpid                                 0x08001ecd   Thumb Code   114  pid.o(i.increpid)
    main                                     0x08001f41   Thumb Code  1204  main.o(i.main)
    pidInit                                  0x08002409   Thumb Code    18  pid.o(i.pidInit)
    pidSetPoint                              0x0800241b   Thumb Code     4  pid.o(i.pidSetPoint)
    pidSetpara                               0x0800241f   Thumb Code     8  pid.o(i.pidSetpara)
    push_quest                               0x08002429   Thumb Code   474  raspi.o(i.push_quest)
    request_colorList                        0x0800260d   Thumb Code    28  raspi.o(i.request_colorList)
    straight                                 0x0800262d   Thumb Code   330  pwm.o(i.straight)
    uart1_init                               0x08002789   Thumb Code   152  usart.o(i.uart1_init)
    uart2_init                               0x08002829   Thumb Code   156  usart.o(i.uart2_init)
    ultrasonic_GPIO_init                     0x080028cd   Thumb Code   112  ultrasonic.o(i.ultrasonic_GPIO_init)
    ultrasonic_IRQ_init                      0x08002945   Thumb Code    42  ultrasonic.o(i.ultrasonic_IRQ_init)
    __aeabi_d2f                              0x08002971   Thumb Code     0  d2f.o(x$fpl$d2f)
    _d2f                                     0x08002971   Thumb Code    98  d2f.o(x$fpl$d2f)
    __aeabi_dadd                             0x080029d5   Thumb Code     0  daddsub_clz.o(x$fpl$dadd)
    _dadd                                    0x080029d5   Thumb Code   332  daddsub_clz.o(x$fpl$dadd)
    __fpl_dcmp_Inf                           0x08002b25   Thumb Code    24  dcmpi.o(x$fpl$dcmpinf)
    __aeabi_ddiv                             0x08002b3d   Thumb Code     0  ddiv.o(x$fpl$ddiv)
    _ddiv                                    0x08002b3d   Thumb Code   552  ddiv.o(x$fpl$ddiv)
    __aeabi_cdcmple                          0x08002ded   Thumb Code     0  dleqf.o(x$fpl$dleqf)
    _dcmple                                  0x08002ded   Thumb Code   120  dleqf.o(x$fpl$dleqf)
    __fpl_dcmple_InfNaN                      0x08002e4f   Thumb Code     0  dleqf.o(x$fpl$dleqf)
    __fpl_dnaninf                            0x08002e65   Thumb Code   156  dnaninf.o(x$fpl$dnaninf)
    __fpl_dretinf                            0x08002f01   Thumb Code    12  dretinf.o(x$fpl$dretinf)
    __aeabi_cdrcmple                         0x08002f0d   Thumb Code     0  drleqf.o(x$fpl$drleqf)
    _drcmple                                 0x08002f0d   Thumb Code   108  drleqf.o(x$fpl$drleqf)
    __aeabi_dsub                             0x08002f79   Thumb Code     0  daddsub_clz.o(x$fpl$dsub)
    _dsub                                    0x08002f79   Thumb Code   464  daddsub_clz.o(x$fpl$dsub)
    __aeabi_f2d                              0x0800314d   Thumb Code     0  f2d.o(x$fpl$f2d)
    _f2d                                     0x0800314d   Thumb Code    86  f2d.o(x$fpl$f2d)
    __aeabi_fadd                             0x080031a5   Thumb Code     0  faddsub_clz.o(x$fpl$fadd)
    _fadd                                    0x080031a5   Thumb Code   196  faddsub_clz.o(x$fpl$fadd)
    __fpl_fcmp_Inf                           0x08003269   Thumb Code    24  fcmpi.o(x$fpl$fcmpinf)
    __aeabi_f2iz                             0x08003281   Thumb Code     0  ffix.o(x$fpl$ffix)
    _ffix                                    0x08003281   Thumb Code    54  ffix.o(x$fpl$ffix)
    __aeabi_i2f                              0x080032b9   Thumb Code     0  fflt_clz.o(x$fpl$fflt)
    _fflt                                    0x080032b9   Thumb Code    48  fflt_clz.o(x$fpl$fflt)
    __aeabi_ui2f                             0x080032e9   Thumb Code     0  fflt_clz.o(x$fpl$ffltu)
    _ffltu                                   0x080032e9   Thumb Code    38  fflt_clz.o(x$fpl$ffltu)
    __aeabi_cfcmple                          0x08003311   Thumb Code     0  fleqf.o(x$fpl$fleqf)
    _fcmple                                  0x08003311   Thumb Code   104  fleqf.o(x$fpl$fleqf)
    __fpl_fcmple_InfNaN                      0x08003363   Thumb Code     0  fleqf.o(x$fpl$fleqf)
    __aeabi_fmul                             0x08003379   Thumb Code     0  fmul.o(x$fpl$fmul)
    _fmul                                    0x08003379   Thumb Code   258  fmul.o(x$fpl$fmul)
    __fpl_fnaninf                            0x0800347b   Thumb Code   140  fnaninf.o(x$fpl$fnaninf)
    __fpl_fretinf                            0x08003507   Thumb Code    10  fretinf.o(x$fpl$fretinf)
    __aeabi_frsub                            0x08003511   Thumb Code     0  faddsub_clz.o(x$fpl$frsb)
    _frsb                                    0x08003511   Thumb Code    20  faddsub_clz.o(x$fpl$frsb)
    __aeabi_fsub                             0x08003525   Thumb Code     0  faddsub_clz.o(x$fpl$fsub)
    _fsub                                    0x08003525   Thumb Code   234  faddsub_clz.o(x$fpl$fsub)
    __I$use$fp                               0x0800360e   Number         0  usenofp.o(x$fpl$usenofp)
    Region$$Table$$Base                      0x08003610   Number         0  anon$$obj.o(Region$$Table)
    Region$$Table$$Limit                     0x08003630   Number         0  anon$$obj.o(Region$$Table)
    gray_request                             0x20000000   Data           1  main.o(.data)
    direction                                0x20000004   Data           4  main.o(.data)
    colorlist                                0x20000008   Data           8  main.o(.data)
    area                                     0x20000010   Data           1  main.o(.data)
    circle_status                            0x20000014   Data           4  main.o(.data)
    cross_count                              0x20000018   Data           4  main.o(.data)
    leftCross_count                          0x2000001c   Data           4  main.o(.data)
    fetch_flag                               0x20000020   Data           1  main.o(.data)
    put_flag                                 0x20000021   Data           1  main.o(.data)
    SystemCoreClock                          0x20000024   Data           4  system_stm32f10x.o(.data)
    AHBPrescTable                            0x20000028   Data          16  system_stm32f10x.o(.data)
    last_trueincre                           0x20000038   Data           4  control.o(.data)
    valid_increnum                           0x2000003c   Data           4  control.o(.data)
    rotate_basic                             0x20000040   Data          16  pwm.o(.data)
    straight_basic                           0x20000050   Data          16  pwm.o(.data)
    TIM4_mode                                0x20000060   Data           1  timer.o(.data)
    mode1_count                              0x20000061   Data           1  timer.o(.data)
    raspi_status                             0x20000062   Data           1  raspi.o(.data)
    color_list                               0x20000063   Data           8  raspi.o(.data)
    cam                                      0x2000006b   Data           1  raspi.o(.data)
    ultrasonic1                              0x2000006c   Data           2  ultrasonic.o(.data)
    valid                                    0x2000006e   Data           1  ultrasonic.o(.data)
    num                                      0x20000074   Data           2  usart.o(.data)
    flag                                     0x20000076   Data           1  usart.o(.data)
    L_flag                                   0x20000077   Data           1  usart.o(.data)
    R_flag                                   0x20000078   Data           1  usart.o(.data)
    P_flag                                   0x20000079   Data           1  usart.o(.data)
    F_flag                                   0x2000007a   Data           1  usart.o(.data)
    G_flag                                   0x2000007b   Data           1  usart.o(.data)
    B_flag                                   0x2000007c   Data           1  usart.o(.data)
    b_flag                                   0x2000007d   Data           1  usart.o(.data)
    s_flag                                   0x2000007e   Data           1  usart.o(.data)
    usart1_len                               0x20000080   Data           2  usart.o(.data)
    usart2_len                               0x20000082   Data           2  usart.o(.data)
    __stdout                                 0x20000084   Data           4  usart.o(.data)
    USART1_RX_STA                            0x20000088   Data           2  usart.o(.data)
    USART2_RX_STA                            0x2000008a   Data           2  usart.o(.data)
    graycal_0                                0x200000a0   Data          24  gray.o(.bss)
    graycal_1                                0x200000b8   Data          24  gray.o(.bss)
    graycal_2                                0x200000d0   Data          24  gray.o(.bss)
    graycal_3                                0x200000e8   Data          24  gray.o(.bss)
    PIDf                                     0x20000100   Data          28  control.o(.bss)
    PIDb                                     0x2000011c   Data          28  control.o(.bss)
    PIDr                                     0x20000138   Data          28  control.o(.bss)
    PIDl                                     0x20000154   Data          28  control.o(.bss)
    information_all                          0x20000170   Data          50  usart.o(.bss)
    USART1_RX_BUF                            0x200001a2   Data         200  usart.o(.bss)
    USART2_RX_BUF                            0x2000026a   Data         200  usart.o(.bss)
    __libspace_start                         0x20000334   Data          96  libspace.o(.bss)
    __temporary_stack_top$libspace           0x20000394   Data           0  libspace.o(.bss)



==============================================================================

Memory Map of the image

  Image Entry point : 0x080001d5

  Load Region LR_1 (Base: 0x08000000, Size: 0x000036d0, Max: 0xffffffff, ABSOLUTE)

    Execution Region ER_RO (Base: 0x08000000, Size: 0x00003630, Max: 0xffffffff, ABSOLUTE)

    Base Addr    Size         Type   Attr      Idx    E Section Name        Object

    0x08000000   0x00000130   Data   RO          774    RESET               startup_stm32f10x_hd.o
    0x08000130   0x00000008   Code   RO         1971  * !!!main             c_w.l(__main.o)
    0x08000138   0x00000034   Code   RO         2186    !!!scatter          c_w.l(__scatter.o)
    0x0800016c   0x0000001a   Code   RO         2188    !!handler_copy      c_w.l(__scatter_copy.o)
    0x08000186   0x00000002   PAD
    0x08000188   0x0000001c   Code   RO         2190    !!handler_zi        c_w.l(__scatter_zi.o)
    0x080001a4   0x00000000   Code   RO         1968    .ARM.Collect$$_printf_percent$$00000000  c_w.l(_printf_percent.o)
    0x080001a4   0x00000006   Code   RO         1967    .ARM.Collect$$_printf_percent$$00000009  c_w.l(_printf_d.o)
    0x080001aa   0x00000004   Code   RO         2018    .ARM.Collect$$_printf_percent$$00000017  c_w.l(_printf_percent_end.o)
    0x080001ae   0x00000002   Code   RO         2060    .ARM.Collect$$libinit$$00000000  c_w.l(libinit.o)
    0x080001b0   0x00000000   Code   RO         2067    .ARM.Collect$$libinit$$00000002  c_w.l(libinit2.o)
    0x080001b0   0x00000000   Code   RO         2069    .ARM.Collect$$libinit$$00000004  c_w.l(libinit2.o)
    0x080001b0   0x00000000   Code   RO         2072    .ARM.Collect$$libinit$$0000000A  c_w.l(libinit2.o)
    0x080001b0   0x00000000   Code   RO         2074    .ARM.Collect$$libinit$$0000000C  c_w.l(libinit2.o)
    0x080001b0   0x00000000   Code   RO         2076    .ARM.Collect$$libinit$$0000000E  c_w.l(libinit2.o)
    0x080001b0   0x00000000   Code   RO         2079    .ARM.Collect$$libinit$$00000011  c_w.l(libinit2.o)
    0x080001b0   0x00000000   Code   RO         2081    .ARM.Collect$$libinit$$00000013  c_w.l(libinit2.o)
    0x080001b0   0x00000000   Code   RO         2083    .ARM.Collect$$libinit$$00000015  c_w.l(libinit2.o)
    0x080001b0   0x00000000   Code   RO         2085    .ARM.Collect$$libinit$$00000017  c_w.l(libinit2.o)
    0x080001b0   0x00000000   Code   RO         2087    .ARM.Collect$$libinit$$00000019  c_w.l(libinit2.o)
    0x080001b0   0x00000000   Code   RO         2089    .ARM.Collect$$libinit$$0000001B  c_w.l(libinit2.o)
    0x080001b0   0x00000000   Code   RO         2091    .ARM.Collect$$libinit$$0000001D  c_w.l(libinit2.o)
    0x080001b0   0x00000000   Code   RO         2093    .ARM.Collect$$libinit$$0000001F  c_w.l(libinit2.o)
    0x080001b0   0x00000000   Code   RO         2095    .ARM.Collect$$libinit$$00000021  c_w.l(libinit2.o)
    0x080001b0   0x00000000   Code   RO         2097    .ARM.Collect$$libinit$$00000023  c_w.l(libinit2.o)
    0x080001b0   0x00000000   Code   RO         2099    .ARM.Collect$$libinit$$00000025  c_w.l(libinit2.o)
    0x080001b0   0x00000000   Code   RO         2103    .ARM.Collect$$libinit$$0000002C  c_w.l(libinit2.o)
    0x080001b0   0x00000000   Code   RO         2105    .ARM.Collect$$libinit$$0000002E  c_w.l(libinit2.o)
    0x080001b0   0x00000000   Code   RO         2107    .ARM.Collect$$libinit$$00000030  c_w.l(libinit2.o)
    0x080001b0   0x00000000   Code   RO         2109    .ARM.Collect$$libinit$$00000032  c_w.l(libinit2.o)
    0x080001b0   0x00000002   Code   RO         2110    .ARM.Collect$$libinit$$00000033  c_w.l(libinit2.o)
    0x080001b2   0x00000002   Code   RO         2128    .ARM.Collect$$libshutdown$$00000000  c_w.l(libshutdown.o)
    0x080001b4   0x00000000   Code   RO         2138    .ARM.Collect$$libshutdown$$00000002  c_w.l(libshutdown2.o)
    0x080001b4   0x00000000   Code   RO         2140    .ARM.Collect$$libshutdown$$00000004  c_w.l(libshutdown2.o)
    0x080001b4   0x00000000   Code   RO         2143    .ARM.Collect$$libshutdown$$00000007  c_w.l(libshutdown2.o)
    0x080001b4   0x00000000   Code   RO         2146    .ARM.Collect$$libshutdown$$0000000A  c_w.l(libshutdown2.o)
    0x080001b4   0x00000000   Code   RO         2148    .ARM.Collect$$libshutdown$$0000000C  c_w.l(libshutdown2.o)
    0x080001b4   0x00000000   Code   RO         2151    .ARM.Collect$$libshutdown$$0000000F  c_w.l(libshutdown2.o)
    0x080001b4   0x00000002   Code   RO         2152    .ARM.Collect$$libshutdown$$00000010  c_w.l(libshutdown2.o)
    0x080001b6   0x00000000   Code   RO         2011    .ARM.Collect$$rtentry$$00000000  c_w.l(__rtentry.o)
    0x080001b6   0x00000000   Code   RO         2033    .ARM.Collect$$rtentry$$00000002  c_w.l(__rtentry2.o)
    0x080001b6   0x00000006   Code   RO         2045    .ARM.Collect$$rtentry$$00000004  c_w.l(__rtentry4.o)
    0x080001bc   0x00000000   Code   RO         2035    .ARM.Collect$$rtentry$$00000009  c_w.l(__rtentry2.o)
    0x080001bc   0x00000004   Code   RO         2036    .ARM.Collect$$rtentry$$0000000A  c_w.l(__rtentry2.o)
    0x080001c0   0x00000000   Code   RO         2038    .ARM.Collect$$rtentry$$0000000C  c_w.l(__rtentry2.o)
    0x080001c0   0x00000008   Code   RO         2039    .ARM.Collect$$rtentry$$0000000D  c_w.l(__rtentry2.o)
    0x080001c8   0x00000002   Code   RO         2064    .ARM.Collect$$rtexit$$00000000  c_w.l(rtexit.o)
    0x080001ca   0x00000000   Code   RO         2112    .ARM.Collect$$rtexit$$00000002  c_w.l(rtexit2.o)
    0x080001ca   0x00000004   Code   RO         2113    .ARM.Collect$$rtexit$$00000003  c_w.l(rtexit2.o)
    0x080001ce   0x00000006   Code   RO         2114    .ARM.Collect$$rtexit$$00000004  c_w.l(rtexit2.o)
    0x080001d4   0x00000040   Code   RO          775  * .text               startup_stm32f10x_hd.o
    0x08000214   0x00000002   Code   RO         1937    .text               c_w.l(use_no_semi_2.o)
    0x08000216   0x00000002   PAD
    0x08000218   0x00000028   Code   RO         1941    .text               c_w.l(noretval__2sprintf.o)
    0x08000240   0x00000068   Code   RO         1943    .text               c_w.l(__printf.o)
    0x080002a8   0x00000078   Code   RO         1945    .text               c_w.l(_printf_dec.o)
    0x08000320   0x00000006   Code   RO         1969    .text               c_w.l(heapauxi.o)
    0x08000326   0x00000002   Code   RO         2009    .text               c_w.l(use_no_semi.o)
    0x08000328   0x000000b2   Code   RO         2012    .text               c_w.l(_printf_intcommon.o)
    0x080003da   0x00000002   PAD
    0x080003dc   0x00000030   Code   RO         2014    .text               c_w.l(_printf_char_common.o)
    0x0800040c   0x0000000a   Code   RO         2016    .text               c_w.l(_sputc.o)
    0x08000416   0x0000004a   Code   RO         2051    .text               c_w.l(sys_stackheap_outer.o)
    0x08000460   0x00000012   Code   RO         2053    .text               c_w.l(exit.o)
    0x08000472   0x00000002   PAD
    0x08000474   0x00000008   Code   RO         2061    .text               c_w.l(libspace.o)
    0x0800047c   0x00000004   Code   RO          144    i.BusFault_Handler  stm32f10x_it.o
    0x08000480   0x00000128   Code   RO          267    i.CalculFromGray    gray.o
    0x080005a8   0x0000041c   Code   RO          362    i.Control_Straight  control.o
    0x080009c4   0x00000008   Code   RO          364    i.Control_grayInit  control.o
    0x080009cc   0x00000084   Code   RO          365    i.Control_pidInit   control.o
    0x08000a50   0x0000002a   Code   RO          366    i.Control_pwmInit   control.o
    0x08000a7a   0x00000002   Code   RO          145    i.DebugMon_Handler  stm32f10x_it.o
    0x08000a7c   0x0000007c   Code   RO          585    i.EXTI9_5_IRQHandler  ultrasonic.o
    0x08000af8   0x0000000c   Code   RO         1882    i.EXTI_ClearITPendingBit  stm32f10x_exti.o
    0x08000b04   0x00000028   Code   RO         1886    i.EXTI_GetITStatus  stm32f10x_exti.o
    0x08000b2c   0x00000094   Code   RO         1887    i.EXTI_Init         stm32f10x_exti.o
    0x08000bc0   0x00000040   Code   RO          818    i.GPIO_EXTILineConfig  stm32f10x_gpio.o
    0x08000c00   0x00000116   Code   RO          821    i.GPIO_Init         stm32f10x_gpio.o
    0x08000d16   0x00000002   PAD
    0x08000d18   0x00000090   Code   RO          823    i.GPIO_PinRemapConfig  stm32f10x_gpio.o
    0x08000da8   0x00000004   Code   RO          828    i.GPIO_ResetBits    stm32f10x_gpio.o
    0x08000dac   0x00000004   Code   RO          829    i.GPIO_SetBits      stm32f10x_gpio.o
    0x08000db0   0x0000004c   Code   RO          268    i.Gray_Init         gray.o
    0x08000dfc   0x00000004   Code   RO          146    i.HardFault_Handler  stm32f10x_it.o
    0x08000e00   0x00000004   Code   RO          147    i.MemManage_Handler  stm32f10x_it.o
    0x08000e04   0x00000002   Code   RO          148    i.NMI_Handler       stm32f10x_it.o
    0x08000e06   0x00000002   PAD
    0x08000e08   0x00000070   Code   RO          779    i.NVIC_Init         misc.o
    0x08000e78   0x00000014   Code   RO          780    i.NVIC_PriorityGroupConfig  misc.o
    0x08000e8c   0x00000014   Code   RO          411    i.PWMrotateInit     pwm.o
    0x08000ea0   0x00000014   Code   RO          413    i.PWMstraightInit   pwm.o
    0x08000eb4   0x00000002   Code   RO          149    i.PendSV_Handler    stm32f10x_it.o
    0x08000eb6   0x00000002   PAD
    0x08000eb8   0x00000020   Code   RO          955    i.RCC_APB1PeriphClockCmd  stm32f10x_rcc.o
    0x08000ed8   0x00000020   Code   RO          957    i.RCC_APB2PeriphClockCmd  stm32f10x_rcc.o
    0x08000ef8   0x000000d4   Code   RO          965    i.RCC_GetClocksFreq  stm32f10x_rcc.o
    0x08000fcc   0x00000078   Code   RO          269    i.Read_Gray         gray.o
    0x08001044   0x00000024   Code   RO          270    i.Read_Gray0        gray.o
    0x08001068   0x00000020   Code   RO          271    i.Read_Gray1        gray.o
    0x08001088   0x00000024   Code   RO          272    i.Read_Gray2        gray.o
    0x080010ac   0x00000024   Code   RO          273    i.Read_Gray3        gray.o
    0x080010d0   0x00000002   Code   RO          150    i.SVC_Handler       stm32f10x_it.o
    0x080010d2   0x00000008   Code   RO          233    i.SetSysClock       system_stm32f10x.o
    0x080010da   0x00000002   PAD
    0x080010dc   0x000000e0   Code   RO          234    i.SetSysClockTo72   system_stm32f10x.o
    0x080011bc   0x00000028   Code   RO          783    i.SysTick_CLKSourceConfig  misc.o
    0x080011e4   0x00000002   Code   RO          151    i.SysTick_Handler   stm32f10x_it.o
    0x080011e6   0x00000002   PAD
    0x080011e8   0x00000060   Code   RO          236    i.SystemInit        system_stm32f10x.o
    0x08001248   0x00000030   Code   RO          415    i.TIM3_IRQHandler   pwm.o
    0x08001278   0x00000100   Code   RO          417    i.TIM3_PWM_Init     pwm.o
    0x08001378   0x00000048   Code   RO          483    i.TIM4_IRQHandler   timer.o
    0x080013c0   0x00000030   Code   RO          586    i.TIM5_Configuration  ultrasonic.o
    0x080013f0   0x00000006   Code   RO         1344    i.TIM_ClearITPendingBit  stm32f10x_tim.o
    0x080013f6   0x00000018   Code   RO         1349    i.TIM_Cmd           stm32f10x_tim.o
    0x0800140e   0x00000006   Code   RO         1368    i.TIM_GetCounter    stm32f10x_tim.o
    0x08001414   0x00000022   Code   RO         1370    i.TIM_GetITStatus   stm32f10x_tim.o
    0x08001436   0x00000002   PAD
    0x08001438   0x00000098   Code   RO         1378    i.TIM_OC1Init       stm32f10x_tim.o
    0x080014d0   0x00000012   Code   RO         1381    i.TIM_OC1PreloadConfig  stm32f10x_tim.o
    0x080014e2   0x00000002   PAD
    0x080014e4   0x000000a4   Code   RO         1383    i.TIM_OC2Init       stm32f10x_tim.o
    0x08001588   0x0000001a   Code   RO         1386    i.TIM_OC2PreloadConfig  stm32f10x_tim.o
    0x080015a2   0x00000002   PAD
    0x080015a4   0x000000a0   Code   RO         1388    i.TIM_OC3Init       stm32f10x_tim.o
    0x08001644   0x00000012   Code   RO         1391    i.TIM_OC3PreloadConfig  stm32f10x_tim.o
    0x08001656   0x00000002   PAD
    0x08001658   0x0000007c   Code   RO         1393    i.TIM_OC4Init       stm32f10x_tim.o
    0x080016d4   0x0000001a   Code   RO         1395    i.TIM_OC4PreloadConfig  stm32f10x_tim.o
    0x080016ee   0x00000004   Code   RO         1410    i.TIM_SetCompare1   stm32f10x_tim.o
    0x080016f2   0x00000004   Code   RO         1411    i.TIM_SetCompare2   stm32f10x_tim.o
    0x080016f6   0x00000004   Code   RO         1412    i.TIM_SetCompare3   stm32f10x_tim.o
    0x080016fa   0x00000006   Code   RO         1413    i.TIM_SetCompare4   stm32f10x_tim.o
    0x08001700   0x000000a4   Code   RO         1420    i.TIM_TimeBaseInit  stm32f10x_tim.o
    0x080017a4   0x00000098   Code   RO          685    i.USART1_IRQHandler  usart.o
    0x0800183c   0x00000094   Code   RO          686    i.USART2_IRQHandler  usart.o
    0x080018d0   0x00000018   Code   RO         1157    i.USART_Cmd         stm32f10x_usart.o
    0x080018e8   0x0000001a   Code   RO         1160    i.USART_GetFlagStatus  stm32f10x_usart.o
    0x08001902   0x00000054   Code   RO         1161    i.USART_GetITStatus  stm32f10x_usart.o
    0x08001956   0x0000004a   Code   RO         1163    i.USART_ITConfig    stm32f10x_usart.o
    0x080019a0   0x000000d8   Code   RO         1164    i.USART_Init        stm32f10x_usart.o
    0x08001a78   0x0000000a   Code   RO         1171    i.USART_ReceiveData  stm32f10x_usart.o
    0x08001a82   0x00000008   Code   RO         1174    i.USART_SendData    stm32f10x_usart.o
    0x08001a8a   0x00000004   Code   RO          152    i.UsageFault_Handler  stm32f10x_it.o
    0x08001a8e   0x00000036   Code   RO          687    i.Usart_SendString  usart.o
    0x08001ac4   0x00000006   Code   RO          688    i._sys_exit         usart.o
    0x08001aca   0x00000002   PAD
    0x08001acc   0x00000084   Code   RO          504    i.connect_raspi     raspi.o
    0x08001b50   0x00000044   Code   RO          630    i.delay_init        delay.o
    0x08001b94   0x0000004c   Code   RO          631    i.delay_ms          delay.o
    0x08001be0   0x000002ec   Code   RO          690    i.get_motor         usart.o
    0x08001ecc   0x00000072   Code   RO          322    i.increpid          pid.o
    0x08001f3e   0x00000002   PAD
    0x08001f40   0x000004c8   Code   RO            1    i.main              main.o
    0x08002408   0x00000012   Code   RO          323    i.pidInit           pid.o
    0x0800241a   0x00000004   Code   RO          324    i.pidSetPoint       pid.o
    0x0800241e   0x00000008   Code   RO          325    i.pidSetpara        pid.o
    0x08002426   0x00000002   PAD
    0x08002428   0x000001e4   Code   RO          505    i.push_quest        raspi.o
    0x0800260c   0x00000020   Code   RO          507    i.request_colorList  raspi.o
    0x0800262c   0x0000015c   Code   RO          420    i.straight          pwm.o
    0x08002788   0x000000a0   Code   RO          691    i.uart1_init        usart.o
    0x08002828   0x000000a4   Code   RO          692    i.uart2_init        usart.o
    0x080028cc   0x00000078   Code   RO          589    i.ultrasonic_GPIO_init  ultrasonic.o
    0x08002944   0x0000002a   Code   RO          590    i.ultrasonic_IRQ_init  ultrasonic.o
    0x0800296e   0x00000002   PAD
    0x08002970   0x00000062   Code   RO         1973    x$fpl$d2f           fz_ws.l(d2f.o)
    0x080029d2   0x00000002   PAD
    0x080029d4   0x00000150   Code   RO         1975    x$fpl$dadd          fz_ws.l(daddsub_clz.o)
    0x08002b24   0x00000018   Code   RO         2049    x$fpl$dcmpinf       fz_ws.l(dcmpi.o)
    0x08002b3c   0x000002b0   Code   RO         1982    x$fpl$ddiv          fz_ws.l(ddiv.o)
    0x08002dec   0x00000078   Code   RO         2019    x$fpl$dleqf         fz_ws.l(dleqf.o)
    0x08002e64   0x0000009c   Code   RO         2021    x$fpl$dnaninf       fz_ws.l(dnaninf.o)
    0x08002f00   0x0000000c   Code   RO         2023    x$fpl$dretinf       fz_ws.l(dretinf.o)
    0x08002f0c   0x0000006c   Code   RO         1985    x$fpl$drleqf        fz_ws.l(drleqf.o)
    0x08002f78   0x000001d4   Code   RO         1977    x$fpl$dsub          fz_ws.l(daddsub_clz.o)
    0x0800314c   0x00000056   Code   RO         1987    x$fpl$f2d           fz_ws.l(f2d.o)
    0x080031a2   0x00000002   PAD
    0x080031a4   0x000000c4   Code   RO         1989    x$fpl$fadd          fz_ws.l(faddsub_clz.o)
    0x08003268   0x00000018   Code   RO         2025    x$fpl$fcmpinf       fz_ws.l(fcmpi.o)
    0x08003280   0x00000036   Code   RO         1995    x$fpl$ffix          fz_ws.l(ffix.o)
    0x080032b6   0x00000002   PAD
    0x080032b8   0x00000030   Code   RO         2000    x$fpl$fflt          fz_ws.l(fflt_clz.o)
    0x080032e8   0x00000026   Code   RO         1999    x$fpl$ffltu         fz_ws.l(fflt_clz.o)
    0x0800330e   0x00000002   PAD
    0x08003310   0x00000068   Code   RO         2005    x$fpl$fleqf         fz_ws.l(fleqf.o)
    0x08003378   0x00000102   Code   RO         2007    x$fpl$fmul          fz_ws.l(fmul.o)
    0x0800347a   0x0000008c   Code   RO         2027    x$fpl$fnaninf       fz_ws.l(fnaninf.o)
    0x08003506   0x0000000a   Code   RO         2029    x$fpl$fretinf       fz_ws.l(fretinf.o)
    0x08003510   0x00000014   Code   RO         1990    x$fpl$frsb          fz_ws.l(faddsub_clz.o)
    0x08003524   0x000000ea   Code   RO         1991    x$fpl$fsub          fz_ws.l(faddsub_clz.o)
    0x0800360e   0x00000000   Code   RO         2031    x$fpl$usenofp       fz_ws.l(usenofp.o)
    0x0800360e   0x00000002   PAD
    0x08003610   0x00000020   Data   RO         2184    Region$$Table       anon$$obj.o


    Execution Region ER_RW (Base: 0x20000000, Size: 0x000000a0, Max: 0xffffffff, ABSOLUTE)

    Base Addr    Size         Type   Attr      Idx    E Section Name        Object

    0x20000000   0x00000022   Data   RW            3    .data               main.o
    0x20000022   0x00000002   PAD
    0x20000024   0x00000014   Data   RW          237    .data               system_stm32f10x.o
    0x20000038   0x00000008   Data   RW          368    .data               control.o
    0x20000040   0x00000020   Data   RW          421    .data               pwm.o
    0x20000060   0x00000002   Data   RW          485    .data               timer.o
    0x20000062   0x0000000a   Data   RW          508    .data               raspi.o
    0x2000006c   0x00000003   Data   RW          591    .data               ultrasonic.o
    0x2000006f   0x00000001   PAD
    0x20000070   0x00000004   Data   RW          633    .data               delay.o
    0x20000074   0x00000018   Data   RW          696    .data               usart.o
    0x2000008c   0x00000014   Data   RW          985    .data               stm32f10x_rcc.o


    Execution Region ER_ZI (Base: 0x200000a0, Size: 0x000008f8, Max: 0xffffffff, ABSOLUTE)

    Base Addr    Size         Type   Attr      Idx    E Section Name        Object

    0x200000a0   0x00000060   Zero   RW          274    .bss                gray.o
    0x20000100   0x00000070   Zero   RW          367    .bss                control.o
    0x20000170   0x000001c2   Zero   RW          695    .bss                usart.o
    0x20000332   0x00000002   PAD
    0x20000334   0x00000060   Zero   RW         2062    .bss                c_w.l(libspace.o)
    0x20000394   0x00000004   PAD
    0x20000398   0x00000200   Zero   RW          773    HEAP                startup_stm32f10x_hd.o
    0x20000598   0x00000400   Zero   RW          772    STACK               startup_stm32f10x_hd.o


==============================================================================

Image component sizes


      Code (inc. data)   RO Data    RW Data    ZI Data      Debug   Object Name

      1234         60          0          8        112       2934   control.o
       144         22          0          4          0       1100   delay.o
       632         50          0          0         96       4793   gray.o
      1224         54          0         34          0     257048   main.o
       172         22          0          0          0       1921   misc.o
       144          0          0          0          0       2456   pid.o
       692         62          0         32          0       3245   pwm.o
       648         36          0         10          0       2435   raspi.o
        64         26        304          0       1536        772   startup_stm32f10x_hd.o
       200         18          0          0          0       1976   stm32f10x_exti.o
       494         10          0          0          0       4284   stm32f10x_gpio.o
        26          0          0          0          0       3398   stm32f10x_it.o
       276         32          0         20          0       4270   stm32f10x_rcc.o
       940         92          0          0          0      10272   stm32f10x_tim.o
       442          6          0          0          0       5893   stm32f10x_usart.o
         0          0          0          0          0         32   sys.o
       328         28          0         20          0       1917   system_stm32f10x.o
        72         16          0          2          0        638   timer.o
       334         32          0          3          0       2479   ultrasonic.o
      1432        102          0         24        450       6730   usart.o

    ----------------------------------------------------------------------
      9524        668        336        160       2196     318593   Object Totals
         0          0         32          0          0          0   (incl. Generated)
        26          0          0          3          2          0   (incl. Padding)

    ----------------------------------------------------------------------

      Code (inc. data)   RO Data    RW Data    ZI Data      Debug   Library Member Name

         8          0          0          0          0         68   __main.o
       104          0          0          0          0         84   __printf.o
         0          0          0          0          0          0   __rtentry.o
        12          0          0          0          0          0   __rtentry2.o
         6          0          0          0          0          0   __rtentry4.o
        52          8          0          0          0          0   __scatter.o
        26          0          0          0          0          0   __scatter_copy.o
        28          0          0          0          0          0   __scatter_zi.o
        48          6          0          0          0         96   _printf_char_common.o
         6          0          0          0          0          0   _printf_d.o
       120         16          0          0          0         92   _printf_dec.o
       178          0          0          0          0         88   _printf_intcommon.o
         0          0          0          0          0          0   _printf_percent.o
         4          0          0          0          0          0   _printf_percent_end.o
        10          0          0          0          0         68   _sputc.o
        18          0          0          0          0         80   exit.o
         6          0          0          0          0        152   heapauxi.o
         2          0          0          0          0          0   libinit.o
         2          0          0          0          0          0   libinit2.o
         2          0          0          0          0          0   libshutdown.o
         2          0          0          0          0          0   libshutdown2.o
         8          4          0          0         96         68   libspace.o
        40          6          0          0          0         84   noretval__2sprintf.o
         2          0          0          0          0          0   rtexit.o
        10          0          0          0          0          0   rtexit2.o
        74          0          0          0          0         80   sys_stackheap_outer.o
         2          0          0          0          0         68   use_no_semi.o
         2          0          0          0          0         68   use_no_semi_2.o
        98          4          0          0          0         92   d2f.o
       804         16          0          0          0        272   daddsub_clz.o
        24          0          0          0          0         68   dcmpi.o
       688        140          0          0          0        208   ddiv.o
       120          4          0          0          0         92   dleqf.o
       156          4          0          0          0         92   dnaninf.o
        12          0          0          0          0         68   dretinf.o
       108          0          0          0          0         80   drleqf.o
        86          4          0          0          0         84   f2d.o
       450          8          0          0          0        236   faddsub_clz.o
        24          0          0          0          0         68   fcmpi.o
        54          4          0          0          0         84   ffix.o
        86          0          0          0          0        136   fflt_clz.o
       104          4          0          0          0         84   fleqf.o
       258          4          0          0          0         84   fmul.o
       140          4          0          0          0         84   fnaninf.o
        10          0          0          0          0         68   fretinf.o
         0          0          0          0          0          0   usenofp.o

    ----------------------------------------------------------------------
      4012        236          0          0        100       2996   Library Totals
        18          0          0          0          4          0   (incl. Padding)

    ----------------------------------------------------------------------

      Code (inc. data)   RO Data    RW Data    ZI Data      Debug   Library Name

       772         40          0          0         96       1096   c_w.l
      3222        196          0          0          0       1900   fz_ws.l

    ----------------------------------------------------------------------
      4012        236          0          0        100       2996   Library Totals

    ----------------------------------------------------------------------

==============================================================================


      Code (inc. data)   RO Data    RW Data    ZI Data      Debug   

     13536        904        336        160       2296     315657   Grand Totals
     13536        904        336        160       2296     315657   ELF Image Totals
     13536        904        336        160          0          0   ROM Totals

==============================================================================

    Total RO  Size (Code + RO Data)                13872 (  13.55kB)
    Total RW  Size (RW Data + ZI Data)              2456 (   2.40kB)
    Total ROM Size (Code + RO Data + RW Data)      14032 (  13.70kB)

==============================================================================

