<html>
<body>
<pre>
<h1>µVision Build Log</h1>
<h2>Tool Versions:</h2>
IDE-Version: ¦ÌVision V5.21.1.0
Copyright (C) 2016 ARM Ltd and ARM Germany GmbH. All rights reserved.
License Information: ljw Microsoft, Microsoft, LIC=BL2VE-5EIV5-WIG5K-ZW2W4-FD8AR-Z7KX7
 
Tool Versions:
Toolchain:       MDK-ARM Professional  Version: 5.21a
Toolchain Path:  C:\Keil_v5\ARM\ARMCC\Bin
C Compiler:      Armcc.exe V5.06 update 3 (build 300)
Assembler:       Armasm.exe V5.06 update 3 (build 300)
Linker/Locator:  ArmLink.exe V5.06 update 3 (build 300)
Library Manager: ArmAr.exe V5.06 update 3 (build 300)
Hex Converter:   FromElf.exe V5.06 update 3 (build 300)
CPU DLL:         SARMCM3.DLL V5.21a
Dialog DLL:      DARMSTM.DLL V1.66.0.1
Target DLL:      STLink\ST-LINKIII-KEIL_SWO.dll V2.0.18.0
Dialog DLL:      TARMSTM.DLL V1.65.0.0
 
<h2>Project:</h2>
E:\RoboGame\RoboGame\ROBOT\USER\LED.uvprojx
Project File Date:  09/09/2018

<h2>Output:</h2>
*** Using Compiler 'V5.06 update 3 (build 300)', folder: 'C:\Keil_v5\ARM\ARMCC\Bin'
Rebuild target 'LED'
compiling stm32f10x_it.c...
compiling main.c...
compiling system_stm32f10x.c...
compiling gray.c...
compiling pid.c...
compiling control.c...
compiling pwm.c...
compiling timer.c...
compiling raspi.c...
compiling ultrasonic.c...
..\HARDWARE\ultrasonic\ultrasonic.c(150): warning:  #550-D: variable "a" was set but never used
  		u16 a;
..\HARDWARE\ultrasonic\ultrasonic.c: 1 warning, 0 errors
compiling h_stm.c...
compiling delay.c...
compiling usart.c...
assembling startup_stm32f10x_hd.s...
compiling sys.c...
compiling stm32f10x_gpio.c...
compiling stm32f10x_dbgmcu.c...
compiling misc.c...
compiling core_cm3.c...
compiling stm32f10x_rcc.c...
compiling stm32f10x_usart.c...
compiling stm32f10x_exti.c...
compiling stm32f10x_tim.c...
linking...
Program Size: Code=12820 RO-data=336 RW-data=176 ZI-data=2280  
FromELF: creating hex file...
"..\OBJ\LED.axf" - 0 Error(s), 1 Warning(s).

<h2>Collection of Component include folders:</h2>
  E:\RoboGame\RoboGame\ROBOT\USER\RTE
  C:\Keil_v5\ARM\PACK\Keil\STM32F1xx_DFP\2.1.0\Device\Include

<h2>Collection of Component Files used:</h2>
Build Time Elapsed:  00:00:08
</pre>
</body>
</html>
