<html>
<body>
<pre>
<h1>µVision Build Log</h1>
<h2>Project:</h2>
E:\robogame\stm32\lixin\PWM\USER\PWM.uvprojx
Project File Date:  09/26/2018

<h2>Output:</h2>
Build target 'PWM'
compiling main.c...
compiling timer.c...
compiling rfid.c...
compiling ultrasonic.c...
compiling switch.c...
compiling motor.c...
compiling MG.c...
compiling usart.c...
compiling test.c...
compiling misc.c...
compiling stm32f10x_gpio.c...
compiling stm32f10x_rcc.c...
compiling stm32f10x_tim.c...
compiling stm32f10x_usart.c...
linking...
..\OBJ\PWM.axf: Warning: L6304W: Duplicate input file ..\obj\misc.o ignored.
..\OBJ\PWM.axf: Warning: L6304W: Duplicate input file ..\obj\stm32f10x_gpio.o ignored.
..\OBJ\PWM.axf: Warning: L6304W: Duplicate input file ..\obj\stm32f10x_rcc.o ignored.
..\OBJ\PWM.axf: Warning: L6304W: Duplicate input file ..\obj\stm32f10x_tim.o ignored.
..\OBJ\PWM.axf: Warning: L6304W: Duplicate input file ..\obj\stm32f10x_usart.o ignored.
Program Size: Code=17272 RO-data=472 RW-data=168 ZI-data=2088  
Finished: 0 information, 5 warning and 0 error messages.
FromELF: creating hex file...
"..\OBJ\PWM.axf" - 0 Error(s), 5 Warning(s).
Load "..\\OBJ\\PWM.axf" 
Error: Flash Download failed  -  Target DLL has been cancelled
Load "..\\OBJ\\PWM.axf" 
Error: Flash Download failed  -  Target DLL has been cancelled
Load "..\\OBJ\\PWM.axf" 
Error: Flash Download failed  -  Target DLL has been cancelled
Load "..\\OBJ\\PWM.axf" 
Error: Flash Download failed  -  Target DLL has been cancelled
Load "..\\OBJ\\PWM.axf" 
Error: Flash Download failed  -  Target DLL has been cancelled
Load "..\\OBJ\\PWM.axf" 
Error: Flash Download failed  -  Target DLL has been cancelled
Load "..\\OBJ\\PWM.axf" 
Error: Flash Download failed  -  Target DLL has been cancelled
Load "..\\OBJ\\PWM.axf" 
Error: Flash Download failed  -  Target DLL has been cancelled
Load "..\\OBJ\\PWM.axf" 
Error: Flash Download failed  -  Target DLL has been cancelled
Load "..\\OBJ\\PWM.axf" 
Error: Flash Download failed  -  Target DLL has been cancelled
Load "..\\OBJ\\PWM.axf" 
Error: Flash Download failed  -  Target DLL has been cancelled
Load "..\\OBJ\\PWM.axf" 
Error: Flash Download failed  -  Target DLL has been cancelled
Load "..\\OBJ\\PWM.axf" 
Error: Flash Download failed  -  Target DLL has been cancelled
Load "..\\OBJ\\PWM.axf" 
Error: Flash Download failed  -  Target DLL has been cancelled
Load "..\\OBJ\\PWM.axf" 
Error: Flash Download failed  -  Target DLL has been cancelled
Load "..\\OBJ\\PWM.axf" 
Error: Flash Download failed  -  Target DLL has been cancelled
Load "..\\OBJ\\PWM.axf" 
Error: Flash Download failed  -  Target DLL has been cancelled
Load "..\\OBJ\\PWM.axf" 
Error: Flash Download failed  -  Target DLL has been cancelled
</pre>
</body>
</html>
